******************************************************************************
                  MSP430 Linker PC v16.9.6                     
******************************************************************************
>> Linked Wed Aug 28 09:29:04 2024

OUTPUT FILE NAME:   <GuyFiles.out>
ENTRY POINT SYMBOL: "_c_int00_noargs_noexit"  address: 0000d760


MEMORY CONFIGURATION

         name            origin    length      used     unused   attr    fill
----------------------  --------  ---------  --------  --------  ----  --------
  SFR                   00000000   00000010  00000000  00000010  RWIX
  PERIPHERALS_8BIT      00000010   000000f0  00000000  000000f0  RWIX
  PERIPHERALS_16BIT     00000100   00000100  00000000  00000100  RWIX
  RAM                   00000200   00000200  0000016b  00000095  RWIX
  INFOD                 00001000   00000040  00000000  00000040  RWIX
  INFOC                 00001040   00000040  00000000  00000040  RWIX
  INFOB                 00001080   00000040  00000000  00000040  RWIX
  INFOA                 000010c0   00000040  00000000  00000040  RWIX
  FLASH                 0000c000   00003fde  00001986  00002658  RWIX
  BSLSIGNATURE          0000ffde   00000002  00000002  00000000  RWIX  ffff 
  INT00                 0000ffe0   00000002  00000002  00000000  RWIX
  INT01                 0000ffe2   00000002  00000000  00000002  RWIX
  INT02                 0000ffe4   00000002  00000002  00000000  RWIX
  INT03                 0000ffe6   00000002  00000002  00000000  RWIX
  INT04                 0000ffe8   00000002  00000000  00000002  RWIX
  INT05                 0000ffea   00000002  00000002  00000000  RWIX
  INT06                 0000ffec   00000002  00000002  00000000  RWIX
  INT07                 0000ffee   00000002  00000002  00000000  RWIX
  INT08                 0000fff0   00000002  00000002  00000000  RWIX
  INT09                 0000fff2   00000002  00000002  00000000  RWIX
  INT10                 0000fff4   00000002  00000002  00000000  RWIX
  INT11                 0000fff6   00000002  00000002  00000000  RWIX
  INT12                 0000fff8   00000002  00000002  00000000  RWIX
  INT13                 0000fffa   00000002  00000002  00000000  RWIX
  INT14                 0000fffc   00000002  00000002  00000000  RWIX
  RESET                 0000fffe   00000002  00000002  00000000  RWIX


SECTION ALLOCATION MAP

 output                                  attributes/
section   page    origin      length       input sections
--------  ----  ----------  ----------   ----------------
.bss       0    00000200    000000ec     UNINITIALIZED
                  00000200    00000050     (.common:Rec_data)
                  00000250    00000050     (.common:RxData)
                  000002a0    0000001a     (.common:file)
                  000002ba    00000010     (.common:arr_print)
                  000002ca    00000010     (.common:arr_print_temp)
                  000002da    00000004     (.common:last_samples)
                  000002de    00000002     (.common:TX_counter)
                  000002e0    00000002     (.common:lpm_mode)
                  000002e2    00000002     (.common:ptr1)
                  000002e4    00000002     (.common:ptr2)
                  000002e6    00000002     (.common:ptr3)
                  000002e8    00000002     (.common:state)
                  000002ea    00000002     (.common:stateStepp)

.data      0    000002ec    0000002f     UNINITIALIZED
                  000002ec    0000001c     halGPIO.obj (.data)
                  00000308    0000000c     api.obj (.data)
                  00000314    00000004     halGPIO.obj (.data:Vx_Vy)
                  00000318    00000003     halGPIO.obj (.data:ACK_string)

.stack     0    000003b0    00000050     UNINITIALIZED
                  000003b0    00000002     rts430_eabi.lib : boot.obj (.stack)
                  000003b2    0000004e     --HOLE--

.text      0    0000c000    00001930     
                  0000c000    00000228     api.obj (.text:start_execution)
                  0000c228    0000020a     halGPIO.obj (.text:USCI0RX_ISR)
                  0000c432    00000178     halGPIO.obj (.text:USCI0TX_ISR)
                  0000c5aa    0000011e     halGPIO.obj (.text:move_pointer_to_specific_deg)
                  0000c6c8    00000116     rts430_eabi.lib : _printfi_min.obj (.text:_setfield)
                  0000c7de    00000114     halGPIO.obj (.text:tangens)
                  0000c8f2    00000108     api.obj (.text:StepperUsingJoyStick)
                  0000c9fa    00000106     main.obj (.text:main)
                  0000cb00    000000e6     rts430_eabi.lib : _printfi_min.obj (.text:__TI_printfi_minimal)
                  0000cbe6    000000ca                     : _printfi_min.obj (.text:_pproc_diouxp)
                  0000ccb0    000000b4     halGPIO.obj (.text:lcd_init)
                  0000cd64    00000090     api.obj (.text:rrc_LCD)
                  0000cdf4    00000084     halGPIO.obj (.text:convert_integer_to_string)
                  0000ce78    0000007c     rts430_eabi.lib : copy_decompress_lzss.obj (.text:decompress:lzss:__TI_decompress_lzss)
                  0000cef4    00000078     api.obj (.text:Joystick_sample_for_paint)
                  0000cf6c    0000006e     rts430_eabi.lib : autoinit.obj (.text:_auto_init)
                  0000cfda    0000006c     flash.obj (.text:transfer_file_to_flash)
                  0000d046    0000005e     halGPIO.obj (.text:timer_call_counter)
                  0000d0a4    0000005c     halGPIO.obj (.text:convert_hex_to_int)
                  0000d100    0000005a     rts430_eabi.lib : cpy_tbl.obj (.text:copy_in)
                  0000d15a    00000058                     : div32u.obj (.text)
                  0000d1b2    00000054     bsp.obj (.text:GPIOconfig)
                  0000d206    00000054     halGPIO.obj (.text:lcd_data)
                  0000d25a    00000052     api.obj (.text:Script_mode_handler)
                  0000d2ac    0000004c     halGPIO.obj (.text:convert_to_str)
                  0000d2f8    0000004c     rts430_eabi.lib : lsr16.obj (.text)
                  0000d344    00000048     bsp.obj (.text:UART_init)
                  0000d38c    00000040     api.obj (.text:countDOWN)
                  0000d3cc    00000040     api.obj (.text:countUP)
                  0000d40c    00000040     rts430_eabi.lib : div32s.obj (.text)
                  0000d44c    0000003e                     : asr32.obj (.text:l_asr_const)
                  0000d48a    0000003e                     : lsl32.obj (.text:l_lsl_const)
                  0000d4c8    0000003c     halGPIO.obj (.text:lcd_cmd)
                  0000d504    00000038     halGPIO.obj (.text:Joystick_handler)
                  0000d53c    00000038     rts430_eabi.lib : sprintf.obj (.text:sprintf)
                  0000d574    00000030     halGPIO.obj (.text:ACK_to_PC)
                  0000d5a4    00000030     api.obj (.text:calibrate)
                  0000d5d4    0000002c     rts430_eabi.lib : div16s.obj (.text)
                  0000d600    0000002c                     : lsl16.obj (.text)
                  0000d62c    0000002a     api.obj (.text:rotate_anti_clock_direction)
                  0000d656    0000002a     api.obj (.text:rotate_clock_direction)
                  0000d680    0000002a     api.obj (.text:rotate_clock_direction_calibaration)
                  0000d6aa    00000028     api.obj (.text:rst_count_lcd_clr)
                  0000d6d2    00000028     halGPIO.obj (.text:send_degree_to_PC)
                  0000d6fa    00000026     rts430_eabi.lib : mult32.obj (.text)
                  0000d720    00000020     api.obj (.text:JoyStickADC_Steppermotor)
                  0000d740    00000020     halGPIO.obj (.text:TimerA_ISR)
                  0000d760    0000001a     rts430_eabi.lib : boot_special.obj (.text:_c_int00_noargs_noexit)
                  0000d77a    0000001a                     : sprintf.obj (.text:_outs)
                  0000d794    0000001a     halGPIO.obj (.text:delay)
                  0000d7ae    0000001a     rts430_eabi.lib : memccpy.obj (.text:memccpy)
                  0000d7c8    00000018     bsp.obj (.text:ADCconfig)
                  0000d7e0    00000016     bsp.obj (.text:TIMER_A0_config)
                  0000d7f6    00000016     halGPIO.obj (.text:lcd_puts)
                  0000d80c    00000016     rts430_eabi.lib : div16u.obj (.text)
                  0000d822    00000014     halGPIO.obj (.text:DelayMs)
                  0000d836    00000014     rts430_eabi.lib : copy_zero_init.obj (.text:decompress:ZI:__TI_zero_init)
                  0000d84a    00000014                     : memset.obj (.text:memset)
                  0000d85e    00000014                     : mult16.obj (.text)
                  0000d872    00000012                     : sprintf.obj (.text:_outc)
                  0000d884    00000012                     : copy_decompress_none.obj (.text:decompress:none:__TI_decompress_none)
                  0000d896    00000012                     : memcpy.obj (.text:memcpy)
                  0000d8a8    00000012     halGPIO.obj (.text:sysConfig)
                  0000d8ba    00000010     rts430_eabi.lib : epilog.obj (.text)
                  0000d8ca    00000010                     : strcpy.obj (.text:strcpy)
                  0000d8da    0000000e                     : strlen.obj (.text:strlen)
                  0000d8e8    0000000c     halGPIO.obj (.text:DelayUs)
                  0000d8f4    0000000a     halGPIO.obj (.text:TIMERA0_delay_ms)
                  0000d8fe    0000000a     halGPIO.obj (.text:lcd_strobe)
                  0000d908    00000008     halGPIO.obj (.text:ADC10_ISR)
                  0000d910    00000008     rts430_eabi.lib : isr_trap.obj (.text:_isr:__TI_ISR_TRAP)
                  0000d918    00000006     bsp.obj (.text:StopAllTimers)
                  0000d91e    00000006     rts430_eabi.lib : exit.obj (.text:abort)
                  0000d924    00000004                     : pre_init.obj (.text:_system_pre_init)
                  0000d928    00000004     halGPIO.obj (.text:enable_interrupts)
                  0000d92c    00000002     halGPIO.obj (.text:Timer1_A0_ISR)
                  0000d92e    00000002     rts430_eabi.lib : startup.obj (.text:_system_post_cinit)

.binit     0    0000c000    00000000     

.const     0    0000d930    00000024     
                  0000d930    00000014     rts430_eabi.lib : _printfi_min.obj (.const:.string)
                  0000d944    0000000a     halGPIO.obj (.const:.string)
                  0000d94e    00000004     halGPIO.obj (.const:PB_PAINT_str)
                  0000d952    00000002     halGPIO.obj (.const)

.cinit     0    0000d954    00000032     
                  0000d954    0000001f     (.cinit..data.load) [load image, compression = lzss]
                  0000d973    00000001     --HOLE-- [fill = 0]
                  0000d974    00000006     (__TI_handler_table)
                  0000d97a    00000004     (.cinit..bss.load) [load image, compression = zero_init]
                  0000d97e    00000008     (__TI_cinit_table)

.init_array 
*          0    0000c000    00000000     UNINITIALIZED

TRAPINT    0    0000ffe0    00000002     
                  0000ffe0    00000002     rts430_eabi.lib : int00.obj (.int00)

PORT1      0    0000ffe4    00000002     
                  0000ffe4    00000002     halGPIO.obj (.int02)

PORT2      0    0000ffe6    00000002     
                  0000ffe6    00000002     rts430_eabi.lib : int03.obj (.int03)

$fill000   0    0000ffde    00000002     
                  0000ffde    00000002     --HOLE-- [fill = ffff]

ADC10      0    0000ffea    00000002     
                  0000ffea    00000002     halGPIO.obj (.int05)

USCIAB0TX 
*          0    0000ffec    00000002     
                  0000ffec    00000002     halGPIO.obj (.int06)

USCIAB0RX 
*          0    0000ffee    00000002     
                  0000ffee    00000002     halGPIO.obj (.int07)

TIMER0_A1 
*          0    0000fff0    00000002     
                  0000fff0    00000002     rts430_eabi.lib : int08.obj (.int08)

TIMER0_A0 
*          0    0000fff2    00000002     
                  0000fff2    00000002     halGPIO.obj (.int09)

WDT        0    0000fff4    00000002     
                  0000fff4    00000002     rts430_eabi.lib : int10.obj (.int10)

COMPARATORA 
*          0    0000fff6    00000002     
                  0000fff6    00000002     rts430_eabi.lib : int11.obj (.int11)

TIMER1_A1 
*          0    0000fff8    00000002     
                  0000fff8    00000002     rts430_eabi.lib : int12.obj (.int12)

TIMER1_A0 
*          0    0000fffa    00000002     
                  0000fffa    00000002     halGPIO.obj (.int13)

NMI        0    0000fffc    00000002     
                  0000fffc    00000002     rts430_eabi.lib : int14.obj (.int14)

.reset     0    0000fffe    00000002     
                  0000fffe    00000002     rts430_eabi.lib : boot.obj (.reset)

MODULE SUMMARY

       Module                     code   ro data   rw data
       ------                     ----   -------   -------
    .\Source\
       halGPIO.obj                2486   28        239    
       api.obj                    1536   0         12     
       main.obj                   262    0         6      
       bsp.obj                    208    0         0      
       flash.obj                  108    0         26     
    +--+--------------------------+------+---------+---------+
       Total:                     4600   28        283    
                                                          
    C:\ti\ccsv7\tools\compiler\ti-cgt-msp430_16.9.6.LTS\lib\rts430_eabi.lib
       _printfi_min.obj           710    20        0      
       copy_decompress_lzss.obj   124    0         0      
       autoinit.obj               110    0         0      
       sprintf.obj                100    0         0      
       cpy_tbl.obj                90     0         0      
       div32u.obj                 88     0         0      
       lsr16.obj                  76     0         0      
       div32s.obj                 64     0         0      
       asr32.obj                  62     0         0      
       lsl32.obj                  62     0         0      
       div16s.obj                 44     0         0      
       lsl16.obj                  44     0         0      
       mult32.obj                 38     0         0      
       boot_special.obj           26     0         0      
       memccpy.obj                26     0         0      
       div16u.obj                 22     0         0      
       copy_zero_init.obj         20     0         0      
       memset.obj                 20     0         0      
       mult16.obj                 20     0         0      
       copy_decompress_none.obj   18     0         0      
       memcpy.obj                 18     0         0      
       epilog.obj                 16     0         0      
       strcpy.obj                 16     0         0      
       strlen.obj                 14     0         0      
       isr_trap.obj               8      0         0      
       exit.obj                   6      0         0      
       pre_init.obj               4      0         0      
       boot.obj                   0      2         0      
       int00.obj                  0      2         0      
       int03.obj                  0      2         0      
       int08.obj                  0      2         0      
       int10.obj                  0      2         0      
       int11.obj                  0      2         0      
       int12.obj                  0      2         0      
       int14.obj                  0      2         0      
       startup.obj                2      0         0      
    +--+--------------------------+------+---------+---------+
       Total:                     1848   36        0      
                                                          
       Stack:                     0      0         80     
       Linker Generated:          0      49        0      
    +--+--------------------------+------+---------+---------+
       Grand Total:               6448   113       363    


LINKER GENERATED COPY TABLES

__TI_cinit_table @ 0000d97e records: 2, size/record: 4, table size: 8
	.data: load addr=0000d954, load size=0000001f bytes, run addr=000002ec, run size=0000002f bytes, compression=lzss
	.bss: load addr=0000d97a, load size=00000004 bytes, run addr=00000200, run size=000000ec bytes, compression=zero_init


LINKER GENERATED HANDLER TABLE

__TI_handler_table @ 0000d974 records: 3, size/record: 2, table size: 6
	index: 0, handler: __TI_zero_init
	index: 1, handler: __TI_decompress_lzss
	index: 2, handler: __TI_decompress_none


GLOBAL SYMBOLS: SORTED ALPHABETICALLY BY Name 

address   name                               
-------   ----                               
00000318  ACK_string                         
0000d574  ACK_to_PC                          
00000306  ACK_to_PC_IPG                      
0000004a  ADC10AE0                           
000001b0  ADC10CTL0                          
000001b2  ADC10CTL1                          
00000048  ADC10DTC0                          
00000049  ADC10DTC1                          
000001b4  ADC10MEM                           
000001bc  ADC10SA                            
0000d908  ADC10_ISR                          
0000d7c8  ADCconfig                          
00000057  BCSCTL1                            
00000058  BCSCTL2                            
00000053  BCSCTL3                            
0000d91e  C$$EXIT                            
00000059  CACTL1                             
0000005a  CACTL2                             
000010fb  CALBC1_12MHZ                       
000010f9  CALBC1_16MHZ                       
000010ff  CALBC1_1MHZ                        
000010fd  CALBC1_8MHZ                        
000010fa  CALDCO_12MHZ                       
000010f8  CALDCO_16MHZ                       
000010fe  CALDCO_1MHZ                        
000010fc  CALDCO_8MHZ                        
0000005b  CAPD                               
00000056  DCOCTL                             
0000d822  DelayMs                            
0000d8e8  DelayUs                            
000002f8  ExecuteFlag                        
00000128  FCTL1                              
0000012a  FCTL2                              
0000012c  FCTL3                              
000002ee  FIRSTBYTE_FLAG                     
0000d1b2  GPIOconfig                         
00000000  IE1                                
00000001  IE2                                
00000002  IFG1                               
00000003  IFG2                               
0000d720  JoyStickADC_Steppermotor           
0000d504  Joystick_handler                   
0000cef4  Joystick_sample_for_paint          
00000022  P1DIR                              
00000025  P1IE                               
00000024  P1IES                              
00000023  P1IFG                              
00000020  P1IN                               
00000021  P1OUT                              
00000027  P1REN                              
00000026  P1SEL                              
00000041  P1SEL2                             
0000002a  P2DIR                              
0000002d  P2IE                               
0000002c  P2IES                              
0000002b  P2IFG                              
00000028  P2IN                               
00000029  P2OUT                              
0000002f  P2REN                              
0000002e  P2SEL                              
00000042  P2SEL2                             
0000001a  P3DIR                              
00000018  P3IN                               
00000019  P3OUT                              
00000010  P3REN                              
0000001b  P3SEL                              
00000043  P3SEL2                             
0000d94e  PB_PAINT_str                       
00000200  Rec_data                           
00000250  RxData                             
0000d25a  Script_mode_handler                
000002fc  SendFlag                           
0000c8f2  StepperUsingJoyStick               
0000d918  StopAllTimers                      
00000172  TA0CCR0                            
00000174  TA0CCR1                            
00000176  TA0CCR2                            
00000162  TA0CCTL0                           
00000164  TA0CCTL1                           
00000166  TA0CCTL2                           
00000160  TA0CTL                             
0000012e  TA0IV                              
00000170  TA0R                               
00000192  TA1CCR0                            
00000194  TA1CCR1                            
00000196  TA1CCR2                            
00000182  TA1CCTL0                           
00000184  TA1CCTL1                           
00000186  TA1CCTL2                           
00000180  TA1CTL                             
0000011e  TA1IV                              
00000190  TA1R                               
0000d8f4  TIMERA0_delay_ms                   
0000d7e0  TIMER_A0_config                    
000010db  TLV_ADC10_1_LEN                    
000010da  TLV_ADC10_1_TAG                    
000010c0  TLV_CHECKSUM                       
000010f7  TLV_DCO_30_LEN                     
000010f6  TLV_DCO_30_TAG                     
000002de  TX_counter                         
0000d92c  Timer1_A0_ISR                      
0000d740  TimerA_ISR                         
0000d344  UART_init                          
0000005d  UCA0ABCTL                          
00000062  UCA0BR0                            
00000063  UCA0BR1                            
00000060  UCA0CTL0                           
00000061  UCA0CTL1                           
0000005f  UCA0IRRCTL                         
0000005e  UCA0IRTCTL                         
00000064  UCA0MCTL                           
00000066  UCA0RXBUF                          
00000065  UCA0STAT                           
00000067  UCA0TXBUF                          
0000006a  UCB0BR0                            
0000006b  UCB0BR1                            
00000068  UCB0CTL0                           
00000069  UCB0CTL1                           
0000006c  UCB0I2CIE                          
00000118  UCB0I2COA                          
0000011a  UCB0I2CSA                          
0000006e  UCB0RXBUF                          
0000006d  UCB0STAT                           
0000006f  UCB0TXBUF                          
0000c228  USCI0RX_ISR                        
0000c432  USCI0TX_ISR                        
00000310  Vrx                                
00000312  Vry                                
00000314  Vx_Vy                              
00000120  WDTCTL                             
00000400  __STACK_END                        
00000050  __STACK_SIZE                       
UNDEFED   __TI_BINIT_Base                    
UNDEFED   __TI_BINIT_Limit                   
0000d97e  __TI_CINIT_Base                    
0000d986  __TI_CINIT_Limit                   
0000d974  __TI_Handler_Table_Base            
0000d97a  __TI_Handler_Table_Limit           
UNDEFED   __TI_INITARRAY_Base                
UNDEFED   __TI_INITARRAY_Limit               
0000d910  __TI_ISR_TRAP                      
0000ce78  __TI_decompress_lzss               
0000d884  __TI_decompress_none               
0000ffe0  __TI_int00                         
0000ffe4  __TI_int02                         
0000ffe6  __TI_int03                         
0000ffea  __TI_int05                         
0000ffec  __TI_int06                         
0000ffee  __TI_int07                         
0000fff0  __TI_int08                         
0000fff2  __TI_int09                         
0000fff4  __TI_int10                         
0000fff6  __TI_int11                         
0000fff8  __TI_int12                         
0000fffa  __TI_int13                         
0000fffc  __TI_int14                         
ffffffff  __TI_pprof_out_hndl                
0000cb00  __TI_printfi_minimal               
ffffffff  __TI_prof_data_size                
ffffffff  __TI_prof_data_start               
0000d836  __TI_zero_init                     
ffffffff  __c_args__                         
0000d5d4  __mspabi_divi                      
0000d40c  __mspabi_divli                     
0000d80c  __mspabi_divu                      
0000d15a  __mspabi_divul                     
0000d8c6  __mspabi_func_epilog_1             
0000d8c4  __mspabi_func_epilog_2             
0000d8c2  __mspabi_func_epilog_3             
0000d8c0  __mspabi_func_epilog_4             
0000d8be  __mspabi_func_epilog_5             
0000d8bc  __mspabi_func_epilog_6             
0000d8ba  __mspabi_func_epilog_7             
0000d85e  __mspabi_mpyi                      
0000d85e  __mspabi_mpyi_sw                   
0000d6fa  __mspabi_mpyl                      
0000d6fa  __mspabi_mpyl_sw                   
0000d5d4  __mspabi_remi                      
0000d40c  __mspabi_remli                     
0000d80c  __mspabi_remu                      
0000d15a  __mspabi_remul                     
0000d600  __mspabi_slli                      
0000d628  __mspabi_slli_1                    
0000d616  __mspabi_slli_10                   
0000d614  __mspabi_slli_11                   
0000d612  __mspabi_slli_12                   
0000d610  __mspabi_slli_13                   
0000d60e  __mspabi_slli_14                   
0000d60c  __mspabi_slli_15                   
0000d626  __mspabi_slli_2                    
0000d624  __mspabi_slli_3                    
0000d622  __mspabi_slli_4                    
0000d620  __mspabi_slli_5                    
0000d61e  __mspabi_slli_6                    
0000d61c  __mspabi_slli_7                    
0000d61a  __mspabi_slli_8                    
0000d618  __mspabi_slli_9                    
0000d4c2  __mspabi_slll_1                    
0000d49e  __mspabi_slll_10                   
0000d49a  __mspabi_slll_11                   
0000d496  __mspabi_slll_12                   
0000d492  __mspabi_slll_13                   
0000d48e  __mspabi_slll_14                   
0000d48a  __mspabi_slll_15                   
0000d4be  __mspabi_slll_2                    
0000d4ba  __mspabi_slll_3                    
0000d4b6  __mspabi_slll_4                    
0000d4b2  __mspabi_slll_5                    
0000d4ae  __mspabi_slll_6                    
0000d4aa  __mspabi_slll_7                    
0000d4a6  __mspabi_slll_8                    
0000d4a2  __mspabi_slll_9                    
0000d484  __mspabi_sral_1                    
0000d460  __mspabi_sral_10                   
0000d45c  __mspabi_sral_11                   
0000d458  __mspabi_sral_12                   
0000d454  __mspabi_sral_13                   
0000d450  __mspabi_sral_14                   
0000d44c  __mspabi_sral_15                   
0000d480  __mspabi_sral_2                    
0000d47c  __mspabi_sral_3                    
0000d478  __mspabi_sral_4                    
0000d474  __mspabi_sral_5                    
0000d470  __mspabi_sral_6                    
0000d46c  __mspabi_sral_7                    
0000d468  __mspabi_sral_8                    
0000d464  __mspabi_sral_9                    
0000d2f8  __mspabi_srli                      
0000d33e  __mspabi_srli_1                    
0000d31a  __mspabi_srli_10                   
0000d316  __mspabi_srli_11                   
0000d312  __mspabi_srli_12                   
0000d30e  __mspabi_srli_13                   
0000d30a  __mspabi_srli_14                   
0000d306  __mspabi_srli_15                   
0000d33a  __mspabi_srli_2                    
0000d336  __mspabi_srli_3                    
0000d332  __mspabi_srli_4                    
0000d32e  __mspabi_srli_5                    
0000d32a  __mspabi_srli_6                    
0000d326  __mspabi_srli_7                    
0000d322  __mspabi_srli_8                    
0000d31e  __mspabi_srli_9                    
0000cf6c  _auto_init                         
0000d760  _c_int00_noargs_noexit             
0000fffe  _reset_vector                      
000003b0  _stack                             
0000d92e  _system_post_cinit                 
0000d924  _system_pre_init                   
0000d91e  abort                              
000002ba  arr_print                          
000002ca  arr_print_temp                     
0000d5a4  calibrate                          
0000d0a4  convert_hex_to_int                 
0000cdf4  convert_integer_to_string          
0000d2ac  convert_to_str                     
0000d100  copy_in                            
0000d38c  countDOWN                          
0000d3cc  countUP                            
00000302  counter                            
0000030a  counter3                           
0000030c  counter4                           
0000030e  counter5                           
00000304  curr_counter                       
0000d794  delay                              
000002f4  delay_time                         
0000d928  enable_interrupts                  
000002a0  file                               
000002f6  i                                  
000002ec  j                                  
000002da  last_samples                       
0000d4c8  lcd_cmd                            
0000d206  lcd_data                           
0000ccb0  lcd_init                           
0000d7f6  lcd_puts                           
0000d8fe  lcd_strobe                         
000002e0  lpm_mode                           
0000c9fa  main                               
0000d7ae  memccpy                            
0000d896  memcpy                             
0000d84a  memset                             
0000c5aa  move_pointer_to_specific_deg       
000002f0  paint_flag                         
000002e2  ptr1                               
000002e4  ptr2                               
000002e6  ptr3                               
000002f2  rotateIFG                          
00000300  rotateLEDs                         
0000d62c  rotate_anti_clock_direction        
0000d656  rotate_clock_direction             
0000d680  rotate_clock_direction_calibaration
0000cd64  rrc_LCD                            
0000d6aa  rst_count_lcd_clr                  
0000d6d2  send_degree_to_PC                  
0000d53c  sprintf                            
000002fe  startRotateLEDs                    
0000c000  start_execution                    
000002e8  state                              
000002ea  stateStepp                         
0000d8ca  strcpy                             
0000d8da  strlen                             
0000d8a8  sysConfig                          
0000c7de  tangens                            
0000d046  timer_call_counter                 
0000d952  timer_half_sec                     
0000cfda  transfer_file_to_flash             
000002fa  transfer_to_flash                  
00000308  wait_to_execute                    


GLOBAL SYMBOLS: SORTED BY Symbol Address 

address   name                               
-------   ----                               
00000000  IE1                                
00000001  IE2                                
00000002  IFG1                               
00000003  IFG2                               
00000010  P3REN                              
00000018  P3IN                               
00000019  P3OUT                              
0000001a  P3DIR                              
0000001b  P3SEL                              
00000020  P1IN                               
00000021  P1OUT                              
00000022  P1DIR                              
00000023  P1IFG                              
00000024  P1IES                              
00000025  P1IE                               
00000026  P1SEL                              
00000027  P1REN                              
00000028  P2IN                               
00000029  P2OUT                              
0000002a  P2DIR                              
0000002b  P2IFG                              
0000002c  P2IES                              
0000002d  P2IE                               
0000002e  P2SEL                              
0000002f  P2REN                              
00000041  P1SEL2                             
00000042  P2SEL2                             
00000043  P3SEL2                             
00000048  ADC10DTC0                          
00000049  ADC10DTC1                          
0000004a  ADC10AE0                           
00000050  __STACK_SIZE                       
00000053  BCSCTL3                            
00000056  DCOCTL                             
00000057  BCSCTL1                            
00000058  BCSCTL2                            
00000059  CACTL1                             
0000005a  CACTL2                             
0000005b  CAPD                               
0000005d  UCA0ABCTL                          
0000005e  UCA0IRTCTL                         
0000005f  UCA0IRRCTL                         
00000060  UCA0CTL0                           
00000061  UCA0CTL1                           
00000062  UCA0BR0                            
00000063  UCA0BR1                            
00000064  UCA0MCTL                           
00000065  UCA0STAT                           
00000066  UCA0RXBUF                          
00000067  UCA0TXBUF                          
00000068  UCB0CTL0                           
00000069  UCB0CTL1                           
0000006a  UCB0BR0                            
0000006b  UCB0BR1                            
0000006c  UCB0I2CIE                          
0000006d  UCB0STAT                           
0000006e  UCB0RXBUF                          
0000006f  UCB0TXBUF                          
00000118  UCB0I2COA                          
0000011a  UCB0I2CSA                          
0000011e  TA1IV                              
00000120  WDTCTL                             
00000128  FCTL1                              
0000012a  FCTL2                              
0000012c  FCTL3                              
0000012e  TA0IV                              
00000160  TA0CTL                             
00000162  TA0CCTL0                           
00000164  TA0CCTL1                           
00000166  TA0CCTL2                           
00000170  TA0R                               
00000172  TA0CCR0                            
00000174  TA0CCR1                            
00000176  TA0CCR2                            
00000180  TA1CTL                             
00000182  TA1CCTL0                           
00000184  TA1CCTL1                           
00000186  TA1CCTL2                           
00000190  TA1R                               
00000192  TA1CCR0                            
00000194  TA1CCR1                            
00000196  TA1CCR2                            
000001b0  ADC10CTL0                          
000001b2  ADC10CTL1                          
000001b4  ADC10MEM                           
000001bc  ADC10SA                            
00000200  Rec_data                           
00000250  RxData                             
000002a0  file                               
000002ba  arr_print                          
000002ca  arr_print_temp                     
000002da  last_samples                       
000002de  TX_counter                         
000002e0  lpm_mode                           
000002e2  ptr1                               
000002e4  ptr2                               
000002e6  ptr3                               
000002e8  state                              
000002ea  stateStepp                         
000002ec  j                                  
000002ee  FIRSTBYTE_FLAG                     
000002f0  paint_flag                         
000002f2  rotateIFG                          
000002f4  delay_time                         
000002f6  i                                  
000002f8  ExecuteFlag                        
000002fa  transfer_to_flash                  
000002fc  SendFlag                           
000002fe  startRotateLEDs                    
00000300  rotateLEDs                         
00000302  counter                            
00000304  curr_counter                       
00000306  ACK_to_PC_IPG                      
00000308  wait_to_execute                    
0000030a  counter3                           
0000030c  counter4                           
0000030e  counter5                           
00000310  Vrx                                
00000312  Vry                                
00000314  Vx_Vy                              
00000318  ACK_string                         
000003b0  _stack                             
00000400  __STACK_END                        
000010c0  TLV_CHECKSUM                       
000010da  TLV_ADC10_1_TAG                    
000010db  TLV_ADC10_1_LEN                    
000010f6  TLV_DCO_30_TAG                     
000010f7  TLV_DCO_30_LEN                     
000010f8  CALDCO_16MHZ                       
000010f9  CALBC1_16MHZ                       
000010fa  CALDCO_12MHZ                       
000010fb  CALBC1_12MHZ                       
000010fc  CALDCO_8MHZ                        
000010fd  CALBC1_8MHZ                        
000010fe  CALDCO_1MHZ                        
000010ff  CALBC1_1MHZ                        
0000c000  start_execution                    
0000c228  USCI0RX_ISR                        
0000c432  USCI0TX_ISR                        
0000c5aa  move_pointer_to_specific_deg       
0000c7de  tangens                            
0000c8f2  StepperUsingJoyStick               
0000c9fa  main                               
0000cb00  __TI_printfi_minimal               
0000ccb0  lcd_init                           
0000cd64  rrc_LCD                            
0000cdf4  convert_integer_to_string          
0000ce78  __TI_decompress_lzss               
0000cef4  Joystick_sample_for_paint          
0000cf6c  _auto_init                         
0000cfda  transfer_file_to_flash             
0000d046  timer_call_counter                 
0000d0a4  convert_hex_to_int                 
0000d100  copy_in                            
0000d15a  __mspabi_divul                     
0000d15a  __mspabi_remul                     
0000d1b2  GPIOconfig                         
0000d206  lcd_data                           
0000d25a  Script_mode_handler                
0000d2ac  convert_to_str                     
0000d2f8  __mspabi_srli                      
0000d306  __mspabi_srli_15                   
0000d30a  __mspabi_srli_14                   
0000d30e  __mspabi_srli_13                   
0000d312  __mspabi_srli_12                   
0000d316  __mspabi_srli_11                   
0000d31a  __mspabi_srli_10                   
0000d31e  __mspabi_srli_9                    
0000d322  __mspabi_srli_8                    
0000d326  __mspabi_srli_7                    
0000d32a  __mspabi_srli_6                    
0000d32e  __mspabi_srli_5                    
0000d332  __mspabi_srli_4                    
0000d336  __mspabi_srli_3                    
0000d33a  __mspabi_srli_2                    
0000d33e  __mspabi_srli_1                    
0000d344  UART_init                          
0000d38c  countDOWN                          
0000d3cc  countUP                            
0000d40c  __mspabi_divli                     
0000d40c  __mspabi_remli                     
0000d44c  __mspabi_sral_15                   
0000d450  __mspabi_sral_14                   
0000d454  __mspabi_sral_13                   
0000d458  __mspabi_sral_12                   
0000d45c  __mspabi_sral_11                   
0000d460  __mspabi_sral_10                   
0000d464  __mspabi_sral_9                    
0000d468  __mspabi_sral_8                    
0000d46c  __mspabi_sral_7                    
0000d470  __mspabi_sral_6                    
0000d474  __mspabi_sral_5                    
0000d478  __mspabi_sral_4                    
0000d47c  __mspabi_sral_3                    
0000d480  __mspabi_sral_2                    
0000d484  __mspabi_sral_1                    
0000d48a  __mspabi_slll_15                   
0000d48e  __mspabi_slll_14                   
0000d492  __mspabi_slll_13                   
0000d496  __mspabi_slll_12                   
0000d49a  __mspabi_slll_11                   
0000d49e  __mspabi_slll_10                   
0000d4a2  __mspabi_slll_9                    
0000d4a6  __mspabi_slll_8                    
0000d4aa  __mspabi_slll_7                    
0000d4ae  __mspabi_slll_6                    
0000d4b2  __mspabi_slll_5                    
0000d4b6  __mspabi_slll_4                    
0000d4ba  __mspabi_slll_3                    
0000d4be  __mspabi_slll_2                    
0000d4c2  __mspabi_slll_1                    
0000d4c8  lcd_cmd                            
0000d504  Joystick_handler                   
0000d53c  sprintf                            
0000d574  ACK_to_PC                          
0000d5a4  calibrate                          
0000d5d4  __mspabi_divi                      
0000d5d4  __mspabi_remi                      
0000d600  __mspabi_slli                      
0000d60c  __mspabi_slli_15                   
0000d60e  __mspabi_slli_14                   
0000d610  __mspabi_slli_13                   
0000d612  __mspabi_slli_12                   
0000d614  __mspabi_slli_11                   
0000d616  __mspabi_slli_10                   
0000d618  __mspabi_slli_9                    
0000d61a  __mspabi_slli_8                    
0000d61c  __mspabi_slli_7                    
0000d61e  __mspabi_slli_6                    
0000d620  __mspabi_slli_5                    
0000d622  __mspabi_slli_4                    
0000d624  __mspabi_slli_3                    
0000d626  __mspabi_slli_2                    
0000d628  __mspabi_slli_1                    
0000d62c  rotate_anti_clock_direction        
0000d656  rotate_clock_direction             
0000d680  rotate_clock_direction_calibaration
0000d6aa  rst_count_lcd_clr                  
0000d6d2  send_degree_to_PC                  
0000d6fa  __mspabi_mpyl                      
0000d6fa  __mspabi_mpyl_sw                   
0000d720  JoyStickADC_Steppermotor           
0000d740  TimerA_ISR                         
0000d760  _c_int00_noargs_noexit             
0000d794  delay                              
0000d7ae  memccpy                            
0000d7c8  ADCconfig                          
0000d7e0  TIMER_A0_config                    
0000d7f6  lcd_puts                           
0000d80c  __mspabi_divu                      
0000d80c  __mspabi_remu                      
0000d822  DelayMs                            
0000d836  __TI_zero_init                     
0000d84a  memset                             
0000d85e  __mspabi_mpyi                      
0000d85e  __mspabi_mpyi_sw                   
0000d884  __TI_decompress_none               
0000d896  memcpy                             
0000d8a8  sysConfig                          
0000d8ba  __mspabi_func_epilog_7             
0000d8bc  __mspabi_func_epilog_6             
0000d8be  __mspabi_func_epilog_5             
0000d8c0  __mspabi_func_epilog_4             
0000d8c2  __mspabi_func_epilog_3             
0000d8c4  __mspabi_func_epilog_2             
0000d8c6  __mspabi_func_epilog_1             
0000d8ca  strcpy                             
0000d8da  strlen                             
0000d8e8  DelayUs                            
0000d8f4  TIMERA0_delay_ms                   
0000d8fe  lcd_strobe                         
0000d908  ADC10_ISR                          
0000d910  __TI_ISR_TRAP                      
0000d918  StopAllTimers                      
0000d91e  C$$EXIT                            
0000d91e  abort                              
0000d924  _system_pre_init                   
0000d928  enable_interrupts                  
0000d92c  Timer1_A0_ISR                      
0000d92e  _system_post_cinit                 
0000d94e  PB_PAINT_str                       
0000d952  timer_half_sec                     
0000d974  __TI_Handler_Table_Base            
0000d97a  __TI_Handler_Table_Limit           
0000d97e  __TI_CINIT_Base                    
0000d986  __TI_CINIT_Limit                   
0000ffe0  __TI_int00                         
0000ffe4  __TI_int02                         
0000ffe6  __TI_int03                         
0000ffea  __TI_int05                         
0000ffec  __TI_int06                         
0000ffee  __TI_int07                         
0000fff0  __TI_int08                         
0000fff2  __TI_int09                         
0000fff4  __TI_int10                         
0000fff6  __TI_int11                         
0000fff8  __TI_int12                         
0000fffa  __TI_int13                         
0000fffc  __TI_int14                         
0000fffe  _reset_vector                      
ffffffff  __TI_pprof_out_hndl                
ffffffff  __TI_prof_data_size                
ffffffff  __TI_prof_data_start               
ffffffff  __c_args__                         
UNDEFED   __TI_BINIT_Base                    
UNDEFED   __TI_BINIT_Limit                   
UNDEFED   __TI_INITARRAY_Base                
UNDEFED   __TI_INITARRAY_Limit               

[308 symbols]
