******************************************************************************
                  MSP430 Linker PC v16.9.6                     
******************************************************************************
>> Linked Wed Jun 19 14:45:48 2024

OUTPUT FILE NAME:   <LAB2CCS.out>
ENTRY POINT SYMBOL: "_c_int00_noargs_noexit"  address: 0000de44


MEMORY CONFIGURATION

         name            origin    length      used     unused   attr    fill
----------------------  --------  ---------  --------  --------  ----  --------
  SFR                   00000000   00000010  00000000  00000010  RWIX
  PERIPHERALS_8BIT      00000010   000000f0  00000000  000000f0  RWIX
  PERIPHERALS_16BIT     00000100   00000100  00000000  00000100  RWIX
  RAM                   00000200   00000200  000000b8  00000148  RWIX
  INFOD                 00001000   00000040  00000000  00000040  RWIX
  INFOC                 00001040   00000040  00000000  00000040  RWIX
  INFOB                 00001080   00000040  00000000  00000040  RWIX
  INFOA                 000010c0   00000040  00000000  00000040  RWIX
  FLASH                 0000c000   00003fde  000020ae  00001f30  RWIX
  BSLSIGNATURE          0000ffde   00000002  00000002  00000000  RWIX  ffff 
  INT00                 0000ffe0   00000002  00000002  00000000  RWIX
  INT01                 0000ffe2   00000002  00000000  00000002  RWIX
  INT02                 0000ffe4   00000002  00000002  00000000  RWIX
  INT03                 0000ffe6   00000002  00000002  00000000  RWIX
  INT04                 0000ffe8   00000002  00000000  00000002  RWIX
  INT05                 0000ffea   00000002  00000002  00000000  RWIX
  INT06                 0000ffec   00000002  00000002  00000000  RWIX
  INT07                 0000ffee   00000002  00000002  00000000  RWIX
  INT08                 0000fff0   00000002  00000002  00000000  RWIX
  INT09                 0000fff2   00000002  00000002  00000000  RWIX
  INT10                 0000fff4   00000002  00000002  00000000  RWIX
  INT11                 0000fff6   00000002  00000002  00000000  RWIX
  INT12                 0000fff8   00000002  00000002  00000000  RWIX
  INT13                 0000fffa   00000002  00000002  00000000  RWIX
  INT14                 0000fffc   00000002  00000002  00000000  RWIX
  RESET                 0000fffe   00000002  00000002  00000000  RWIX


SECTION ALLOCATION MAP

 output                                  attributes/
section   page    origin      length       input sections
--------  ----  ----------  ----------   ----------------
.data      0    00000200    00000064     UNINITIALIZED
                  00000200    00000011     main.obj (.data:str4)
                  00000211    00000001     --HOLE--
                  00000212    00000010     main.obj (.data:str1)
                  00000222    00000010     main.obj (.data:str2)
                  00000232    0000000e     api.obj (.data)
                  00000240    0000000d     main.obj (.data:str3)
                  0000024d    00000001     --HOLE--
                  0000024e    00000008     main.obj (.data)
                  00000256    00000005     api.obj (.data:digitsArray)
                  0000025b    00000001     --HOLE--
                  0000025c    00000004     api.obj (.data:fin)
                  00000260    00000002     api.obj (.data:Hz)
                  00000262    00000002     halGPIO.obj (.data)

.bss       0    00000264    00000004     UNINITIALIZED
                  00000264    00000002     (.common:lpm_mode)
                  00000266    00000002     (.common:state)

.stack     0    000003b0    00000050     UNINITIALIZED
                  000003b0    00000002     rts430_eabi.lib : boot.obj (.stack)
                  000003b2    0000004e     --HOLE--

.text      0    0000c000    00002056     
                  0000c000    00000480     rts430_eabi.lib : frcdivd.obj (.text:__TI_frcdivd)
                  0000c480    000002e8                     : addd.obj (.text:__mspabi_addd)
                  0000c768    00000286                     : frcmpyd.obj (.text:__TI_frcmpyd)
                  0000c9ee    0000026e                     : mpyd.obj (.text:__mspabi_mpyd)
                  0000cc5c    00000260                     : frcaddd.obj (.text:__TI_frcaddd)
                  0000cebc    00000238                     : divd.obj (.text:__mspabi_divd)
                  0000d0f4    000000be                     : renormd.obj (.text:__TI_renormd)
                  0000d1b2    000000b4     api.obj (.text:state3Func)
                  0000d266    000000ae     halGPIO.obj (.text:PBs_handler)
                  0000d314    000000ae     halGPIO.obj (.text:lcd_init)
                  0000d3c2    000000aa     api.obj (.text:state1Func)
                  0000d46c    000000a4     api.obj (.text:state4Func)
                  0000d510    0000009c     rts430_eabi.lib : fs_div.obj (.text)
                  0000d5ac    00000092     bsp.obj (.text:GPIOconfig)
                  0000d63e    0000008c     rts430_eabi.lib : cvtdf.obj (.text:__mspabi_cvtdf)
                  0000d6ca    00000088     main.obj (.text:main)
                  0000d752    0000007c     rts430_eabi.lib : copy_decompress_lzss.obj (.text:decompress:lzss:__TI_decompress_lzss)
                  0000d7ce    00000072                     : cvtfd.obj (.text:__mspabi_cvtfd)
                  0000d840    00000070     halGPIO.obj (.text:SWs_handler)
                  0000d8b0    0000006e     rts430_eabi.lib : autoinit.obj (.text:_auto_init)
                  0000d91e    00000068                     : fs_toi.obj (.text)
                  0000d986    00000066     api.obj (.text:state2Func)
                  0000d9ec    0000005c     rts430_eabi.lib : lsr32.obj (.text:l_lsr_const)
                  0000da48    0000005c     halGPIO.obj (.text:lcd_data)
                  0000daa4    0000005a     rts430_eabi.lib : cpy_tbl.obj (.text:copy_in)
                  0000dafe    00000058                     : div32u.obj (.text)
                  0000db56    0000004c                     : lsr16.obj (.text)
                  0000dba2    00000044     halGPIO.obj (.text:TIMER1_A1_ISR)
                  0000dbe6    00000040     rts430_eabi.lib : div32s.obj (.text)
                  0000dc26    0000003e                     : asr32.obj (.text:l_asr_const)
                  0000dc64    0000003e                     : lsl32.obj (.text:l_lsl_const)
                  0000dca2    0000003c     halGPIO.obj (.text:lcd_cmd)
                  0000dcde    00000034     halGPIO.obj (.text:enterLPM)
                  0000dd12    00000032     api.obj (.text:FrequnceyToArray)
                  0000dd44    00000032     halGPIO.obj (.text:showToLCD)
                  0000dd76    0000002c     rts430_eabi.lib : asr16.obj (.text)
                  0000dda2    0000002c                     : div16s.obj (.text)
                  0000ddce    0000002c                     : lsl16.obj (.text)
                  0000ddfa    00000026                     : mult32.obj (.text)
                  0000de20    00000024                     : fs_utof.obj (.text)
                  0000de44    0000001a                     : boot_special.obj (.text:_c_int00_noargs_noexit)
                  0000de5e    0000001a     halGPIO.obj (.text:delay)
                  0000de78    0000001a     halGPIO.obj (.text:lcd_puts)
                  0000de92    0000001a     halGPIO.obj (.text:sysConfig)
                  0000deac    00000018     halGPIO.obj (.text:startTimer0A0)
                  0000dec4    00000016     rts430_eabi.lib : div16u.obj (.text)
                  0000deda    00000014     halGPIO.obj (.text:DelayMs)
                  0000deee    00000014     bsp.obj (.text:TIMER0_A0_config)
                  0000df02    00000014     rts430_eabi.lib : copy_zero_init.obj (.text:decompress:ZI:__TI_zero_init)
                  0000df16    00000014                     : mult16.obj (.text)
                  0000df2a    00000014     halGPIO.obj (.text:startTimer1A0)
                  0000df3e    00000012     bsp.obj (.text:ADCconfig)
                  0000df50    00000012     rts430_eabi.lib : copy_decompress_none.obj (.text:decompress:none:__TI_decompress_none)
                  0000df62    00000012                     : lsr32.obj (.text:l_lsr)
                  0000df74    00000012     halGPIO.obj (.text:lcd_strobe)
                  0000df86    00000012     rts430_eabi.lib : memcpy.obj (.text:memcpy)
                  0000df98    00000010     halGPIO.obj (.text:PWMTimer)
                  0000dfa8    00000010     rts430_eabi.lib : asr32.obj (.text:l_asr)
                  0000dfb8    00000010                     : lsl32.obj (.text:l_lsl)
                  0000dfc8    00000010                     : epilog.obj (.text)
                  0000dfd8    0000000e     halGPIO.obj (.text:DelayUs)
                  0000dfe6    0000000c     halGPIO.obj (.text:ADC10_ISR)
                  0000dff2    0000000c     bsp.obj (.text:TIMER1_A2_config)
                  0000dffe    00000008     halGPIO.obj (.text:ADCoff)
                  0000e006    00000008     bsp.obj (.text:TIMER1_A0_config)
                  0000e00e    00000008     bsp.obj (.text:TIMER1_A1_config)
                  0000e016    00000008     halGPIO.obj (.text:Timer_A)
                  0000e01e    00000008     rts430_eabi.lib : isr_trap.obj (.text:_isr:__TI_ISR_TRAP)
                  0000e026    00000008     halGPIO.obj (.text:startADC)
                  0000e02e    00000008     halGPIO.obj (.text:state1TimerOff)
                  0000e036    00000008     halGPIO.obj (.text:statrTimer1A1)
                  0000e03e    00000008     halGPIO.obj (.text:stopTimer1A1)
                  0000e046    00000006     rts430_eabi.lib : exit.obj (.text:abort)
                  0000e04c    00000004                     : pre_init.obj (.text:_system_pre_init)
                  0000e050    00000004     halGPIO.obj (.text:enable_interrupts)
                  0000e054    00000002     rts430_eabi.lib : startup.obj (.text:_system_post_cinit)

.cinit     0    0000e056    00000058     
                  0000e056    00000046     (.cinit..data.load) [load image, compression = lzss]
                  0000e09c    00000006     (__TI_handler_table)
                  0000e0a2    00000004     (.cinit..bss.load) [load image, compression = zero_init]
                  0000e0a6    00000008     (__TI_cinit_table)

.binit     0    0000c000    00000000     

.init_array 
*          0    0000c000    00000000     UNINITIALIZED

TRAPINT    0    0000ffe0    00000002     
                  0000ffe0    00000002     rts430_eabi.lib : int00.obj (.int00)

$fill000   0    0000ffde    00000002     
                  0000ffde    00000002     --HOLE-- [fill = ffff]

PORT1      0    0000ffe4    00000002     
                  0000ffe4    00000002     halGPIO.obj (.int02)

PORT2      0    0000ffe6    00000002     
                  0000ffe6    00000002     halGPIO.obj (.int03)

ADC10      0    0000ffea    00000002     
                  0000ffea    00000002     halGPIO.obj (.int05)

USCIAB0TX 
*          0    0000ffec    00000002     
                  0000ffec    00000002     rts430_eabi.lib : int06.obj (.int06)

USCIAB0RX 
*          0    0000ffee    00000002     
                  0000ffee    00000002     rts430_eabi.lib : int07.obj (.int07)

TIMER0_A1 
*          0    0000fff0    00000002     
                  0000fff0    00000002     rts430_eabi.lib : int08.obj (.int08)

TIMER0_A0 
*          0    0000fff2    00000002     
                  0000fff2    00000002     halGPIO.obj (.int09)

WDT        0    0000fff4    00000002     
                  0000fff4    00000002     rts430_eabi.lib : int10.obj (.int10)

COMPARATORA 
*          0    0000fff6    00000002     
                  0000fff6    00000002     rts430_eabi.lib : int11.obj (.int11)

TIMER1_A1 
*          0    0000fff8    00000002     
                  0000fff8    00000002     halGPIO.obj (.int12)

TIMER1_A0 
*          0    0000fffa    00000002     
                  0000fffa    00000002     rts430_eabi.lib : int13.obj (.int13)

NMI        0    0000fffc    00000002     
                  0000fffc    00000002     rts430_eabi.lib : int14.obj (.int14)

.reset     0    0000fffe    00000002     
                  0000fffe    00000002     rts430_eabi.lib : boot.obj (.reset)

MODULE SUMMARY

       Module                     code   ro data   rw data
       ------                     ----   -------   -------
    .\
       halGPIO.obj                1036   10        2      
       api.obj                    666    0         25     
       bsp.obj                    212    0         0      
       main.obj                   136    0         74     
    +--+--------------------------+------+---------+---------+
       Total:                     2050   10        101    
                                                          
    C:\ti\ccsv7\tools\compiler\ti-cgt-msp430_16.9.6.LTS\lib\rts430_eabi.lib
       frcdivd.obj                1152   0         0      
       addd.obj                   744    0         0      
       frcmpyd.obj                646    0         0      
       mpyd.obj                   622    0         0      
       frcaddd.obj                608    0         0      
       divd.obj                   568    0         0      
       renormd.obj                190    0         0      
       fs_div.obj                 156    0         0      
       cvtdf.obj                  140    0         0      
       copy_decompress_lzss.obj   124    0         0      
       cvtfd.obj                  114    0         0      
       autoinit.obj               110    0         0      
       lsr32.obj                  110    0         0      
       fs_toi.obj                 104    0         0      
       cpy_tbl.obj                90     0         0      
       div32u.obj                 88     0         0      
       asr32.obj                  78     0         0      
       lsl32.obj                  78     0         0      
       lsr16.obj                  76     0         0      
       div32s.obj                 64     0         0      
       asr16.obj                  44     0         0      
       div16s.obj                 44     0         0      
       lsl16.obj                  44     0         0      
       mult32.obj                 38     0         0      
       fs_utof.obj                36     0         0      
       boot_special.obj           26     0         0      
       div16u.obj                 22     0         0      
       copy_zero_init.obj         20     0         0      
       mult16.obj                 20     0         0      
       copy_decompress_none.obj   18     0         0      
       memcpy.obj                 18     0         0      
       epilog.obj                 16     0         0      
       isr_trap.obj               8      0         0      
       exit.obj                   6      0         0      
       pre_init.obj               4      0         0      
       boot.obj                   0      2         0      
       int00.obj                  0      2         0      
       int06.obj                  0      2         0      
       int07.obj                  0      2         0      
       int08.obj                  0      2         0      
       int10.obj                  0      2         0      
       int11.obj                  0      2         0      
       int13.obj                  0      2         0      
       int14.obj                  0      2         0      
       startup.obj                2      0         0      
    +--+--------------------------+------+---------+---------+
       Total:                     6228   18        0      
                                                          
       Stack:                     0      0         80     
       Linker Generated:          0      88        0      
    +--+--------------------------+------+---------+---------+
       Grand Total:               8278   116       181    


LINKER GENERATED COPY TABLES

__TI_cinit_table @ 0000e0a6 records: 2, size/record: 4, table size: 8
	.data: load addr=0000e056, load size=00000046 bytes, run addr=00000200, run size=00000064 bytes, compression=lzss
	.bss: load addr=0000e0a2, load size=00000004 bytes, run addr=00000264, run size=00000004 bytes, compression=zero_init


LINKER GENERATED HANDLER TABLE

__TI_handler_table @ 0000e09c records: 3, size/record: 2, table size: 6
	index: 0, handler: __TI_zero_init
	index: 1, handler: __TI_decompress_lzss
	index: 2, handler: __TI_decompress_none


GLOBAL SYMBOLS: SORTED ALPHABETICALLY BY Name 

address   name                    
-------   ----                    
0000004a  ADC10AE0                
000001b0  ADC10CTL0               
000001b2  ADC10CTL1               
00000048  ADC10DTC0               
00000049  ADC10DTC1               
000001b4  ADC10MEM                
000001bc  ADC10SA                 
0000dfe6  ADC10_ISR               
0000df3e  ADCconfig               
0000dffe  ADCoff                  
00000057  BCSCTL1                 
00000058  BCSCTL2                 
00000053  BCSCTL3                 
0000e046  C$$EXIT                 
00000059  CACTL1                  
0000005a  CACTL2                  
000010fb  CALBC1_12MHZ            
000010f9  CALBC1_16MHZ            
000010ff  CALBC1_1MHZ             
000010fd  CALBC1_8MHZ             
000010fa  CALDCO_12MHZ            
000010f8  CALDCO_16MHZ            
000010fe  CALDCO_1MHZ             
000010fc  CALDCO_8MHZ             
0000005b  CAPD                    
00000262  Count                   
00000056  DCOCTL                  
0000deda  DelayMs                 
0000dfd8  DelayUs                 
00000128  FCTL1                   
0000012a  FCTL2                   
0000012c  FCTL3                   
00000236  Fexter                  
0000023a  Fout                    
0000dd12  FrequnceyToArray        
0000d5ac  GPIOconfig              
00000260  Hz                      
00000000  IE1                     
00000001  IE2                     
00000002  IFG1                    
00000003  IFG2                    
00000238  Nadc                    
0000023e  Nfout                   
00000022  P1DIR                   
00000025  P1IE                    
00000024  P1IES                   
00000023  P1IFG                   
00000020  P1IN                    
00000021  P1OUT                   
00000027  P1REN                   
00000026  P1SEL                   
00000041  P1SEL2                  
0000002a  P2DIR                   
0000002d  P2IE                    
0000002c  P2IES                   
0000002b  P2IFG                   
00000028  P2IN                    
00000029  P2OUT                   
0000002f  P2REN                   
0000002e  P2SEL                   
00000042  P2SEL2                  
0000001a  P3DIR                   
00000018  P3IN                    
00000019  P3OUT                   
00000010  P3REN                   
0000001b  P3SEL                   
00000043  P3SEL2                  
0000d266  PBs_handler             
0000df98  PWMTimer                
00000232  REdge0                  
00000234  REdge1                  
0000d840  SWs_handler             
00000172  TA0CCR0                 
00000174  TA0CCR1                 
00000176  TA0CCR2                 
00000162  TA0CCTL0                
00000164  TA0CCTL1                
00000166  TA0CCTL2                
00000160  TA0CTL                  
0000012e  TA0IV                   
00000170  TA0R                    
00000192  TA1CCR0                 
00000194  TA1CCR1                 
00000196  TA1CCR2                 
00000182  TA1CCTL0                
00000184  TA1CCTL1                
00000186  TA1CCTL2                
00000180  TA1CTL                  
0000011e  TA1IV                   
00000190  TA1R                    
0000deee  TIMER0_A0_config        
0000e006  TIMER1_A0_config        
0000dba2  TIMER1_A1_ISR           
0000e00e  TIMER1_A1_config        
0000dff2  TIMER1_A2_config        
000010db  TLV_ADC10_1_LEN         
000010da  TLV_ADC10_1_TAG         
000010c0  TLV_CHECKSUM            
000010f7  TLV_DCO_30_LEN          
000010f6  TLV_DCO_30_TAG          
0000e016  Timer_A                 
0000005d  UCA0ABCTL               
00000062  UCA0BR0                 
00000063  UCA0BR1                 
00000060  UCA0CTL0                
00000061  UCA0CTL1                
0000005f  UCA0IRRCTL              
0000005e  UCA0IRTCTL              
00000064  UCA0MCTL                
00000066  UCA0RXBUF               
00000065  UCA0STAT                
00000067  UCA0TXBUF               
0000006a  UCB0BR0                 
0000006b  UCB0BR1                 
00000068  UCB0CTL0                
00000069  UCB0CTL1                
0000006c  UCB0I2CIE               
00000118  UCB0I2COA               
0000011a  UCB0I2CSA               
0000006e  UCB0RXBUF               
0000006d  UCB0STAT                
0000006f  UCB0TXBUF               
00000120  WDTCTL                  
00000400  __STACK_END             
00000050  __STACK_SIZE            
UNDEFED   __TI_BINIT_Base         
UNDEFED   __TI_BINIT_Limit        
0000e0a6  __TI_CINIT_Base         
0000e0ae  __TI_CINIT_Limit        
0000e09c  __TI_Handler_Table_Base 
0000e0a2  __TI_Handler_Table_Limit
UNDEFED   __TI_INITARRAY_Base     
UNDEFED   __TI_INITARRAY_Limit    
0000e01e  __TI_ISR_TRAP           
0000d752  __TI_decompress_lzss    
0000df50  __TI_decompress_none    
0000cc5c  __TI_frcaddd            
0000c000  __TI_frcdivd            
0000c768  __TI_frcmpyd            
0000ffe0  __TI_int00              
0000ffe4  __TI_int02              
0000ffe6  __TI_int03              
0000ffea  __TI_int05              
0000ffec  __TI_int06              
0000ffee  __TI_int07              
0000fff0  __TI_int08              
0000fff2  __TI_int09              
0000fff4  __TI_int10              
0000fff6  __TI_int11              
0000fff8  __TI_int12              
0000fffa  __TI_int13              
0000fffc  __TI_int14              
ffffffff  __TI_pprof_out_hndl     
ffffffff  __TI_prof_data_size     
ffffffff  __TI_prof_data_start    
0000d0f4  __TI_renormd            
0000df02  __TI_zero_init          
ffffffff  __c_args__              
0000c480  __mspabi_addd           
0000d63e  __mspabi_cvtdf          
0000d7ce  __mspabi_cvtfd          
0000cebc  __mspabi_divd           
0000d510  __mspabi_divf           
0000dda2  __mspabi_divi           
0000dbe6  __mspabi_divli          
0000dec4  __mspabi_divu           
0000dafe  __mspabi_divul          
0000d91e  __mspabi_fixfi          
0000de20  __mspabi_fltuf          
0000dfd4  __mspabi_func_epilog_1  
0000dfd2  __mspabi_func_epilog_2  
0000dfd0  __mspabi_func_epilog_3  
0000dfce  __mspabi_func_epilog_4  
0000dfcc  __mspabi_func_epilog_5  
0000dfca  __mspabi_func_epilog_6  
0000dfc8  __mspabi_func_epilog_7  
0000c9ee  __mspabi_mpyd           
0000df16  __mspabi_mpyi           
0000df16  __mspabi_mpyi_sw        
0000ddfa  __mspabi_mpyl           
0000ddfa  __mspabi_mpyl_sw        
0000dda2  __mspabi_remi           
0000dbe6  __mspabi_remli          
0000dec4  __mspabi_remu           
0000dafe  __mspabi_remul          
0000ddce  __mspabi_slli           
0000ddf6  __mspabi_slli_1         
0000dde4  __mspabi_slli_10        
0000dde2  __mspabi_slli_11        
0000dde0  __mspabi_slli_12        
0000ddde  __mspabi_slli_13        
0000dddc  __mspabi_slli_14        
0000ddda  __mspabi_slli_15        
0000ddf4  __mspabi_slli_2         
0000ddf2  __mspabi_slli_3         
0000ddf0  __mspabi_slli_4         
0000ddee  __mspabi_slli_5         
0000ddec  __mspabi_slli_6         
0000ddea  __mspabi_slli_7         
0000dde8  __mspabi_slli_8         
0000dde6  __mspabi_slli_9         
0000dfb8  __mspabi_slll           
0000dc9c  __mspabi_slll_1         
0000dc78  __mspabi_slll_10        
0000dc74  __mspabi_slll_11        
0000dc70  __mspabi_slll_12        
0000dc6c  __mspabi_slll_13        
0000dc68  __mspabi_slll_14        
0000dc64  __mspabi_slll_15        
0000dc98  __mspabi_slll_2         
0000dc94  __mspabi_slll_3         
0000dc90  __mspabi_slll_4         
0000dc8c  __mspabi_slll_5         
0000dc88  __mspabi_slll_6         
0000dc84  __mspabi_slll_7         
0000dc80  __mspabi_slll_8         
0000dc7c  __mspabi_slll_9         
0000dd76  __mspabi_srai           
0000dd9e  __mspabi_srai_1         
0000dd8c  __mspabi_srai_10        
0000dd8a  __mspabi_srai_11        
0000dd88  __mspabi_srai_12        
0000dd86  __mspabi_srai_13        
0000dd84  __mspabi_srai_14        
0000dd82  __mspabi_srai_15        
0000dd9c  __mspabi_srai_2         
0000dd9a  __mspabi_srai_3         
0000dd98  __mspabi_srai_4         
0000dd96  __mspabi_srai_5         
0000dd94  __mspabi_srai_6         
0000dd92  __mspabi_srai_7         
0000dd90  __mspabi_srai_8         
0000dd8e  __mspabi_srai_9         
0000dfa8  __mspabi_sral           
0000dc5e  __mspabi_sral_1         
0000dc3a  __mspabi_sral_10        
0000dc36  __mspabi_sral_11        
0000dc32  __mspabi_sral_12        
0000dc2e  __mspabi_sral_13        
0000dc2a  __mspabi_sral_14        
0000dc26  __mspabi_sral_15        
0000dc5a  __mspabi_sral_2         
0000dc56  __mspabi_sral_3         
0000dc52  __mspabi_sral_4         
0000dc4e  __mspabi_sral_5         
0000dc4a  __mspabi_sral_6         
0000dc46  __mspabi_sral_7         
0000dc42  __mspabi_sral_8         
0000dc3e  __mspabi_sral_9         
0000db56  __mspabi_srli           
0000db9c  __mspabi_srli_1         
0000db78  __mspabi_srli_10        
0000db74  __mspabi_srli_11        
0000db70  __mspabi_srli_12        
0000db6c  __mspabi_srli_13        
0000db68  __mspabi_srli_14        
0000db64  __mspabi_srli_15        
0000db98  __mspabi_srli_2         
0000db94  __mspabi_srli_3         
0000db90  __mspabi_srli_4         
0000db8c  __mspabi_srli_5         
0000db88  __mspabi_srli_6         
0000db84  __mspabi_srli_7         
0000db80  __mspabi_srli_8         
0000db7c  __mspabi_srli_9         
0000df62  __mspabi_srll           
0000da40  __mspabi_srll_1         
0000da0a  __mspabi_srll_10        
0000da04  __mspabi_srll_11        
0000d9fe  __mspabi_srll_12        
0000d9f8  __mspabi_srll_13        
0000d9f2  __mspabi_srll_14        
0000d9ec  __mspabi_srll_15        
0000da3a  __mspabi_srll_2         
0000da34  __mspabi_srll_3         
0000da2e  __mspabi_srll_4         
0000da28  __mspabi_srll_5         
0000da22  __mspabi_srll_6         
0000da1c  __mspabi_srll_7         
0000da16  __mspabi_srll_8         
0000da10  __mspabi_srll_9         
0000d8b0  _auto_init              
0000de44  _c_int00_noargs_noexit  
0000fffe  _reset_vector           
000003b0  _stack                  
0000e054  _system_post_cinit      
0000e04c  _system_pre_init        
0000e046  abort                   
0000daa4  copy_in                 
0000de5e  delay                   
00000256  digitsArray             
0000e050  enable_interrupts       
0000dcde  enterLPM                
0000025c  fin                     
0000dca2  lcd_cmd                 
0000da48  lcd_data                
0000d314  lcd_init                
0000de78  lcd_puts                
0000df74  lcd_strobe              
00000264  lpm_mode                
0000d6ca  main                    
0000df86  memcpy                  
00000252  minutes0                
00000254  minutes1                
0000024e  seconds0                
00000250  seconds1                
0000dd44  showToLCD               
0000e026  startADC                
0000deac  startTimer0A0           
0000df2a  startTimer1A0           
00000266  state                   
0000d3c2  state1Func              
0000e02e  state1TimerOff          
0000d986  state2Func              
0000d1b2  state3Func              
0000d46c  state4Func              
0000e036  statrTimer1A1           
0000e03e  stopTimer1A1            
00000212  str1                    
00000222  str2                    
00000240  str3                    
00000200  str4                    
0000de92  sysConfig               


GLOBAL SYMBOLS: SORTED BY Symbol Address 

address   name                    
-------   ----                    
00000000  IE1                     
00000001  IE2                     
00000002  IFG1                    
00000003  IFG2                    
00000010  P3REN                   
00000018  P3IN                    
00000019  P3OUT                   
0000001a  P3DIR                   
0000001b  P3SEL                   
00000020  P1IN                    
00000021  P1OUT                   
00000022  P1DIR                   
00000023  P1IFG                   
00000024  P1IES                   
00000025  P1IE                    
00000026  P1SEL                   
00000027  P1REN                   
00000028  P2IN                    
00000029  P2OUT                   
0000002a  P2DIR                   
0000002b  P2IFG                   
0000002c  P2IES                   
0000002d  P2IE                    
0000002e  P2SEL                   
0000002f  P2REN                   
00000041  P1SEL2                  
00000042  P2SEL2                  
00000043  P3SEL2                  
00000048  ADC10DTC0               
00000049  ADC10DTC1               
0000004a  ADC10AE0                
00000050  __STACK_SIZE            
00000053  BCSCTL3                 
00000056  DCOCTL                  
00000057  BCSCTL1                 
00000058  BCSCTL2                 
00000059  CACTL1                  
0000005a  CACTL2                  
0000005b  CAPD                    
0000005d  UCA0ABCTL               
0000005e  UCA0IRTCTL              
0000005f  UCA0IRRCTL              
00000060  UCA0CTL0                
00000061  UCA0CTL1                
00000062  UCA0BR0                 
00000063  UCA0BR1                 
00000064  UCA0MCTL                
00000065  UCA0STAT                
00000066  UCA0RXBUF               
00000067  UCA0TXBUF               
00000068  UCB0CTL0                
00000069  UCB0CTL1                
0000006a  UCB0BR0                 
0000006b  UCB0BR1                 
0000006c  UCB0I2CIE               
0000006d  UCB0STAT                
0000006e  UCB0RXBUF               
0000006f  UCB0TXBUF               
00000118  UCB0I2COA               
0000011a  UCB0I2CSA               
0000011e  TA1IV                   
00000120  WDTCTL                  
00000128  FCTL1                   
0000012a  FCTL2                   
0000012c  FCTL3                   
0000012e  TA0IV                   
00000160  TA0CTL                  
00000162  TA0CCTL0                
00000164  TA0CCTL1                
00000166  TA0CCTL2                
00000170  TA0R                    
00000172  TA0CCR0                 
00000174  TA0CCR1                 
00000176  TA0CCR2                 
00000180  TA1CTL                  
00000182  TA1CCTL0                
00000184  TA1CCTL1                
00000186  TA1CCTL2                
00000190  TA1R                    
00000192  TA1CCR0                 
00000194  TA1CCR1                 
00000196  TA1CCR2                 
000001b0  ADC10CTL0               
000001b2  ADC10CTL1               
000001b4  ADC10MEM                
000001bc  ADC10SA                 
00000200  str4                    
00000212  str1                    
00000222  str2                    
00000232  REdge0                  
00000234  REdge1                  
00000236  Fexter                  
00000238  Nadc                    
0000023a  Fout                    
0000023e  Nfout                   
00000240  str3                    
0000024e  seconds0                
00000250  seconds1                
00000252  minutes0                
00000254  minutes1                
00000256  digitsArray             
0000025c  fin                     
00000260  Hz                      
00000262  Count                   
00000264  lpm_mode                
00000266  state                   
000003b0  _stack                  
00000400  __STACK_END             
000010c0  TLV_CHECKSUM            
000010da  TLV_ADC10_1_TAG         
000010db  TLV_ADC10_1_LEN         
000010f6  TLV_DCO_30_TAG          
000010f7  TLV_DCO_30_LEN          
000010f8  CALDCO_16MHZ            
000010f9  CALBC1_16MHZ            
000010fa  CALDCO_12MHZ            
000010fb  CALBC1_12MHZ            
000010fc  CALDCO_8MHZ             
000010fd  CALBC1_8MHZ             
000010fe  CALDCO_1MHZ             
000010ff  CALBC1_1MHZ             
0000c000  __TI_frcdivd            
0000c480  __mspabi_addd           
0000c768  __TI_frcmpyd            
0000c9ee  __mspabi_mpyd           
0000cc5c  __TI_frcaddd            
0000cebc  __mspabi_divd           
0000d0f4  __TI_renormd            
0000d1b2  state3Func              
0000d266  PBs_handler             
0000d314  lcd_init                
0000d3c2  state1Func              
0000d46c  state4Func              
0000d510  __mspabi_divf           
0000d5ac  GPIOconfig              
0000d63e  __mspabi_cvtdf          
0000d6ca  main                    
0000d752  __TI_decompress_lzss    
0000d7ce  __mspabi_cvtfd          
0000d840  SWs_handler             
0000d8b0  _auto_init              
0000d91e  __mspabi_fixfi          
0000d986  state2Func              
0000d9ec  __mspabi_srll_15        
0000d9f2  __mspabi_srll_14        
0000d9f8  __mspabi_srll_13        
0000d9fe  __mspabi_srll_12        
0000da04  __mspabi_srll_11        
0000da0a  __mspabi_srll_10        
0000da10  __mspabi_srll_9         
0000da16  __mspabi_srll_8         
0000da1c  __mspabi_srll_7         
0000da22  __mspabi_srll_6         
0000da28  __mspabi_srll_5         
0000da2e  __mspabi_srll_4         
0000da34  __mspabi_srll_3         
0000da3a  __mspabi_srll_2         
0000da40  __mspabi_srll_1         
0000da48  lcd_data                
0000daa4  copy_in                 
0000dafe  __mspabi_divul          
0000dafe  __mspabi_remul          
0000db56  __mspabi_srli           
0000db64  __mspabi_srli_15        
0000db68  __mspabi_srli_14        
0000db6c  __mspabi_srli_13        
0000db70  __mspabi_srli_12        
0000db74  __mspabi_srli_11        
0000db78  __mspabi_srli_10        
0000db7c  __mspabi_srli_9         
0000db80  __mspabi_srli_8         
0000db84  __mspabi_srli_7         
0000db88  __mspabi_srli_6         
0000db8c  __mspabi_srli_5         
0000db90  __mspabi_srli_4         
0000db94  __mspabi_srli_3         
0000db98  __mspabi_srli_2         
0000db9c  __mspabi_srli_1         
0000dba2  TIMER1_A1_ISR           
0000dbe6  __mspabi_divli          
0000dbe6  __mspabi_remli          
0000dc26  __mspabi_sral_15        
0000dc2a  __mspabi_sral_14        
0000dc2e  __mspabi_sral_13        
0000dc32  __mspabi_sral_12        
0000dc36  __mspabi_sral_11        
0000dc3a  __mspabi_sral_10        
0000dc3e  __mspabi_sral_9         
0000dc42  __mspabi_sral_8         
0000dc46  __mspabi_sral_7         
0000dc4a  __mspabi_sral_6         
0000dc4e  __mspabi_sral_5         
0000dc52  __mspabi_sral_4         
0000dc56  __mspabi_sral_3         
0000dc5a  __mspabi_sral_2         
0000dc5e  __mspabi_sral_1         
0000dc64  __mspabi_slll_15        
0000dc68  __mspabi_slll_14        
0000dc6c  __mspabi_slll_13        
0000dc70  __mspabi_slll_12        
0000dc74  __mspabi_slll_11        
0000dc78  __mspabi_slll_10        
0000dc7c  __mspabi_slll_9         
0000dc80  __mspabi_slll_8         
0000dc84  __mspabi_slll_7         
0000dc88  __mspabi_slll_6         
0000dc8c  __mspabi_slll_5         
0000dc90  __mspabi_slll_4         
0000dc94  __mspabi_slll_3         
0000dc98  __mspabi_slll_2         
0000dc9c  __mspabi_slll_1         
0000dca2  lcd_cmd                 
0000dcde  enterLPM                
0000dd12  FrequnceyToArray        
0000dd44  showToLCD               
0000dd76  __mspabi_srai           
0000dd82  __mspabi_srai_15        
0000dd84  __mspabi_srai_14        
0000dd86  __mspabi_srai_13        
0000dd88  __mspabi_srai_12        
0000dd8a  __mspabi_srai_11        
0000dd8c  __mspabi_srai_10        
0000dd8e  __mspabi_srai_9         
0000dd90  __mspabi_srai_8         
0000dd92  __mspabi_srai_7         
0000dd94  __mspabi_srai_6         
0000dd96  __mspabi_srai_5         
0000dd98  __mspabi_srai_4         
0000dd9a  __mspabi_srai_3         
0000dd9c  __mspabi_srai_2         
0000dd9e  __mspabi_srai_1         
0000dda2  __mspabi_divi           
0000dda2  __mspabi_remi           
0000ddce  __mspabi_slli           
0000ddda  __mspabi_slli_15        
0000dddc  __mspabi_slli_14        
0000ddde  __mspabi_slli_13        
0000dde0  __mspabi_slli_12        
0000dde2  __mspabi_slli_11        
0000dde4  __mspabi_slli_10        
0000dde6  __mspabi_slli_9         
0000dde8  __mspabi_slli_8         
0000ddea  __mspabi_slli_7         
0000ddec  __mspabi_slli_6         
0000ddee  __mspabi_slli_5         
0000ddf0  __mspabi_slli_4         
0000ddf2  __mspabi_slli_3         
0000ddf4  __mspabi_slli_2         
0000ddf6  __mspabi_slli_1         
0000ddfa  __mspabi_mpyl           
0000ddfa  __mspabi_mpyl_sw        
0000de20  __mspabi_fltuf          
0000de44  _c_int00_noargs_noexit  
0000de5e  delay                   
0000de78  lcd_puts                
0000de92  sysConfig               
0000deac  startTimer0A0           
0000dec4  __mspabi_divu           
0000dec4  __mspabi_remu           
0000deda  DelayMs                 
0000deee  TIMER0_A0_config        
0000df02  __TI_zero_init          
0000df16  __mspabi_mpyi           
0000df16  __mspabi_mpyi_sw        
0000df2a  startTimer1A0           
0000df3e  ADCconfig               
0000df50  __TI_decompress_none    
0000df62  __mspabi_srll           
0000df74  lcd_strobe              
0000df86  memcpy                  
0000df98  PWMTimer                
0000dfa8  __mspabi_sral           
0000dfb8  __mspabi_slll           
0000dfc8  __mspabi_func_epilog_7  
0000dfca  __mspabi_func_epilog_6  
0000dfcc  __mspabi_func_epilog_5  
0000dfce  __mspabi_func_epilog_4  
0000dfd0  __mspabi_func_epilog_3  
0000dfd2  __mspabi_func_epilog_2  
0000dfd4  __mspabi_func_epilog_1  
0000dfd8  DelayUs                 
0000dfe6  ADC10_ISR               
0000dff2  TIMER1_A2_config        
0000dffe  ADCoff                  
0000e006  TIMER1_A0_config        
0000e00e  TIMER1_A1_config        
0000e016  Timer_A                 
0000e01e  __TI_ISR_TRAP           
0000e026  startADC                
0000e02e  state1TimerOff          
0000e036  statrTimer1A1           
0000e03e  stopTimer1A1            
0000e046  C$$EXIT                 
0000e046  abort                   
0000e04c  _system_pre_init        
0000e050  enable_interrupts       
0000e054  _system_post_cinit      
0000e09c  __TI_Handler_Table_Base 
0000e0a2  __TI_Handler_Table_Limit
0000e0a6  __TI_CINIT_Base         
0000e0ae  __TI_CINIT_Limit        
0000ffe0  __TI_int00              
0000ffe4  __TI_int02              
0000ffe6  __TI_int03              
0000ffea  __TI_int05              
0000ffec  __TI_int06              
0000ffee  __TI_int07              
0000fff0  __TI_int08              
0000fff2  __TI_int09              
0000fff4  __TI_int10              
0000fff6  __TI_int11              
0000fff8  __TI_int12              
0000fffa  __TI_int13              
0000fffc  __TI_int14              
0000fffe  _reset_vector           
ffffffff  __TI_pprof_out_hndl     
ffffffff  __TI_prof_data_size     
ffffffff  __TI_prof_data_start    
ffffffff  __c_args__              
UNDEFED   __TI_BINIT_Base         
UNDEFED   __TI_BINIT_Limit        
UNDEFED   __TI_INITARRAY_Base     
UNDEFED   __TI_INITARRAY_Limit    

[323 symbols]
