<?xml version="1.0"?>
<link_info>
   <banner>MSP430 Linker PC v16.9.6.LTS</banner>
   <copyright>Copyright (c) 2003-2017 Texas Instruments Incorporated</copyright>
   <link_time>0x668535b1</link_time>
   <link_errors>0x0</link_errors>
   <output_file>LAB3CCS.out</output_file>
   <entry_point>
      <name>_c_int00_noargs_noexit</name>
      <address>0x25f6</address>
   </entry_point>
   <input_file_list>
      <input_file id="fl-2">
         <path>.\source\</path>
         <kind>object</kind>
         <file>api.obj</file>
         <name>api.obj</name>
      </input_file>
      <input_file id="fl-3">
         <path>.\source\</path>
         <kind>object</kind>
         <file>bsp.obj</file>
         <name>bsp.obj</name>
      </input_file>
      <input_file id="fl-4">
         <path>.\source\</path>
         <kind>object</kind>
         <file>halGPIO.obj</file>
         <name>halGPIO.obj</name>
      </input_file>
      <input_file id="fl-5">
         <path>.\source\</path>
         <kind>object</kind>
         <file>main.obj</file>
         <name>main.obj</name>
      </input_file>
      <input_file id="fl-a">
         <kind>object</kind>
         <file>&lt;internal&gt;</file>
         <name>&lt;internal&gt;</name>
      </input_file>
      <input_file id="fl-20">
         <path>C:\ti\ccsv7\tools\compiler\ti-cgt-msp430_16.9.6.LTS\lib\</path>
         <kind>archive</kind>
         <file>rts430x_lc_rd_eabi.lib</file>
         <name>boot.obj</name>
      </input_file>
      <input_file id="fl-21">
         <path>C:\ti\ccsv7\tools\compiler\ti-cgt-msp430_16.9.6.LTS\lib\</path>
         <kind>archive</kind>
         <file>rts430x_lc_rd_eabi.lib</file>
         <name>boot_special.obj</name>
      </input_file>
      <input_file id="fl-22">
         <path>C:\ti\ccsv7\tools\compiler\ti-cgt-msp430_16.9.6.LTS\lib\</path>
         <kind>archive</kind>
         <file>rts430x_lc_rd_eabi.lib</file>
         <name>copy_decompress_lzss.obj</name>
      </input_file>
      <input_file id="fl-23">
         <path>C:\ti\ccsv7\tools\compiler\ti-cgt-msp430_16.9.6.LTS\lib\</path>
         <kind>archive</kind>
         <file>rts430x_lc_rd_eabi.lib</file>
         <name>copy_decompress_none.obj</name>
      </input_file>
      <input_file id="fl-24">
         <path>C:\ti\ccsv7\tools\compiler\ti-cgt-msp430_16.9.6.LTS\lib\</path>
         <kind>archive</kind>
         <file>rts430x_lc_rd_eabi.lib</file>
         <name>copy_zero_init.obj</name>
      </input_file>
      <input_file id="fl-25">
         <path>C:\ti\ccsv7\tools\compiler\ti-cgt-msp430_16.9.6.LTS\lib\</path>
         <kind>archive</kind>
         <file>rts430x_lc_rd_eabi.lib</file>
         <name>div16s.obj</name>
      </input_file>
      <input_file id="fl-26">
         <path>C:\ti\ccsv7\tools\compiler\ti-cgt-msp430_16.9.6.LTS\lib\</path>
         <kind>archive</kind>
         <file>rts430x_lc_rd_eabi.lib</file>
         <name>div16u.obj</name>
      </input_file>
      <input_file id="fl-27">
         <path>C:\ti\ccsv7\tools\compiler\ti-cgt-msp430_16.9.6.LTS\lib\</path>
         <kind>archive</kind>
         <file>rts430x_lc_rd_eabi.lib</file>
         <name>exit.obj</name>
      </input_file>
      <input_file id="fl-28">
         <path>C:\ti\ccsv7\tools\compiler\ti-cgt-msp430_16.9.6.LTS\lib\</path>
         <kind>archive</kind>
         <file>rts430x_lc_rd_eabi.lib</file>
         <name>exit_gvars.obj</name>
      </input_file>
      <input_file id="fl-29">
         <path>C:\ti\ccsv7\tools\compiler\ti-cgt-msp430_16.9.6.LTS\lib\</path>
         <kind>archive</kind>
         <file>rts430x_lc_rd_eabi.lib</file>
         <name>int16.obj</name>
      </input_file>
      <input_file id="fl-2a">
         <path>C:\ti\ccsv7\tools\compiler\ti-cgt-msp430_16.9.6.LTS\lib\</path>
         <kind>archive</kind>
         <file>rts430x_lc_rd_eabi.lib</file>
         <name>int18.obj</name>
      </input_file>
      <input_file id="fl-2b">
         <path>C:\ti\ccsv7\tools\compiler\ti-cgt-msp430_16.9.6.LTS\lib\</path>
         <kind>archive</kind>
         <file>rts430x_lc_rd_eabi.lib</file>
         <name>int19.obj</name>
      </input_file>
      <input_file id="fl-2c">
         <path>C:\ti\ccsv7\tools\compiler\ti-cgt-msp430_16.9.6.LTS\lib\</path>
         <kind>archive</kind>
         <file>rts430x_lc_rd_eabi.lib</file>
         <name>int21.obj</name>
      </input_file>
      <input_file id="fl-2d">
         <path>C:\ti\ccsv7\tools\compiler\ti-cgt-msp430_16.9.6.LTS\lib\</path>
         <kind>archive</kind>
         <file>rts430x_lc_rd_eabi.lib</file>
         <name>int23.obj</name>
      </input_file>
      <input_file id="fl-2e">
         <path>C:\ti\ccsv7\tools\compiler\ti-cgt-msp430_16.9.6.LTS\lib\</path>
         <kind>archive</kind>
         <file>rts430x_lc_rd_eabi.lib</file>
         <name>int24.obj</name>
      </input_file>
      <input_file id="fl-2f">
         <path>C:\ti\ccsv7\tools\compiler\ti-cgt-msp430_16.9.6.LTS\lib\</path>
         <kind>archive</kind>
         <file>rts430x_lc_rd_eabi.lib</file>
         <name>int25.obj</name>
      </input_file>
      <input_file id="fl-30">
         <path>C:\ti\ccsv7\tools\compiler\ti-cgt-msp430_16.9.6.LTS\lib\</path>
         <kind>archive</kind>
         <file>rts430x_lc_rd_eabi.lib</file>
         <name>int26.obj</name>
      </input_file>
      <input_file id="fl-31">
         <path>C:\ti\ccsv7\tools\compiler\ti-cgt-msp430_16.9.6.LTS\lib\</path>
         <kind>archive</kind>
         <file>rts430x_lc_rd_eabi.lib</file>
         <name>int27.obj</name>
      </input_file>
      <input_file id="fl-32">
         <path>C:\ti\ccsv7\tools\compiler\ti-cgt-msp430_16.9.6.LTS\lib\</path>
         <kind>archive</kind>
         <file>rts430x_lc_rd_eabi.lib</file>
         <name>int28.obj</name>
      </input_file>
      <input_file id="fl-33">
         <path>C:\ti\ccsv7\tools\compiler\ti-cgt-msp430_16.9.6.LTS\lib\</path>
         <kind>archive</kind>
         <file>rts430x_lc_rd_eabi.lib</file>
         <name>int30.obj</name>
      </input_file>
      <input_file id="fl-34">
         <path>C:\ti\ccsv7\tools\compiler\ti-cgt-msp430_16.9.6.LTS\lib\</path>
         <kind>archive</kind>
         <file>rts430x_lc_rd_eabi.lib</file>
         <name>isr_trap.obj</name>
      </input_file>
      <input_file id="fl-35">
         <path>C:\ti\ccsv7\tools\compiler\ti-cgt-msp430_16.9.6.LTS\lib\</path>
         <kind>archive</kind>
         <file>rts430x_lc_rd_eabi.lib</file>
         <name>memcpy.obj</name>
      </input_file>
      <input_file id="fl-36">
         <path>C:\ti\ccsv7\tools\compiler\ti-cgt-msp430_16.9.6.LTS\lib\</path>
         <kind>archive</kind>
         <file>rts430x_lc_rd_eabi.lib</file>
         <name>mpu_init.obj</name>
      </input_file>
      <input_file id="fl-37">
         <path>C:\ti\ccsv7\tools\compiler\ti-cgt-msp430_16.9.6.LTS\lib\</path>
         <kind>archive</kind>
         <file>rts430x_lc_rd_eabi.lib</file>
         <name>mult16.obj</name>
      </input_file>
      <input_file id="fl-38">
         <path>C:\ti\ccsv7\tools\compiler\ti-cgt-msp430_16.9.6.LTS\lib\</path>
         <kind>archive</kind>
         <file>rts430x_lc_rd_eabi.lib</file>
         <name>mult1632_hw.obj</name>
      </input_file>
      <input_file id="fl-39">
         <path>C:\ti\ccsv7\tools\compiler\ti-cgt-msp430_16.9.6.LTS\lib\</path>
         <kind>archive</kind>
         <file>rts430x_lc_rd_eabi.lib</file>
         <name>mult16_hw.obj</name>
      </input_file>
      <input_file id="fl-3a">
         <path>C:\ti\ccsv7\tools\compiler\ti-cgt-msp430_16.9.6.LTS\lib\</path>
         <kind>archive</kind>
         <file>rts430x_lc_rd_eabi.lib</file>
         <name>mult32.obj</name>
      </input_file>
      <input_file id="fl-3b">
         <path>C:\ti\ccsv7\tools\compiler\ti-cgt-msp430_16.9.6.LTS\lib\</path>
         <kind>archive</kind>
         <file>rts430x_lc_rd_eabi.lib</file>
         <name>mult3264_hw.obj</name>
      </input_file>
      <input_file id="fl-3c">
         <path>C:\ti\ccsv7\tools\compiler\ti-cgt-msp430_16.9.6.LTS\lib\</path>
         <kind>archive</kind>
         <file>rts430x_lc_rd_eabi.lib</file>
         <name>mult32_hw.obj</name>
      </input_file>
      <input_file id="fl-3d">
         <path>C:\ti\ccsv7\tools\compiler\ti-cgt-msp430_16.9.6.LTS\lib\</path>
         <kind>archive</kind>
         <file>rts430x_lc_rd_eabi.lib</file>
         <name>mult64_hw.obj</name>
      </input_file>
      <input_file id="fl-3e">
         <path>C:\ti\ccsv7\tools\compiler\ti-cgt-msp430_16.9.6.LTS\lib\</path>
         <kind>archive</kind>
         <file>rts430x_lc_rd_eabi.lib</file>
         <name>pre_init.obj</name>
      </input_file>
      <input_file id="fl-3f">
         <path>C:\ti\ccsv7\tools\compiler\ti-cgt-msp430_16.9.6.LTS\lib\</path>
         <kind>archive</kind>
         <file>rts430x_lc_rd_eabi.lib</file>
         <name>_lock.obj</name>
      </input_file>
      <input_file id="fl-40">
         <path>C:\ti\ccsv7\tools\compiler\ti-cgt-msp430_16.9.6.LTS\lib\</path>
         <kind>archive</kind>
         <file>rts430x_lc_rd_eabi.lib</file>
         <name>args_main.obj</name>
      </input_file>
      <input_file id="fl-41">
         <path>C:\ti\ccsv7\tools\compiler\ti-cgt-msp430_16.9.6.LTS\lib\</path>
         <kind>archive</kind>
         <file>rts430x_lc_rd_eabi.lib</file>
         <name>autoinit_wdt.obj</name>
      </input_file>
      <input_file id="fl-42">
         <path>C:\ti\ccsv7\tools\compiler\ti-cgt-msp430_16.9.6.LTS\lib\</path>
         <kind>archive</kind>
         <file>rts430x_lc_rd_eabi.lib</file>
         <name>cpy_tbl.obj</name>
      </input_file>
      <input_file id="fl-43">
         <path>C:\ti\ccsv7\tools\compiler\ti-cgt-msp430_16.9.6.LTS\lib\</path>
         <kind>archive</kind>
         <file>rts430x_lc_rd_eabi.lib</file>
         <name>startup.obj</name>
      </input_file>
   </input_file_list>
   <object_component_list>
      <object_component id="oc-231">
         <name>.common:KeypadCounter</name>
         <uninitialized>true</uninitialized>
         <run_address>0x13e4</run_address>
         <size>0x2</size>
      </object_component>
      <object_component id="oc-35f">
         <name>.common:temp1</name>
         <uninitialized>true</uninitialized>
         <run_address>0x13ea</run_address>
         <size>0x2</size>
      </object_component>
      <object_component id="oc-360">
         <name>.common:temp2</name>
         <uninitialized>true</uninitialized>
         <run_address>0x13ec</run_address>
         <size>0x2</size>
      </object_component>
      <object_component id="oc-228">
         <name>.common:state</name>
         <uninitialized>true</uninitialized>
         <run_address>0x13e8</run_address>
         <size>0x2</size>
      </object_component>
      <object_component id="oc-245">
         <name>.common:lpm_mode</name>
         <uninitialized>true</uninitialized>
         <run_address>0x13e6</run_address>
         <size>0x2</size>
      </object_component>
      <object_component id="oc-23a">
         <name>.common:KB</name>
         <uninitialized>true</uninitialized>
         <run_address>0x13e2</run_address>
         <size>0x2</size>
      </object_component>
      <object_component id="oc-243">
         <name>.common:KA</name>
         <uninitialized>true</uninitialized>
         <run_address>0x13e0</run_address>
         <size>0x2</size>
      </object_component>
      <object_component id="oc-23b">
         <name>.data</name>
         <load_address>0x13be</load_address>
         <run_address>0x13be</run_address>
         <size>0xa</size>
         <input_file_ref idref="fl-2"/>
      </object_component>
      <object_component id="oc-349">
         <name>.data:LEDnums</name>
         <load_address>0x13d0</load_address>
         <run_address>0x13d0</run_address>
         <size>0x8</size>
         <input_file_ref idref="fl-2"/>
      </object_component>
      <object_component id="oc-36b">
         <name>.data:FirstSpaces</name>
         <load_address>0x13c8</load_address>
         <run_address>0x13c8</run_address>
         <size>0x8</size>
         <input_file_ref idref="fl-2"/>
      </object_component>
      <object_component id="oc-374">
         <name>.data:SecondSpaces</name>
         <load_address>0x13d8</load_address>
         <run_address>0x13d8</run_address>
         <size>0x8</size>
         <input_file_ref idref="fl-2"/>
      </object_component>
      <object_component id="oc-31c">
         <name>.data:index4</name>
         <load_address>0x13b0</load_address>
         <run_address>0x13b0</run_address>
         <size>0xe</size>
         <input_file_ref idref="fl-2"/>
      </object_component>
      <object_component id="oc-368">
         <name>.data:data_matrix</name>
         <load_address>0x1100</load_address>
         <run_address>0x1100</run_address>
         <size>0x17c</size>
         <input_file_ref idref="fl-5"/>
      </object_component>
      <object_component id="oc-319">
         <name>.data:str</name>
         <load_address>0x127c</load_address>
         <run_address>0x127c</run_address>
         <size>0x64</size>
         <input_file_ref idref="fl-5"/>
      </object_component>
      <object_component id="oc-331">
         <name>.data:strSwap</name>
         <load_address>0x12e0</load_address>
         <run_address>0x12e0</run_address>
         <size>0x64</size>
         <input_file_ref idref="fl-5"/>
      </object_component>
      <object_component id="oc-382">
         <name>.data:idiom_recorder</name>
         <load_address>0x1390</load_address>
         <run_address>0x1390</run_address>
         <size>0x20</size>
         <input_file_ref idref="fl-5"/>
      </object_component>
      <object_component id="oc-377">
         <name>.data:strMerge</name>
         <load_address>0x1344</load_address>
         <run_address>0x1344</run_address>
         <size>0x4c</size>
         <input_file_ref idref="fl-5"/>
      </object_component>
      <object_component id="oc-190">
         <name>.stack</name>
         <uninitialized>true</uninitialized>
         <run_address>0x20b0</run_address>
         <size>0x4</size>
         <input_file_ref idref="fl-20"/>
      </object_component>
      <object_component id="oc-42b">
         <name>.stack</name>
         <uninitialized>true</uninitialized>
         <run_address>0x20b0</run_address>
         <size>0x0</size>
      </object_component>
      <object_component id="oc-297">
         <name>.text:state2Func</name>
         <load_address>0x10000</load_address>
         <run_address>0x10000</run_address>
         <size>0x1c4</size>
         <input_file_ref idref="fl-2"/>
      </object_component>
      <object_component id="oc-27f">
         <name>.text:state4Func</name>
         <load_address>0x101c4</load_address>
         <run_address>0x101c4</run_address>
         <size>0x178</size>
         <input_file_ref idref="fl-2"/>
      </object_component>
      <object_component id="oc-36e">
         <name>.text:BlocksSizeArr</name>
         <load_address>0x1033c</load_address>
         <run_address>0x1033c</run_address>
         <size>0xd4</size>
         <input_file_ref idref="fl-2"/>
      </object_component>
      <object_component id="oc-279">
         <name>.text:lcd_init</name>
         <load_address>0x10410</load_address>
         <run_address>0x10410</run_address>
         <size>0xae</size>
         <input_file_ref idref="fl-4"/>
      </object_component>
      <object_component id="oc-305">
         <name>.text:GPIOconfig</name>
         <load_address>0x104be</load_address>
         <run_address>0x104be</run_address>
         <size>0xac</size>
         <input_file_ref idref="fl-3"/>
      </object_component>
      <object_component id="oc-1f6">
         <name>.text:main</name>
         <load_address>0x1056a</load_address>
         <run_address>0x1056a</run_address>
         <size>0x84</size>
         <input_file_ref idref="fl-5"/>
      </object_component>
      <object_component id="oc-1dc">
         <name>.text:_auto_init_hold_wdt</name>
         <load_address>0x105ee</load_address>
         <run_address>0x105ee</run_address>
         <size>0x82</size>
         <input_file_ref idref="fl-41"/>
      </object_component>
      <object_component id="oc-46">
         <name>.text:decompress:lzss:__TI_decompress_lzss</name>
         <load_address>0x10670</load_address>
         <run_address>0x10670</run_address>
         <size>0x76</size>
         <input_file_ref idref="fl-22"/>
      </object_component>
      <object_component id="oc-2a3">
         <name>.text:state1Func</name>
         <load_address>0x106e6</load_address>
         <run_address>0x106e6</run_address>
         <size>0x72</size>
         <input_file_ref idref="fl-2"/>
      </object_component>
      <object_component id="oc-31f">
         <name>.text:BlockSizeStr</name>
         <load_address>0x10758</load_address>
         <run_address>0x10758</run_address>
         <size>0x6a</size>
         <input_file_ref idref="fl-2"/>
      </object_component>
      <object_component id="oc-24c">
         <name>.text:copy_in</name>
         <load_address>0x107c2</load_address>
         <run_address>0x107c2</run_address>
         <size>0x64</size>
         <input_file_ref idref="fl-42"/>
      </object_component>
      <object_component id="oc-291">
         <name>.text:state3Func</name>
         <load_address>0x10826</load_address>
         <run_address>0x10826</run_address>
         <size>0x5a</size>
         <input_file_ref idref="fl-2"/>
      </object_component>
      <object_component id="oc-385">
         <name>.text:lcd_data</name>
         <load_address>0x10880</load_address>
         <run_address>0x10880</run_address>
         <size>0x56</size>
         <input_file_ref idref="fl-4"/>
      </object_component>
      <object_component id="oc-33a">
         <name>.text:lcd_puts</name>
         <load_address>0x108d6</load_address>
         <run_address>0x108d6</run_address>
         <size>0x44</size>
         <input_file_ref idref="fl-4"/>
      </object_component>
      <object_component id="oc-234">
         <name>.text:lcd_cmd</name>
         <load_address>0x1091a</load_address>
         <run_address>0x1091a</run_address>
         <size>0x36</size>
         <input_file_ref idref="fl-4"/>
      </object_component>
      <object_component id="oc-2a9">
         <name>.text:enterLPM</name>
         <load_address>0x10950</load_address>
         <run_address>0x10950</run_address>
         <size>0x34</size>
         <input_file_ref idref="fl-4"/>
      </object_component>
      <object_component id="oc-362">
         <name>.text:getRowNum</name>
         <load_address>0x10984</load_address>
         <run_address>0x10984</run_address>
         <size>0x32</size>
         <input_file_ref idref="fl-2"/>
      </object_component>
      <object_component id="oc-3cf">
         <name>.text</name>
         <load_address>0x109b6</load_address>
         <run_address>0x109b6</run_address>
         <size>0x32</size>
         <input_file_ref idref="fl-3c"/>
      </object_component>
      <object_component id="oc-37a">
         <name>.text:startDMA0</name>
         <load_address>0x109e8</load_address>
         <run_address>0x109e8</run_address>
         <size>0x32</size>
         <input_file_ref idref="fl-4"/>
      </object_component>
      <object_component id="oc-23e">
         <name>.text</name>
         <load_address>0x10a1a</load_address>
         <run_address>0x10a1a</run_address>
         <size>0x2c</size>
         <input_file_ref idref="fl-25"/>
      </object_component>
      <object_component id="oc-28b">
         <name>.text:DMA1config</name>
         <load_address>0x10a46</load_address>
         <run_address>0x10a46</run_address>
         <size>0x28</size>
         <input_file_ref idref="fl-3"/>
      </object_component>
      <object_component id="oc-62">
         <name>.text:decompress:ZI:__TI_zero_init</name>
         <load_address>0x10a6e</load_address>
         <run_address>0x10a6e</run_address>
         <size>0x24</size>
         <input_file_ref idref="fl-24"/>
      </object_component>
      <object_component id="oc-334">
         <name>.text:startDMA2</name>
         <load_address>0x10a92</load_address>
         <run_address>0x10a92</run_address>
         <size>0x1c</size>
         <input_file_ref idref="fl-4"/>
      </object_component>
      <object_component id="oc-222">
         <name>.text:delay</name>
         <load_address>0x10aae</load_address>
         <run_address>0x10aae</run_address>
         <size>0x1a</size>
         <input_file_ref idref="fl-4"/>
      </object_component>
      <object_component id="oc-38b">
         <name>.text:TIMER0_A0_config</name>
         <load_address>0x10ac8</load_address>
         <run_address>0x10ac8</run_address>
         <size>0x18</size>
         <input_file_ref idref="fl-3"/>
      </object_component>
      <object_component id="oc-2d6">
         <name>.text</name>
         <load_address>0x10ae0</load_address>
         <run_address>0x10ae0</run_address>
         <size>0x18</size>
         <input_file_ref idref="fl-39"/>
      </object_component>
      <object_component id="oc-29d">
         <name>.text:ClearStrMerge</name>
         <load_address>0x10af8</load_address>
         <run_address>0x10af8</run_address>
         <size>0x16</size>
         <input_file_ref idref="fl-2"/>
      </object_component>
      <object_component id="oc-2d0">
         <name>.text</name>
         <load_address>0x10b0e</load_address>
         <run_address>0x10b0e</run_address>
         <size>0x16</size>
         <input_file_ref idref="fl-26"/>
      </object_component>
      <object_component id="oc-2c1">
         <name>.text:DelayMs</name>
         <load_address>0x10b24</load_address>
         <run_address>0x10b24</run_address>
         <size>0x14</size>
         <input_file_ref idref="fl-4"/>
      </object_component>
      <object_component id="oc-19f">
         <name>.text:memcpy</name>
         <load_address>0x10b38</load_address>
         <run_address>0x10b38</run_address>
         <size>0x14</size>
         <input_file_ref idref="fl-35"/>
      </object_component>
      <object_component id="oc-391">
         <name>.text:startTimer0A0</name>
         <load_address>0x10b4c</load_address>
         <run_address>0x10b4c</run_address>
         <size>0x14</size>
         <input_file_ref idref="fl-4"/>
      </object_component>
      <object_component id="oc-4c">
         <name>.text:decompress:none:__TI_decompress_none</name>
         <load_address>0x10b60</load_address>
         <run_address>0x10b60</run_address>
         <size>0x12</size>
         <input_file_ref idref="fl-23"/>
      </object_component>
      <object_component id="oc-2c7">
         <name>.text:lcd_strobe</name>
         <load_address>0x10b72</load_address>
         <run_address>0x10b72</run_address>
         <size>0x12</size>
         <input_file_ref idref="fl-4"/>
      </object_component>
      <object_component id="oc-358">
         <name>.text:TimerBstart</name>
         <load_address>0x10b84</load_address>
         <run_address>0x10b84</run_address>
         <size>0x10</size>
         <input_file_ref idref="fl-4"/>
      </object_component>
      <object_component id="oc-312">
         <name>.text:DelayUs</name>
         <load_address>0x10b94</load_address>
         <run_address>0x10b94</run_address>
         <size>0xe</size>
         <input_file_ref idref="fl-4"/>
      </object_component>
      <object_component id="oc-30b">
         <name>.text:TimerBconfig</name>
         <load_address>0x10ba2</load_address>
         <run_address>0x10ba2</run_address>
         <size>0xe</size>
         <input_file_ref idref="fl-3"/>
      </object_component>
      <object_component id="oc-3b8">
         <name>.text:StopTimerB</name>
         <load_address>0x10bb0</load_address>
         <run_address>0x10bb0</run_address>
         <size>0xa</size>
         <input_file_ref idref="fl-4"/>
      </object_component>
      <object_component id="oc-34c">
         <name>.text:setDMA1src</name>
         <load_address>0x10bba</load_address>
         <run_address>0x10bba</run_address>
         <size>0xa</size>
         <input_file_ref idref="fl-4"/>
      </object_component>
      <object_component id="oc-22b">
         <name>.text:stopTimer0A0</name>
         <load_address>0x10bc4</load_address>
         <run_address>0x10bc4</run_address>
         <size>0xa</size>
         <input_file_ref idref="fl-4"/>
      </object_component>
      <object_component id="oc-325">
         <name>.text:stop_timers</name>
         <load_address>0x10bce</load_address>
         <run_address>0x10bce</run_address>
         <size>0xa</size>
         <input_file_ref idref="fl-4"/>
      </object_component>
      <object_component id="oc-273">
         <name>.text:sysConfig</name>
         <load_address>0x10bd8</load_address>
         <run_address>0x10bd8</run_address>
         <size>0xa</size>
         <input_file_ref idref="fl-4"/>
      </object_component>
      <object_component id="oc-32b">
         <name>.text:disable_TimerBCCIE</name>
         <load_address>0x10be2</load_address>
         <run_address>0x10be2</run_address>
         <size>0x8</size>
         <input_file_ref idref="fl-4"/>
      </object_component>
      <object_component id="oc-352">
         <name>.text:enableDMA1</name>
         <load_address>0x10bea</load_address>
         <run_address>0x10bea</run_address>
         <size>0x8</size>
         <input_file_ref idref="fl-4"/>
      </object_component>
      <object_component id="oc-340">
         <name>.text:enable_interrupts</name>
         <load_address>0x10bf2</load_address>
         <run_address>0x10bf2</run_address>
         <size>0x8</size>
         <input_file_ref idref="fl-4"/>
      </object_component>
      <object_component id="oc-285">
         <name>.text:Clear_LEDs</name>
         <load_address>0x10bfa</load_address>
         <run_address>0x10bfa</run_address>
         <size>0x6</size>
         <input_file_ref idref="fl-4"/>
      </object_component>
      <object_component id="oc-1fe">
         <name>.text:abort</name>
         <load_address>0x10c00</load_address>
         <run_address>0x10c00</run_address>
         <size>0x6</size>
         <input_file_ref idref="fl-27"/>
      </object_component>
      <object_component id="oc-1d6">
         <name>.text:_system_pre_init</name>
         <load_address>0x10c06</load_address>
         <run_address>0x10c06</run_address>
         <size>0x4</size>
         <input_file_ref idref="fl-3e"/>
      </object_component>
      <object_component id="oc-252">
         <name>.text:_system_post_cinit</name>
         <load_address>0x10c0a</load_address>
         <run_address>0x10c0a</run_address>
         <size>0x2</size>
         <input_file_ref idref="fl-43"/>
      </object_component>
      <object_component id="oc-1b7">
         <name>.text:_isr:Keypad_handler</name>
         <load_address>0x2100</load_address>
         <run_address>0x2100</run_address>
         <size>0x442</size>
         <input_file_ref idref="fl-4"/>
      </object_component>
      <object_component id="oc-1bd">
         <name>.text:_isr:PBs_handler</name>
         <load_address>0x2542</load_address>
         <run_address>0x2542</run_address>
         <size>0x8c</size>
         <input_file_ref idref="fl-4"/>
      </object_component>
      <object_component id="oc-1c3">
         <name>.text:_isr:Timer_A</name>
         <load_address>0x25ce</load_address>
         <run_address>0x25ce</run_address>
         <size>0x28</size>
         <input_file_ref idref="fl-4"/>
      </object_component>
      <object_component id="oc-80">
         <name>.text:_isr:_c_int00_noargs_noexit</name>
         <load_address>0x25f6</load_address>
         <run_address>0x25f6</run_address>
         <size>0x1a</size>
         <input_file_ref idref="fl-21"/>
      </object_component>
      <object_component id="oc-1ac">
         <name>.text:_isr:DMA_ISR</name>
         <load_address>0x2610</load_address>
         <run_address>0x2610</run_address>
         <size>0x10</size>
         <input_file_ref idref="fl-4"/>
      </object_component>
      <object_component id="oc-1c9">
         <name>.text:_isr:Timer_B</name>
         <load_address>0x2620</load_address>
         <run_address>0x2620</run_address>
         <size>0xc</size>
         <input_file_ref idref="fl-4"/>
      </object_component>
      <object_component id="oc-1b2">
         <name>.text:_isr:__TI_ISR_TRAP</name>
         <load_address>0x262c</load_address>
         <run_address>0x262c</run_address>
         <size>0x8</size>
         <input_file_ref idref="fl-34"/>
      </object_component>
      <object_component id="oc-42a">
         <name>.cinit..data.load</name>
         <load_address>0x266e</load_address>
         <run_address>0x266e</run_address>
         <size>0x182</size>
      </object_component>
      <object_component id="oc-427">
         <name>__TI_handler_table</name>
         <load_address>0x27f0</load_address>
         <run_address>0x27f0</run_address>
         <size>0xc</size>
      </object_component>
      <object_component id="oc-429">
         <name>.cinit..bss.load</name>
         <load_address>0x27fc</load_address>
         <run_address>0x27fc</run_address>
         <size>0x6</size>
      </object_component>
      <object_component id="oc-428">
         <name>__TI_cinit_table</name>
         <load_address>0x2802</load_address>
         <run_address>0x2802</run_address>
         <size>0x10</size>
      </object_component>
      <object_component id="oc-361">
         <name>.const:.string</name>
         <load_address>0x2634</load_address>
         <run_address>0x2634</run_address>
         <size>0x3a</size>
         <input_file_ref idref="fl-2"/>
      </object_component>
      <object_component id="oc-3e2">
         <name>.binit</name>
         <load_address>0x2100</load_address>
         <run_address>0x2100</run_address>
         <size>0x0</size>
      </object_component>
      <object_component id="oc-52">
         <name>.int15</name>
         <load_address>0xffde</load_address>
         <run_address>0xffde</run_address>
         <size>0x2</size>
         <input_file_ref idref="fl-4"/>
      </object_component>
      <object_component id="oc-53">
         <name>.int16</name>
         <load_address>0xffe0</load_address>
         <run_address>0xffe0</run_address>
         <size>0x2</size>
         <input_file_ref idref="fl-29"/>
      </object_component>
      <object_component id="oc-54">
         <name>.int17</name>
         <load_address>0xffe2</load_address>
         <run_address>0xffe2</run_address>
         <size>0x2</size>
         <input_file_ref idref="fl-4"/>
      </object_component>
      <object_component id="oc-55">
         <name>.int18</name>
         <load_address>0xffe4</load_address>
         <run_address>0xffe4</run_address>
         <size>0x2</size>
         <input_file_ref idref="fl-2a"/>
      </object_component>
      <object_component id="oc-56">
         <name>.int19</name>
         <load_address>0xffe6</load_address>
         <run_address>0xffe6</run_address>
         <size>0x2</size>
         <input_file_ref idref="fl-2b"/>
      </object_component>
      <object_component id="oc-57">
         <name>.int20</name>
         <load_address>0xffe8</load_address>
         <run_address>0xffe8</run_address>
         <size>0x2</size>
         <input_file_ref idref="fl-4"/>
      </object_component>
      <object_component id="oc-58">
         <name>.int21</name>
         <load_address>0xffea</load_address>
         <run_address>0xffea</run_address>
         <size>0x2</size>
         <input_file_ref idref="fl-2c"/>
      </object_component>
      <object_component id="oc-59">
         <name>.int22</name>
         <load_address>0xffec</load_address>
         <run_address>0xffec</run_address>
         <size>0x2</size>
         <input_file_ref idref="fl-4"/>
      </object_component>
      <object_component id="oc-5a">
         <name>.int23</name>
         <load_address>0xffee</load_address>
         <run_address>0xffee</run_address>
         <size>0x2</size>
         <input_file_ref idref="fl-2d"/>
      </object_component>
      <object_component id="oc-5b">
         <name>.int24</name>
         <load_address>0xfff0</load_address>
         <run_address>0xfff0</run_address>
         <size>0x2</size>
         <input_file_ref idref="fl-2e"/>
      </object_component>
      <object_component id="oc-5c">
         <name>.int25</name>
         <load_address>0xfff2</load_address>
         <run_address>0xfff2</run_address>
         <size>0x2</size>
         <input_file_ref idref="fl-2f"/>
      </object_component>
      <object_component id="oc-5d">
         <name>.int26</name>
         <load_address>0xfff4</load_address>
         <run_address>0xfff4</run_address>
         <size>0x2</size>
         <input_file_ref idref="fl-30"/>
      </object_component>
      <object_component id="oc-5e">
         <name>.int27</name>
         <load_address>0xfff6</load_address>
         <run_address>0xfff6</run_address>
         <size>0x2</size>
         <input_file_ref idref="fl-31"/>
      </object_component>
      <object_component id="oc-5f">
         <name>.int28</name>
         <load_address>0xfff8</load_address>
         <run_address>0xfff8</run_address>
         <size>0x2</size>
         <input_file_ref idref="fl-32"/>
      </object_component>
      <object_component id="oc-60">
         <name>.int29</name>
         <load_address>0xfffa</load_address>
         <run_address>0xfffa</run_address>
         <size>0x2</size>
         <input_file_ref idref="fl-4"/>
      </object_component>
      <object_component id="oc-61">
         <name>.int30</name>
         <load_address>0xfffc</load_address>
         <run_address>0xfffc</run_address>
         <size>0x2</size>
         <input_file_ref idref="fl-33"/>
      </object_component>
      <object_component id="oc-193">
         <name>.reset</name>
         <load_address>0xfffe</load_address>
         <run_address>0xfffe</run_address>
         <size>0x2</size>
         <input_file_ref idref="fl-20"/>
      </object_component>
      <object_component id="oc-232">
         <name>.debug_info</name>
         <load_address>0x0</load_address>
         <run_address>0x0</run_address>
         <size>0x59e</size>
         <input_file_ref idref="fl-2"/>
      </object_component>
      <object_component id="oc-23c">
         <name>.debug_info</name>
         <load_address>0x59e</load_address>
         <run_address>0x59e</run_address>
         <size>0x195</size>
         <input_file_ref idref="fl-2"/>
      </object_component>
      <object_component id="oc-34a">
         <name>.debug_info</name>
         <load_address>0x733</load_address>
         <run_address>0x733</run_address>
         <size>0xdd</size>
         <input_file_ref idref="fl-2"/>
      </object_component>
      <object_component id="oc-36c">
         <name>.debug_info</name>
         <load_address>0x810</load_address>
         <run_address>0x810</run_address>
         <size>0xe5</size>
         <input_file_ref idref="fl-2"/>
      </object_component>
      <object_component id="oc-375">
         <name>.debug_info</name>
         <load_address>0x8f5</load_address>
         <run_address>0x8f5</run_address>
         <size>0xe7</size>
         <input_file_ref idref="fl-2"/>
      </object_component>
      <object_component id="oc-31d">
         <name>.debug_info</name>
         <load_address>0x9dc</load_address>
         <run_address>0x9dc</run_address>
         <size>0xdb</size>
         <input_file_ref idref="fl-2"/>
      </object_component>
      <object_component id="oc-2a4">
         <name>.debug_info</name>
         <load_address>0xab7</load_address>
         <run_address>0xab7</run_address>
         <size>0x1a1</size>
         <input_file_ref idref="fl-2"/>
      </object_component>
      <object_component id="oc-298">
         <name>.debug_info</name>
         <load_address>0xc58</load_address>
         <run_address>0xc58</run_address>
         <size>0x29e</size>
         <input_file_ref idref="fl-2"/>
      </object_component>
      <object_component id="oc-36f">
         <name>.debug_info</name>
         <load_address>0xef6</load_address>
         <run_address>0xef6</run_address>
         <size>0x213</size>
         <input_file_ref idref="fl-2"/>
      </object_component>
      <object_component id="oc-363">
         <name>.debug_info</name>
         <load_address>0x1109</load_address>
         <run_address>0x1109</run_address>
         <size>0x1a6</size>
         <input_file_ref idref="fl-2"/>
      </object_component>
      <object_component id="oc-29e">
         <name>.debug_info</name>
         <load_address>0x12af</load_address>
         <run_address>0x12af</run_address>
         <size>0x12a</size>
         <input_file_ref idref="fl-2"/>
      </object_component>
      <object_component id="oc-292">
         <name>.debug_info</name>
         <load_address>0x13d9</load_address>
         <run_address>0x13d9</run_address>
         <size>0x1bb</size>
         <input_file_ref idref="fl-2"/>
      </object_component>
      <object_component id="oc-320">
         <name>.debug_info</name>
         <load_address>0x1594</load_address>
         <run_address>0x1594</run_address>
         <size>0x1a0</size>
         <input_file_ref idref="fl-2"/>
      </object_component>
      <object_component id="oc-280">
         <name>.debug_info</name>
         <load_address>0x1734</load_address>
         <run_address>0x1734</run_address>
         <size>0x264</size>
         <input_file_ref idref="fl-2"/>
      </object_component>
      <object_component id="oc-2b9">
         <name>.debug_info</name>
         <load_address>0x1998</load_address>
         <run_address>0x1998</run_address>
         <size>0x95</size>
         <input_file_ref idref="fl-2"/>
      </object_component>
      <object_component id="oc-19a">
         <name>.debug_info</name>
         <load_address>0x1a2d</load_address>
         <run_address>0x1a2d</run_address>
         <size>0x84</size>
         <input_file_ref idref="fl-2"/>
      </object_component>
      <object_component id="oc-39b">
         <name>.debug_info</name>
         <load_address>0x1ab1</load_address>
         <run_address>0x1ab1</run_address>
         <size>0x2c</size>
         <input_file_ref idref="fl-2"/>
      </object_component>
      <object_component id="oc-308">
         <name>.debug_info</name>
         <load_address>0x1add</load_address>
         <run_address>0x1add</run_address>
         <size>0x119</size>
         <input_file_ref idref="fl-3"/>
      </object_component>
      <object_component id="oc-28d">
         <name>.debug_info</name>
         <load_address>0x1bf6</load_address>
         <run_address>0x1bf6</run_address>
         <size>0x119</size>
         <input_file_ref idref="fl-3"/>
      </object_component>
      <object_component id="oc-30c">
         <name>.debug_info</name>
         <load_address>0x1d0f</load_address>
         <run_address>0x1d0f</run_address>
         <size>0x11d</size>
         <input_file_ref idref="fl-3"/>
      </object_component>
      <object_component id="oc-38d">
         <name>.debug_info</name>
         <load_address>0x1e2c</load_address>
         <run_address>0x1e2c</run_address>
         <size>0x125</size>
         <input_file_ref idref="fl-3"/>
      </object_component>
      <object_component id="oc-2b6">
         <name>.debug_info</name>
         <load_address>0x1f51</load_address>
         <run_address>0x1f51</run_address>
         <size>0x5ea</size>
         <input_file_ref idref="fl-4"/>
      </object_component>
      <object_component id="oc-274">
         <name>.debug_info</name>
         <load_address>0x253b</load_address>
         <run_address>0x253b</run_address>
         <size>0x147</size>
         <input_file_ref idref="fl-4"/>
      </object_component>
      <object_component id="oc-37b">
         <name>.debug_info</name>
         <load_address>0x2682</load_address>
         <run_address>0x2682</run_address>
         <size>0x1a4</size>
         <input_file_ref idref="fl-4"/>
      </object_component>
      <object_component id="oc-335">
         <name>.debug_info</name>
         <load_address>0x2826</load_address>
         <run_address>0x2826</run_address>
         <size>0x167</size>
         <input_file_ref idref="fl-4"/>
      </object_component>
      <object_component id="oc-326">
         <name>.debug_info</name>
         <load_address>0x298d</load_address>
         <run_address>0x298d</run_address>
         <size>0x14b</size>
         <input_file_ref idref="fl-4"/>
      </object_component>
      <object_component id="oc-392">
         <name>.debug_info</name>
         <load_address>0x2ad8</load_address>
         <run_address>0x2ad8</run_address>
         <size>0x12b</size>
         <input_file_ref idref="fl-4"/>
      </object_component>
      <object_component id="oc-359">
         <name>.debug_info</name>
         <load_address>0x2c03</load_address>
         <run_address>0x2c03</run_address>
         <size>0x127</size>
         <input_file_ref idref="fl-4"/>
      </object_component>
      <object_component id="oc-3b9">
         <name>.debug_info</name>
         <load_address>0x2d2a</load_address>
         <run_address>0x2d2a</run_address>
         <size>0x125</size>
         <input_file_ref idref="fl-4"/>
      </object_component>
      <object_component id="oc-22c">
         <name>.debug_info</name>
         <load_address>0x2e4f</load_address>
         <run_address>0x2e4f</run_address>
         <size>0x129</size>
         <input_file_ref idref="fl-4"/>
      </object_component>
      <object_component id="oc-34d">
         <name>.debug_info</name>
         <load_address>0x2f78</load_address>
         <run_address>0x2f78</run_address>
         <size>0x13a</size>
         <input_file_ref idref="fl-4"/>
      </object_component>
      <object_component id="oc-353">
         <name>.debug_info</name>
         <load_address>0x30b2</load_address>
         <run_address>0x30b2</run_address>
         <size>0x125</size>
         <input_file_ref idref="fl-4"/>
      </object_component>
      <object_component id="oc-235">
         <name>.debug_info</name>
         <load_address>0x31d7</load_address>
         <run_address>0x31d7</run_address>
         <size>0x165</size>
         <input_file_ref idref="fl-4"/>
      </object_component>
      <object_component id="oc-386">
         <name>.debug_info</name>
         <load_address>0x333c</load_address>
         <run_address>0x333c</run_address>
         <size>0x175</size>
         <input_file_ref idref="fl-4"/>
      </object_component>
      <object_component id="oc-33b">
         <name>.debug_info</name>
         <load_address>0x34b1</load_address>
         <run_address>0x34b1</run_address>
         <size>0x1b4</size>
         <input_file_ref idref="fl-4"/>
      </object_component>
      <object_component id="oc-27a">
         <name>.debug_info</name>
         <load_address>0x3665</load_address>
         <run_address>0x3665</run_address>
         <size>0x201</size>
         <input_file_ref idref="fl-4"/>
      </object_component>
      <object_component id="oc-313">
         <name>.debug_info</name>
         <load_address>0x3866</load_address>
         <run_address>0x3866</run_address>
         <size>0x14b</size>
         <input_file_ref idref="fl-4"/>
      </object_component>
      <object_component id="oc-2c2">
         <name>.debug_info</name>
         <load_address>0x39b1</load_address>
         <run_address>0x39b1</run_address>
         <size>0x159</size>
         <input_file_ref idref="fl-4"/>
      </object_component>
      <object_component id="oc-2c8">
         <name>.debug_info</name>
         <load_address>0x3b0a</load_address>
         <run_address>0x3b0a</run_address>
         <size>0x128</size>
         <input_file_ref idref="fl-4"/>
      </object_component>
      <object_component id="oc-223">
         <name>.debug_info</name>
         <load_address>0x3c32</load_address>
         <run_address>0x3c32</run_address>
         <size>0x140</size>
         <input_file_ref idref="fl-4"/>
      </object_component>
      <object_component id="oc-2aa">
         <name>.debug_info</name>
         <load_address>0x3d72</load_address>
         <run_address>0x3d72</run_address>
         <size>0x15a</size>
         <input_file_ref idref="fl-4"/>
      </object_component>
      <object_component id="oc-341">
         <name>.debug_info</name>
         <load_address>0x3ecc</load_address>
         <run_address>0x3ecc</run_address>
         <size>0x136</size>
         <input_file_ref idref="fl-4"/>
      </object_component>
      <object_component id="oc-32c">
         <name>.debug_info</name>
         <load_address>0x4002</load_address>
         <run_address>0x4002</run_address>
         <size>0x138</size>
         <input_file_ref idref="fl-4"/>
      </object_component>
      <object_component id="oc-1ca">
         <name>.debug_info</name>
         <load_address>0x413a</load_address>
         <run_address>0x413a</run_address>
         <size>0x123</size>
         <input_file_ref idref="fl-4"/>
      </object_component>
      <object_component id="oc-1c4">
         <name>.debug_info</name>
         <load_address>0x425d</load_address>
         <run_address>0x425d</run_address>
         <size>0x131</size>
         <input_file_ref idref="fl-4"/>
      </object_component>
      <object_component id="oc-286">
         <name>.debug_info</name>
         <load_address>0x438e</load_address>
         <run_address>0x438e</run_address>
         <size>0x128</size>
         <input_file_ref idref="fl-4"/>
      </object_component>
      <object_component id="oc-1ad">
         <name>.debug_info</name>
         <load_address>0x44b6</load_address>
         <run_address>0x44b6</run_address>
         <size>0x123</size>
         <input_file_ref idref="fl-4"/>
      </object_component>
      <object_component id="oc-1b8">
         <name>.debug_info</name>
         <load_address>0x45d9</load_address>
         <run_address>0x45d9</run_address>
         <size>0x1a8</size>
         <input_file_ref idref="fl-4"/>
      </object_component>
      <object_component id="oc-1be">
         <name>.debug_info</name>
         <load_address>0x4781</load_address>
         <run_address>0x4781</run_address>
         <size>0x137</size>
         <input_file_ref idref="fl-4"/>
      </object_component>
      <object_component id="oc-229">
         <name>.debug_info</name>
         <load_address>0x48b8</load_address>
         <run_address>0x48b8</run_address>
         <size>0x380</size>
         <input_file_ref idref="fl-5"/>
      </object_component>
      <object_component id="oc-369">
         <name>.debug_info</name>
         <load_address>0x4c38</load_address>
         <run_address>0x4c38</run_address>
         <size>0xe6</size>
         <input_file_ref idref="fl-5"/>
      </object_component>
      <object_component id="oc-31a">
         <name>.debug_info</name>
         <load_address>0x4d1e</load_address>
         <run_address>0x4d1e</run_address>
         <size>0xd6</size>
         <input_file_ref idref="fl-5"/>
      </object_component>
      <object_component id="oc-332">
         <name>.debug_info</name>
         <load_address>0x4df4</load_address>
         <run_address>0x4df4</run_address>
         <size>0xde</size>
         <input_file_ref idref="fl-5"/>
      </object_component>
      <object_component id="oc-383">
         <name>.debug_info</name>
         <load_address>0x4ed2</load_address>
         <run_address>0x4ed2</run_address>
         <size>0xec</size>
         <input_file_ref idref="fl-5"/>
      </object_component>
      <object_component id="oc-378">
         <name>.debug_info</name>
         <load_address>0x4fbe</load_address>
         <run_address>0x4fbe</run_address>
         <size>0xe0</size>
         <input_file_ref idref="fl-5"/>
      </object_component>
      <object_component id="oc-1f7">
         <name>.debug_info</name>
         <load_address>0x509e</load_address>
         <run_address>0x509e</run_address>
         <size>0x23c</size>
         <input_file_ref idref="fl-5"/>
      </object_component>
      <object_component id="oc-191">
         <name>.debug_info</name>
         <load_address>0x52da</load_address>
         <run_address>0x52da</run_address>
         <size>0xf5</size>
         <input_file_ref idref="fl-20"/>
      </object_component>
      <object_component id="oc-81">
         <name>.debug_info</name>
         <load_address>0x53cf</load_address>
         <run_address>0x53cf</run_address>
         <size>0x196</size>
         <input_file_ref idref="fl-21"/>
      </object_component>
      <object_component id="oc-211">
         <name>.debug_info</name>
         <load_address>0x5565</load_address>
         <run_address>0x5565</run_address>
         <size>0x170</size>
         <input_file_ref idref="fl-22"/>
      </object_component>
      <object_component id="oc-48">
         <name>.debug_info</name>
         <load_address>0x56d5</load_address>
         <run_address>0x56d5</run_address>
         <size>0x245</size>
         <input_file_ref idref="fl-22"/>
      </object_component>
      <object_component id="oc-195">
         <name>.debug_info</name>
         <load_address>0x591a</load_address>
         <run_address>0x591a</run_address>
         <size>0x60</size>
         <input_file_ref idref="fl-22"/>
      </object_component>
      <object_component id="oc-20c">
         <name>.debug_info</name>
         <load_address>0x597a</load_address>
         <run_address>0x597a</run_address>
         <size>0x46</size>
         <input_file_ref idref="fl-22"/>
      </object_component>
      <object_component id="oc-1ab">
         <name>.debug_info</name>
         <load_address>0x59c0</load_address>
         <run_address>0x59c0</run_address>
         <size>0x1c6</size>
         <input_file_ref idref="fl-23"/>
      </object_component>
      <object_component id="oc-4d">
         <name>.debug_info</name>
         <load_address>0x5b86</load_address>
         <run_address>0x5b86</run_address>
         <size>0x1c8</size>
         <input_file_ref idref="fl-23"/>
      </object_component>
      <object_component id="oc-1a6">
         <name>.debug_info</name>
         <load_address>0x5d4e</load_address>
         <run_address>0x5d4e</run_address>
         <size>0x46</size>
         <input_file_ref idref="fl-23"/>
      </object_component>
      <object_component id="oc-21b">
         <name>.debug_info</name>
         <load_address>0x5d94</load_address>
         <run_address>0x5d94</run_address>
         <size>0x2c</size>
         <input_file_ref idref="fl-23"/>
      </object_component>
      <object_component id="oc-1d5">
         <name>.debug_info</name>
         <load_address>0x5dc0</load_address>
         <run_address>0x5dc0</run_address>
         <size>0x174</size>
         <input_file_ref idref="fl-24"/>
      </object_component>
      <object_component id="oc-66">
         <name>.debug_info</name>
         <load_address>0x5f34</load_address>
         <run_address>0x5f34</run_address>
         <size>0x1ba</size>
         <input_file_ref idref="fl-24"/>
      </object_component>
      <object_component id="oc-1d0">
         <name>.debug_info</name>
         <load_address>0x60ee</load_address>
         <run_address>0x60ee</run_address>
         <size>0x46</size>
         <input_file_ref idref="fl-24"/>
      </object_component>
      <object_component id="oc-23f">
         <name>.debug_info</name>
         <load_address>0x6134</load_address>
         <run_address>0x6134</run_address>
         <size>0x12d</size>
         <input_file_ref idref="fl-25"/>
      </object_component>
      <object_component id="oc-2d1">
         <name>.debug_info</name>
         <load_address>0x6261</load_address>
         <run_address>0x6261</run_address>
         <size>0x119</size>
         <input_file_ref idref="fl-26"/>
      </object_component>
      <object_component id="oc-1ff">
         <name>.debug_info</name>
         <load_address>0x637a</load_address>
         <run_address>0x637a</run_address>
         <size>0x117</size>
         <input_file_ref idref="fl-27"/>
      </object_component>
      <object_component id="oc-1b4">
         <name>.debug_info</name>
         <load_address>0x6491</load_address>
         <run_address>0x6491</run_address>
         <size>0x107</size>
         <input_file_ref idref="fl-34"/>
      </object_component>
      <object_component id="oc-213">
         <name>.debug_info</name>
         <load_address>0x6598</load_address>
         <run_address>0x6598</run_address>
         <size>0x17c</size>
         <input_file_ref idref="fl-35"/>
      </object_component>
      <object_component id="oc-1a1">
         <name>.debug_info</name>
         <load_address>0x6714</load_address>
         <run_address>0x6714</run_address>
         <size>0x191</size>
         <input_file_ref idref="fl-35"/>
      </object_component>
      <object_component id="oc-214">
         <name>.debug_info</name>
         <load_address>0x68a5</load_address>
         <run_address>0x68a5</run_address>
         <size>0x2c</size>
         <input_file_ref idref="fl-35"/>
      </object_component>
      <object_component id="oc-2d9">
         <name>.debug_info</name>
         <load_address>0x68d1</load_address>
         <run_address>0x68d1</run_address>
         <size>0x122</size>
         <input_file_ref idref="fl-39"/>
      </object_component>
      <object_component id="oc-3d1">
         <name>.debug_info</name>
         <load_address>0x69f3</load_address>
         <run_address>0x69f3</run_address>
         <size>0x122</size>
         <input_file_ref idref="fl-3c"/>
      </object_component>
      <object_component id="oc-1da">
         <name>.debug_info</name>
         <load_address>0x6b15</load_address>
         <run_address>0x6b15</run_address>
         <size>0x148</size>
         <input_file_ref idref="fl-3e"/>
      </object_component>
      <object_component id="oc-25e">
         <name>.debug_info</name>
         <load_address>0x6c5d</load_address>
         <run_address>0x6c5d</run_address>
         <size>0x3f5</size>
         <input_file_ref idref="fl-41"/>
      </object_component>
      <object_component id="oc-1e0">
         <name>.debug_info</name>
         <load_address>0x7052</load_address>
         <run_address>0x7052</run_address>
         <size>0x21e</size>
         <input_file_ref idref="fl-41"/>
      </object_component>
      <object_component id="oc-2e0">
         <name>.debug_info</name>
         <load_address>0x7270</load_address>
         <run_address>0x7270</run_address>
         <size>0x39</size>
         <input_file_ref idref="fl-41"/>
      </object_component>
      <object_component id="oc-259">
         <name>.debug_info</name>
         <load_address>0x72a9</load_address>
         <run_address>0x72a9</run_address>
         <size>0x2c</size>
         <input_file_ref idref="fl-41"/>
      </object_component>
      <object_component id="oc-2e5">
         <name>.debug_info</name>
         <load_address>0x72d5</load_address>
         <run_address>0x72d5</run_address>
         <size>0xcd</size>
         <input_file_ref idref="fl-41"/>
      </object_component>
      <object_component id="oc-2dc">
         <name>.debug_info</name>
         <load_address>0x73a2</load_address>
         <run_address>0x73a2</run_address>
         <size>0x266</size>
         <input_file_ref idref="fl-42"/>
      </object_component>
      <object_component id="oc-24e">
         <name>.debug_info</name>
         <load_address>0x7608</load_address>
         <run_address>0x7608</run_address>
         <size>0x1b0</size>
         <input_file_ref idref="fl-42"/>
      </object_component>
      <object_component id="oc-3a6">
         <name>.debug_info</name>
         <load_address>0x77b8</load_address>
         <run_address>0x77b8</run_address>
         <size>0x2c</size>
         <input_file_ref idref="fl-42"/>
      </object_component>
      <object_component id="oc-253">
         <name>.debug_info</name>
         <load_address>0x77e4</load_address>
         <run_address>0x77e4</run_address>
         <size>0x145</size>
         <input_file_ref idref="fl-43"/>
      </object_component>
      <object_component id="oc-42e">
         <name>.debug_info</name>
         <load_address>0x7929</load_address>
         <run_address>0x7929</run_address>
         <size>0xab</size>
      </object_component>
      <object_component id="oc-2c0">
         <name>.debug_line</name>
         <load_address>0x0</load_address>
         <run_address>0x0</run_address>
         <size>0x15e</size>
         <input_file_ref idref="fl-2"/>
      </object_component>
      <object_component id="oc-2cf">
         <name>.debug_line</name>
         <load_address>0x15e</load_address>
         <run_address>0x15e</run_address>
         <size>0x33</size>
         <input_file_ref idref="fl-2"/>
      </object_component>
      <object_component id="oc-3c6">
         <name>.debug_line</name>
         <load_address>0x191</load_address>
         <run_address>0x191</run_address>
         <size>0x33</size>
         <input_file_ref idref="fl-2"/>
      </object_component>
      <object_component id="oc-3ce">
         <name>.debug_line</name>
         <load_address>0x1c4</load_address>
         <run_address>0x1c4</run_address>
         <size>0x33</size>
         <input_file_ref idref="fl-2"/>
      </object_component>
      <object_component id="oc-3d6">
         <name>.debug_line</name>
         <load_address>0x1f7</load_address>
         <run_address>0x1f7</run_address>
         <size>0x33</size>
         <input_file_ref idref="fl-2"/>
      </object_component>
      <object_component id="oc-3b6">
         <name>.debug_line</name>
         <load_address>0x22a</load_address>
         <run_address>0x22a</run_address>
         <size>0x33</size>
         <input_file_ref idref="fl-2"/>
      </object_component>
      <object_component id="oc-2a7">
         <name>.debug_line</name>
         <load_address>0x25d</load_address>
         <run_address>0x25d</run_address>
         <size>0x68</size>
         <input_file_ref idref="fl-2"/>
      </object_component>
      <object_component id="oc-29c">
         <name>.debug_line</name>
         <load_address>0x2c5</load_address>
         <run_address>0x2c5</run_address>
         <size>0xe1</size>
         <input_file_ref idref="fl-2"/>
      </object_component>
      <object_component id="oc-373">
         <name>.debug_line</name>
         <load_address>0x3a6</load_address>
         <run_address>0x3a6</run_address>
         <size>0x78</size>
         <input_file_ref idref="fl-2"/>
      </object_component>
      <object_component id="oc-367">
         <name>.debug_line</name>
         <load_address>0x41e</load_address>
         <run_address>0x41e</run_address>
         <size>0x4e</size>
         <input_file_ref idref="fl-2"/>
      </object_component>
      <object_component id="oc-2a2">
         <name>.debug_line</name>
         <load_address>0x46c</load_address>
         <run_address>0x46c</run_address>
         <size>0x4f</size>
         <input_file_ref idref="fl-2"/>
      </object_component>
      <object_component id="oc-295">
         <name>.debug_line</name>
         <load_address>0x4bb</load_address>
         <run_address>0x4bb</run_address>
         <size>0x62</size>
         <input_file_ref idref="fl-2"/>
      </object_component>
      <object_component id="oc-323">
         <name>.debug_line</name>
         <load_address>0x51d</load_address>
         <run_address>0x51d</run_address>
         <size>0x62</size>
         <input_file_ref idref="fl-2"/>
      </object_component>
      <object_component id="oc-283">
         <name>.debug_line</name>
         <load_address>0x57f</load_address>
         <run_address>0x57f</run_address>
         <size>0xab</size>
         <input_file_ref idref="fl-2"/>
      </object_component>
      <object_component id="oc-2bc">
         <name>.debug_line</name>
         <load_address>0x62a</load_address>
         <run_address>0x62a</run_address>
         <size>0x51</size>
         <input_file_ref idref="fl-2"/>
      </object_component>
      <object_component id="oc-19d">
         <name>.debug_line</name>
         <load_address>0x67b</load_address>
         <run_address>0x67b</run_address>
         <size>0x20</size>
         <input_file_ref idref="fl-2"/>
      </object_component>
      <object_component id="oc-39e">
         <name>.debug_line</name>
         <load_address>0x69b</load_address>
         <run_address>0x69b</run_address>
         <size>0x55</size>
         <input_file_ref idref="fl-2"/>
      </object_component>
      <object_component id="oc-307">
         <name>.debug_line</name>
         <load_address>0x6f0</load_address>
         <run_address>0x6f0</run_address>
         <size>0x67</size>
         <input_file_ref idref="fl-3"/>
      </object_component>
      <object_component id="oc-28c">
         <name>.debug_line</name>
         <load_address>0x757</load_address>
         <run_address>0x757</run_address>
         <size>0x4e</size>
         <input_file_ref idref="fl-3"/>
      </object_component>
      <object_component id="oc-30f">
         <name>.debug_line</name>
         <load_address>0x7a5</load_address>
         <run_address>0x7a5</run_address>
         <size>0x4a</size>
         <input_file_ref idref="fl-3"/>
      </object_component>
      <object_component id="oc-38c">
         <name>.debug_line</name>
         <load_address>0x7ef</load_address>
         <run_address>0x7ef</run_address>
         <size>0x4c</size>
         <input_file_ref idref="fl-3"/>
      </object_component>
      <object_component id="oc-39a">
         <name>.debug_line</name>
         <load_address>0x83b</load_address>
         <run_address>0x83b</run_address>
         <size>0x127</size>
         <input_file_ref idref="fl-4"/>
      </object_component>
      <object_component id="oc-277">
         <name>.debug_line</name>
         <load_address>0x962</load_address>
         <run_address>0x962</run_address>
         <size>0x4b</size>
         <input_file_ref idref="fl-4"/>
      </object_component>
      <object_component id="oc-37e">
         <name>.debug_line</name>
         <load_address>0x9ad</load_address>
         <run_address>0x9ad</run_address>
         <size>0x53</size>
         <input_file_ref idref="fl-4"/>
      </object_component>
      <object_component id="oc-338">
         <name>.debug_line</name>
         <load_address>0xa00</load_address>
         <run_address>0xa00</run_address>
         <size>0x4d</size>
         <input_file_ref idref="fl-4"/>
      </object_component>
      <object_component id="oc-329">
         <name>.debug_line</name>
         <load_address>0xa4d</load_address>
         <run_address>0xa4d</run_address>
         <size>0x4b</size>
         <input_file_ref idref="fl-4"/>
      </object_component>
      <object_component id="oc-395">
         <name>.debug_line</name>
         <load_address>0xa98</load_address>
         <run_address>0xa98</run_address>
         <size>0x4c</size>
         <input_file_ref idref="fl-4"/>
      </object_component>
      <object_component id="oc-35c">
         <name>.debug_line</name>
         <load_address>0xae4</load_address>
         <run_address>0xae4</run_address>
         <size>0x4f</size>
         <input_file_ref idref="fl-4"/>
      </object_component>
      <object_component id="oc-3bc">
         <name>.debug_line</name>
         <load_address>0xb33</load_address>
         <run_address>0xb33</run_address>
         <size>0x4d</size>
         <input_file_ref idref="fl-4"/>
      </object_component>
      <object_component id="oc-22f">
         <name>.debug_line</name>
         <load_address>0xb80</load_address>
         <run_address>0xb80</run_address>
         <size>0x4d</size>
         <input_file_ref idref="fl-4"/>
      </object_component>
      <object_component id="oc-350">
         <name>.debug_line</name>
         <load_address>0xbcd</load_address>
         <run_address>0xbcd</run_address>
         <size>0x4d</size>
         <input_file_ref idref="fl-4"/>
      </object_component>
      <object_component id="oc-356">
         <name>.debug_line</name>
         <load_address>0xc1a</load_address>
         <run_address>0xc1a</run_address>
         <size>0x4d</size>
         <input_file_ref idref="fl-4"/>
      </object_component>
      <object_component id="oc-238">
         <name>.debug_line</name>
         <load_address>0xc67</load_address>
         <run_address>0xc67</run_address>
         <size>0x55</size>
         <input_file_ref idref="fl-4"/>
      </object_component>
      <object_component id="oc-389">
         <name>.debug_line</name>
         <load_address>0xcbc</load_address>
         <run_address>0xcbc</run_address>
         <size>0x64</size>
         <input_file_ref idref="fl-4"/>
      </object_component>
      <object_component id="oc-33e">
         <name>.debug_line</name>
         <load_address>0xd20</load_address>
         <run_address>0xd20</run_address>
         <size>0x6a</size>
         <input_file_ref idref="fl-4"/>
      </object_component>
      <object_component id="oc-27d">
         <name>.debug_line</name>
         <load_address>0xd8a</load_address>
         <run_address>0xd8a</run_address>
         <size>0x7b</size>
         <input_file_ref idref="fl-4"/>
      </object_component>
      <object_component id="oc-316">
         <name>.debug_line</name>
         <load_address>0xe05</load_address>
         <run_address>0xe05</run_address>
         <size>0x56</size>
         <input_file_ref idref="fl-4"/>
      </object_component>
      <object_component id="oc-2c5">
         <name>.debug_line</name>
         <load_address>0xe5b</load_address>
         <run_address>0xe5b</run_address>
         <size>0x56</size>
         <input_file_ref idref="fl-4"/>
      </object_component>
      <object_component id="oc-2cb">
         <name>.debug_line</name>
         <load_address>0xeb1</load_address>
         <run_address>0xeb1</run_address>
         <size>0x50</size>
         <input_file_ref idref="fl-4"/>
      </object_component>
      <object_component id="oc-226">
         <name>.debug_line</name>
         <load_address>0xf01</load_address>
         <run_address>0xf01</run_address>
         <size>0x56</size>
         <input_file_ref idref="fl-4"/>
      </object_component>
      <object_component id="oc-2ad">
         <name>.debug_line</name>
         <load_address>0xf57</load_address>
         <run_address>0xf57</run_address>
         <size>0x5e</size>
         <input_file_ref idref="fl-4"/>
      </object_component>
      <object_component id="oc-344">
         <name>.debug_line</name>
         <load_address>0xfb5</load_address>
         <run_address>0xfb5</run_address>
         <size>0x4d</size>
         <input_file_ref idref="fl-4"/>
      </object_component>
      <object_component id="oc-32f">
         <name>.debug_line</name>
         <load_address>0x1002</load_address>
         <run_address>0x1002</run_address>
         <size>0x4d</size>
         <input_file_ref idref="fl-4"/>
      </object_component>
      <object_component id="oc-1cd">
         <name>.debug_line</name>
         <load_address>0x104f</load_address>
         <run_address>0x104f</run_address>
         <size>0x4e</size>
         <input_file_ref idref="fl-4"/>
      </object_component>
      <object_component id="oc-1c7">
         <name>.debug_line</name>
         <load_address>0x109d</load_address>
         <run_address>0x109d</run_address>
         <size>0x54</size>
         <input_file_ref idref="fl-4"/>
      </object_component>
      <object_component id="oc-289">
         <name>.debug_line</name>
         <load_address>0x10f1</load_address>
         <run_address>0x10f1</run_address>
         <size>0x4d</size>
         <input_file_ref idref="fl-4"/>
      </object_component>
      <object_component id="oc-1b0">
         <name>.debug_line</name>
         <load_address>0x113e</load_address>
         <run_address>0x113e</run_address>
         <size>0x4f</size>
         <input_file_ref idref="fl-4"/>
      </object_component>
      <object_component id="oc-1bb">
         <name>.debug_line</name>
         <load_address>0x118d</load_address>
         <run_address>0x118d</run_address>
         <size>0x2d0</size>
         <input_file_ref idref="fl-4"/>
      </object_component>
      <object_component id="oc-1c1">
         <name>.debug_line</name>
         <load_address>0x145d</load_address>
         <run_address>0x145d</run_address>
         <size>0x87</size>
         <input_file_ref idref="fl-4"/>
      </object_component>
      <object_component id="oc-2b8">
         <name>.debug_line</name>
         <load_address>0x14e4</load_address>
         <run_address>0x14e4</run_address>
         <size>0xad</size>
         <input_file_ref idref="fl-5"/>
      </object_component>
      <object_component id="oc-3cc">
         <name>.debug_line</name>
         <load_address>0x1591</load_address>
         <run_address>0x1591</run_address>
         <size>0x34</size>
         <input_file_ref idref="fl-5"/>
      </object_component>
      <object_component id="oc-3b4">
         <name>.debug_line</name>
         <load_address>0x15c5</load_address>
         <run_address>0x15c5</run_address>
         <size>0x34</size>
         <input_file_ref idref="fl-5"/>
      </object_component>
      <object_component id="oc-3c1">
         <name>.debug_line</name>
         <load_address>0x15f9</load_address>
         <run_address>0x15f9</run_address>
         <size>0x34</size>
         <input_file_ref idref="fl-5"/>
      </object_component>
      <object_component id="oc-3db">
         <name>.debug_line</name>
         <load_address>0x162d</load_address>
         <run_address>0x162d</run_address>
         <size>0x34</size>
         <input_file_ref idref="fl-5"/>
      </object_component>
      <object_component id="oc-3d8">
         <name>.debug_line</name>
         <load_address>0x1661</load_address>
         <run_address>0x1661</run_address>
         <size>0x34</size>
         <input_file_ref idref="fl-5"/>
      </object_component>
      <object_component id="oc-1fa">
         <name>.debug_line</name>
         <load_address>0x1695</load_address>
         <run_address>0x1695</run_address>
         <size>0x73</size>
         <input_file_ref idref="fl-5"/>
      </object_component>
      <object_component id="oc-20b">
         <name>.debug_line</name>
         <load_address>0x1708</load_address>
         <run_address>0x1708</run_address>
         <size>0x2a</size>
         <input_file_ref idref="fl-20"/>
      </object_component>
      <object_component id="oc-84">
         <name>.debug_line</name>
         <load_address>0x1732</load_address>
         <run_address>0x1732</run_address>
         <size>0x4c</size>
         <input_file_ref idref="fl-21"/>
      </object_component>
      <object_component id="oc-2b2">
         <name>.debug_line</name>
         <load_address>0x177e</load_address>
         <run_address>0x177e</run_address>
         <size>0x20</size>
         <input_file_ref idref="fl-22"/>
      </object_component>
      <object_component id="oc-4a">
         <name>.debug_line</name>
         <load_address>0x179e</load_address>
         <run_address>0x179e</run_address>
         <size>0x99</size>
         <input_file_ref idref="fl-22"/>
      </object_component>
      <object_component id="oc-198">
         <name>.debug_line</name>
         <load_address>0x1837</load_address>
         <run_address>0x1837</run_address>
         <size>0x3a</size>
         <input_file_ref idref="fl-22"/>
      </object_component>
      <object_component id="oc-20f">
         <name>.debug_line</name>
         <load_address>0x1871</load_address>
         <run_address>0x1871</run_address>
         <size>0x8a</size>
         <input_file_ref idref="fl-22"/>
      </object_component>
      <object_component id="oc-21a">
         <name>.debug_line</name>
         <load_address>0x18fb</load_address>
         <run_address>0x18fb</run_address>
         <size>0x8a</size>
         <input_file_ref idref="fl-23"/>
      </object_component>
      <object_component id="oc-50">
         <name>.debug_line</name>
         <load_address>0x1985</load_address>
         <run_address>0x1985</run_address>
         <size>0x50</size>
         <input_file_ref idref="fl-23"/>
      </object_component>
      <object_component id="oc-1a9">
         <name>.debug_line</name>
         <load_address>0x19d5</load_address>
         <run_address>0x19d5</run_address>
         <size>0x3a</size>
         <input_file_ref idref="fl-23"/>
      </object_component>
      <object_component id="oc-21e">
         <name>.debug_line</name>
         <load_address>0x1a0f</load_address>
         <run_address>0x1a0f</run_address>
         <size>0x8a</size>
         <input_file_ref idref="fl-23"/>
      </object_component>
      <object_component id="oc-24a">
         <name>.debug_line</name>
         <load_address>0x1a99</load_address>
         <run_address>0x1a99</run_address>
         <size>0x20</size>
         <input_file_ref idref="fl-24"/>
      </object_component>
      <object_component id="oc-63">
         <name>.debug_line</name>
         <load_address>0x1ab9</load_address>
         <run_address>0x1ab9</run_address>
         <size>0x4d</size>
         <input_file_ref idref="fl-24"/>
      </object_component>
      <object_component id="oc-1d3">
         <name>.debug_line</name>
         <load_address>0x1b06</load_address>
         <run_address>0x1b06</run_address>
         <size>0x34</size>
         <input_file_ref idref="fl-24"/>
      </object_component>
      <object_component id="oc-242">
         <name>.debug_line</name>
         <load_address>0x1b3a</load_address>
         <run_address>0x1b3a</run_address>
         <size>0x4d</size>
         <input_file_ref idref="fl-25"/>
      </object_component>
      <object_component id="oc-2d4">
         <name>.debug_line</name>
         <load_address>0x1b87</load_address>
         <run_address>0x1b87</run_address>
         <size>0x43</size>
         <input_file_ref idref="fl-26"/>
      </object_component>
      <object_component id="oc-202">
         <name>.debug_line</name>
         <load_address>0x1bca</load_address>
         <run_address>0x1bca</run_address>
         <size>0x3d</size>
         <input_file_ref idref="fl-27"/>
      </object_component>
      <object_component id="oc-1b3">
         <name>.debug_line</name>
         <load_address>0x1c07</load_address>
         <run_address>0x1c07</run_address>
         <size>0x3d</size>
         <input_file_ref idref="fl-34"/>
      </object_component>
      <object_component id="oc-2b4">
         <name>.debug_line</name>
         <load_address>0x1c44</load_address>
         <run_address>0x1c44</run_address>
         <size>0x20</size>
         <input_file_ref idref="fl-35"/>
      </object_component>
      <object_component id="oc-1a4">
         <name>.debug_line</name>
         <load_address>0x1c64</load_address>
         <run_address>0x1c64</run_address>
         <size>0x45</size>
         <input_file_ref idref="fl-35"/>
      </object_component>
      <object_component id="oc-217">
         <name>.debug_line</name>
         <load_address>0x1ca9</load_address>
         <run_address>0x1ca9</run_address>
         <size>0x8a</size>
         <input_file_ref idref="fl-35"/>
      </object_component>
      <object_component id="oc-2d8">
         <name>.debug_line</name>
         <load_address>0x1d33</load_address>
         <run_address>0x1d33</run_address>
         <size>0x44</size>
         <input_file_ref idref="fl-39"/>
      </object_component>
      <object_component id="oc-3d0">
         <name>.debug_line</name>
         <load_address>0x1d77</load_address>
         <run_address>0x1d77</run_address>
         <size>0x4d</size>
         <input_file_ref idref="fl-3c"/>
      </object_component>
      <object_component id="oc-1d9">
         <name>.debug_line</name>
         <load_address>0x1dc4</load_address>
         <run_address>0x1dc4</run_address>
         <size>0x3e</size>
         <input_file_ref idref="fl-3e"/>
      </object_component>
      <object_component id="oc-2df">
         <name>.debug_line</name>
         <load_address>0x1e02</load_address>
         <run_address>0x1e02</run_address>
         <size>0xbb</size>
         <input_file_ref idref="fl-41"/>
      </object_component>
      <object_component id="oc-1de">
         <name>.debug_line</name>
         <load_address>0x1ebd</load_address>
         <run_address>0x1ebd</run_address>
         <size>0xa7</size>
         <input_file_ref idref="fl-41"/>
      </object_component>
      <object_component id="oc-2e3">
         <name>.debug_line</name>
         <load_address>0x1f64</load_address>
         <run_address>0x1f64</run_address>
         <size>0x2e</size>
         <input_file_ref idref="fl-41"/>
      </object_component>
      <object_component id="oc-25c">
         <name>.debug_line</name>
         <load_address>0x1f92</load_address>
         <run_address>0x1f92</run_address>
         <size>0x8a</size>
         <input_file_ref idref="fl-41"/>
      </object_component>
      <object_component id="oc-2e8">
         <name>.debug_line</name>
         <load_address>0x201c</load_address>
         <run_address>0x201c</run_address>
         <size>0x8b</size>
         <input_file_ref idref="fl-41"/>
      </object_component>
      <object_component id="oc-3a5">
         <name>.debug_line</name>
         <load_address>0x20a7</load_address>
         <run_address>0x20a7</run_address>
         <size>0x98</size>
         <input_file_ref idref="fl-42"/>
      </object_component>
      <object_component id="oc-24d">
         <name>.debug_line</name>
         <load_address>0x213f</load_address>
         <run_address>0x213f</run_address>
         <size>0x66</size>
         <input_file_ref idref="fl-42"/>
      </object_component>
      <object_component id="oc-3a9">
         <name>.debug_line</name>
         <load_address>0x21a5</load_address>
         <run_address>0x21a5</run_address>
         <size>0x2e</size>
         <input_file_ref idref="fl-42"/>
      </object_component>
      <object_component id="oc-257">
         <name>.debug_line</name>
         <load_address>0x21d3</load_address>
         <run_address>0x21d3</run_address>
         <size>0x3a</size>
         <input_file_ref idref="fl-43"/>
      </object_component>
      <object_component id="oc-2a8">
         <name>.debug_frame</name>
         <load_address>0x0</load_address>
         <run_address>0x0</run_address>
         <size>0x3c</size>
         <input_file_ref idref="fl-2"/>
      </object_component>
      <object_component id="oc-29b">
         <name>.debug_frame</name>
         <load_address>0x3c</load_address>
         <run_address>0x3c</run_address>
         <size>0x48</size>
         <input_file_ref idref="fl-2"/>
      </object_component>
      <object_component id="oc-372">
         <name>.debug_frame</name>
         <load_address>0x84</load_address>
         <run_address>0x84</run_address>
         <size>0x5c</size>
         <input_file_ref idref="fl-2"/>
      </object_component>
      <object_component id="oc-366">
         <name>.debug_frame</name>
         <load_address>0xe0</load_address>
         <run_address>0xe0</run_address>
         <size>0x48</size>
         <input_file_ref idref="fl-2"/>
      </object_component>
      <object_component id="oc-2a1">
         <name>.debug_frame</name>
         <load_address>0x128</load_address>
         <run_address>0x128</run_address>
         <size>0x3c</size>
[...]
      <symbol id="sm-ca">
         <name>TBCCR2</name>
         <value>0x196</value>
      </symbol>
      <symbol id="sm-cb">
         <name>TBCCR3</name>
         <value>0x198</value>
      </symbol>
      <symbol id="sm-cc">
         <name>TBCCR4</name>
         <value>0x19a</value>
      </symbol>
      <symbol id="sm-cd">
         <name>TBCCR5</name>
         <value>0x19c</value>
      </symbol>
      <symbol id="sm-ce">
         <name>TBCCR6</name>
         <value>0x19e</value>
      </symbol>
      <symbol id="sm-cf">
         <name>UCA0CTL0</name>
         <value>0x60</value>
      </symbol>
      <symbol id="sm-d0">
         <name>UCA0CTL1</name>
         <value>0x61</value>
      </symbol>
      <symbol id="sm-d1">
         <name>UCA0BR0</name>
         <value>0x62</value>
      </symbol>
      <symbol id="sm-d2">
         <name>UCA0BR1</name>
         <value>0x63</value>
      </symbol>
      <symbol id="sm-d3">
         <name>UCA0MCTL</name>
         <value>0x64</value>
      </symbol>
      <symbol id="sm-d4">
         <name>UCA0STAT</name>
         <value>0x65</value>
      </symbol>
      <symbol id="sm-d5">
         <name>UCA0RXBUF</name>
         <value>0x66</value>
      </symbol>
      <symbol id="sm-d6">
         <name>UCA0TXBUF</name>
         <value>0x67</value>
      </symbol>
      <symbol id="sm-d7">
         <name>UCA0ABCTL</name>
         <value>0x5d</value>
      </symbol>
      <symbol id="sm-d8">
         <name>UCA0IRTCTL</name>
         <value>0x5e</value>
      </symbol>
      <symbol id="sm-d9">
         <name>UCA0IRRCTL</name>
         <value>0x5f</value>
      </symbol>
      <symbol id="sm-da">
         <name>UCB0CTL0</name>
         <value>0x68</value>
      </symbol>
      <symbol id="sm-db">
         <name>UCB0CTL1</name>
         <value>0x69</value>
      </symbol>
      <symbol id="sm-dc">
         <name>UCB0BR0</name>
         <value>0x6a</value>
      </symbol>
      <symbol id="sm-dd">
         <name>UCB0BR1</name>
         <value>0x6b</value>
      </symbol>
      <symbol id="sm-de">
         <name>UCB0I2CIE</name>
         <value>0x6c</value>
      </symbol>
      <symbol id="sm-df">
         <name>UCB0STAT</name>
         <value>0x6d</value>
      </symbol>
      <symbol id="sm-e0">
         <name>UCB0RXBUF</name>
         <value>0x6e</value>
      </symbol>
      <symbol id="sm-e1">
         <name>UCB0TXBUF</name>
         <value>0x6f</value>
      </symbol>
      <symbol id="sm-e2">
         <name>UCB0I2COA</name>
         <value>0x118</value>
      </symbol>
      <symbol id="sm-e3">
         <name>UCB0I2CSA</name>
         <value>0x11a</value>
      </symbol>
      <symbol id="sm-e4">
         <name>U1CTL</name>
         <value>0x78</value>
      </symbol>
      <symbol id="sm-e5">
         <name>U1TCTL</name>
         <value>0x79</value>
      </symbol>
      <symbol id="sm-e6">
         <name>U1RCTL</name>
         <value>0x7a</value>
      </symbol>
      <symbol id="sm-e7">
         <name>U1MCTL</name>
         <value>0x7b</value>
      </symbol>
      <symbol id="sm-e8">
         <name>U1BR0</name>
         <value>0x7c</value>
      </symbol>
      <symbol id="sm-e9">
         <name>U1BR1</name>
         <value>0x7d</value>
      </symbol>
      <symbol id="sm-ea">
         <name>U1RXBUF</name>
         <value>0x7e</value>
      </symbol>
      <symbol id="sm-eb">
         <name>U1TXBUF</name>
         <value>0x7f</value>
      </symbol>
      <symbol id="sm-ec">
         <name>WDTCTL</name>
         <value>0x120</value>
      </symbol>
      <symbol id="sm-ed">
         <name>__TI_CINIT_Base</name>
         <value>0x2802</value>
      </symbol>
      <symbol id="sm-ee">
         <name>__TI_CINIT_Limit</name>
         <value>0x2812</value>
      </symbol>
      <symbol id="sm-ef">
         <name>__TI_Handler_Table_Base</name>
         <value>0x27f0</value>
      </symbol>
      <symbol id="sm-f0">
         <name>__TI_Handler_Table_Limit</name>
         <value>0x27fc</value>
      </symbol>
      <symbol id="sm-f1">
         <name>__STACK_SIZE</name>
         <value>0x50</value>
      </symbol>
      <symbol id="sm-f2">
         <name>__STACK_END</name>
         <value>0x2100</value>
      </symbol>
      <symbol id="sm-f3">
         <name>__c_args__</name>
         <value>0xffffffff</value>
      </symbol>
      <symbol id="sm-f4">
         <name>__TI_pprof_out_hndl</name>
         <value>0xffffffff</value>
      </symbol>
      <symbol id="sm-f5">
         <name>__TI_prof_data_start</name>
         <value>0xffffffff</value>
      </symbol>
      <symbol id="sm-f6">
         <name>__TI_prof_data_size</name>
         <value>0xffffffff</value>
      </symbol>
      <symbol id="sm-1d7">
         <name>KeypadCounter</name>
         <value>0x13e4</value>
      </symbol>
      <symbol id="sm-1d8">
         <name>temp1</name>
         <value>0x13ea</value>
      </symbol>
      <symbol id="sm-1d9">
         <name>temp2</name>
         <value>0x13ec</value>
      </symbol>
      <symbol id="sm-1da">
         <name>state3Func</name>
         <value>0x10826</value>
         <object_component_ref idref="oc-291"/>
      </symbol>
      <symbol id="sm-1db">
         <name>FirstRowsPressesCounter</name>
         <value>0x13be</value>
         <object_component_ref idref="oc-23b"/>
      </symbol>
      <symbol id="sm-1dc">
         <name>state2Func</name>
         <value>0x10000</value>
         <object_component_ref idref="oc-297"/>
      </symbol>
      <symbol id="sm-1dd">
         <name>FirstSpaces</name>
         <value>0x13c8</value>
         <object_component_ref idref="oc-36b"/>
      </symbol>
      <symbol id="sm-1de">
         <name>state1Func</name>
         <value>0x106e6</value>
         <object_component_ref idref="oc-2a3"/>
      </symbol>
      <symbol id="sm-1df">
         <name>col2</name>
         <value>0x13c4</value>
         <object_component_ref idref="oc-23b"/>
      </symbol>
      <symbol id="sm-1e0">
         <name>col1</name>
         <value>0x13c2</value>
         <object_component_ref idref="oc-23b"/>
      </symbol>
      <symbol id="sm-1e1">
         <name>BlocksSizeArr</name>
         <value>0x1033c</value>
         <object_component_ref idref="oc-36e"/>
      </symbol>
      <symbol id="sm-1e2">
         <name>SecondSpaces</name>
         <value>0x13d8</value>
         <object_component_ref idref="oc-374"/>
      </symbol>
      <symbol id="sm-1e3">
         <name>getRowNum</name>
         <value>0x10984</value>
         <object_component_ref idref="oc-362"/>
      </symbol>
      <symbol id="sm-1e4">
         <name>BlockSizeStr</name>
         <value>0x10758</value>
         <object_component_ref idref="oc-31f"/>
      </symbol>
      <symbol id="sm-1e5">
         <name>LastRowPressesCounter</name>
         <value>0x13c0</value>
         <object_component_ref idref="oc-23b"/>
      </symbol>
      <symbol id="sm-1e6">
         <name>PrintLocation</name>
         <value>0x13c6</value>
         <object_component_ref idref="oc-23b"/>
      </symbol>
      <symbol id="sm-1e7">
         <name>ClearStrMerge</name>
         <value>0x10af8</value>
         <object_component_ref idref="oc-29d"/>
      </symbol>
      <symbol id="sm-1e8">
         <name>LEDnums</name>
         <value>0x13d0</value>
         <object_component_ref idref="oc-349"/>
      </symbol>
      <symbol id="sm-1e9">
         <name>index4</name>
         <value>0x13b0</value>
         <object_component_ref idref="oc-31c"/>
      </symbol>
      <symbol id="sm-1ea">
         <name>state4Func</name>
         <value>0x101c4</value>
         <object_component_ref idref="oc-27f"/>
      </symbol>
      <symbol id="sm-208">
         <name>TIMER0_A0_config</name>
         <value>0x10ac8</value>
         <object_component_ref idref="oc-38b"/>
      </symbol>
      <symbol id="sm-209">
         <name>GPIOconfig</name>
         <value>0x104be</value>
         <object_component_ref idref="oc-305"/>
      </symbol>
      <symbol id="sm-20a">
         <name>DMA1config</name>
         <value>0x10a46</value>
         <object_component_ref idref="oc-28b"/>
      </symbol>
      <symbol id="sm-20b">
         <name>TimerBconfig</name>
         <value>0x10ba2</value>
         <object_component_ref idref="oc-30b"/>
      </symbol>
      <symbol id="sm-325">
         <name>__TI_int29</name>
         <value>0xfffa</value>
         <object_component_ref idref="oc-60"/>
      </symbol>
      <symbol id="sm-326">
         <name>__TI_int22</name>
         <value>0xffec</value>
         <object_component_ref idref="oc-59"/>
      </symbol>
      <symbol id="sm-327">
         <name>__TI_int20</name>
         <value>0xffe8</value>
         <object_component_ref idref="oc-57"/>
      </symbol>
      <symbol id="sm-328">
         <name>DelayMs</name>
         <value>0x10b24</value>
         <object_component_ref idref="oc-2c1"/>
      </symbol>
      <symbol id="sm-329">
         <name>lcd_strobe</name>
         <value>0x10b72</value>
         <object_component_ref idref="oc-2c7"/>
      </symbol>
      <symbol id="sm-32a">
         <name>stopTimer0A0</name>
         <value>0x10bc4</value>
         <object_component_ref idref="oc-22b"/>
      </symbol>
      <symbol id="sm-32b">
         <name>enterLPM</name>
         <value>0x10950</value>
         <object_component_ref idref="oc-2a9"/>
      </symbol>
      <symbol id="sm-32c">
         <name>Keypad_handler</name>
         <value>0x2100</value>
         <object_component_ref idref="oc-1b7"/>
      </symbol>
      <symbol id="sm-32d">
         <name>__TI_int17</name>
         <value>0xffe2</value>
         <object_component_ref idref="oc-54"/>
      </symbol>
      <symbol id="sm-32e">
         <name>__TI_int15</name>
         <value>0xffde</value>
         <object_component_ref idref="oc-52"/>
      </symbol>
      <symbol id="sm-32f">
         <name>DMA_ISR</name>
         <value>0x2610</value>
         <object_component_ref idref="oc-1ac"/>
      </symbol>
      <symbol id="sm-330">
         <name>StopTimerB</name>
         <value>0x10bb0</value>
         <object_component_ref idref="oc-3b8"/>
      </symbol>
      <symbol id="sm-331">
         <name>PBs_handler</name>
         <value>0x2542</value>
         <object_component_ref idref="oc-1bd"/>
      </symbol>
      <symbol id="sm-332">
         <name>setDMA1src</name>
         <value>0x10bba</value>
         <object_component_ref idref="oc-34c"/>
      </symbol>
      <symbol id="sm-333">
         <name>delay</name>
         <value>0x10aae</value>
         <object_component_ref idref="oc-222"/>
      </symbol>
      <symbol id="sm-334">
         <name>startTimer0A0</name>
         <value>0x10b4c</value>
         <object_component_ref idref="oc-391"/>
      </symbol>
      <symbol id="sm-335">
         <name>Clear_LEDs</name>
         <value>0x10bfa</value>
         <object_component_ref idref="oc-285"/>
      </symbol>
      <symbol id="sm-336">
         <name>disable_TimerBCCIE</name>
         <value>0x10be2</value>
         <object_component_ref idref="oc-32b"/>
      </symbol>
      <symbol id="sm-337">
         <name>TimerBstart</name>
         <value>0x10b84</value>
         <object_component_ref idref="oc-358"/>
      </symbol>
      <symbol id="sm-338">
         <name>sysConfig</name>
         <value>0x10bd8</value>
         <object_component_ref idref="oc-273"/>
      </symbol>
      <symbol id="sm-339">
         <name>lcd_data</name>
         <value>0x10880</value>
         <object_component_ref idref="oc-385"/>
      </symbol>
      <symbol id="sm-33a">
         <name>lcd_cmd</name>
         <value>0x1091a</value>
         <object_component_ref idref="oc-234"/>
      </symbol>
      <symbol id="sm-33b">
         <name>lcd_init</name>
         <value>0x10410</value>
         <object_component_ref idref="oc-279"/>
      </symbol>
      <symbol id="sm-33c">
         <name>Timer_A</name>
         <value>0x25ce</value>
         <object_component_ref idref="oc-1c3"/>
      </symbol>
      <symbol id="sm-33d">
         <name>Timer_B</name>
         <value>0x2620</value>
         <object_component_ref idref="oc-1c9"/>
      </symbol>
      <symbol id="sm-33e">
         <name>lcd_puts</name>
         <value>0x108d6</value>
         <object_component_ref idref="oc-33a"/>
      </symbol>
      <symbol id="sm-33f">
         <name>enable_interrupts</name>
         <value>0x10bf2</value>
         <object_component_ref idref="oc-340"/>
      </symbol>
      <symbol id="sm-340">
         <name>enableDMA1</name>
         <value>0x10bea</value>
         <object_component_ref idref="oc-352"/>
      </symbol>
      <symbol id="sm-341">
         <name>DelayUs</name>
         <value>0x10b94</value>
         <object_component_ref idref="oc-312"/>
      </symbol>
      <symbol id="sm-342">
         <name>stop_timers</name>
         <value>0x10bce</value>
         <object_component_ref idref="oc-325"/>
      </symbol>
      <symbol id="sm-343">
         <name>startDMA0</name>
         <value>0x109e8</value>
         <object_component_ref idref="oc-37a"/>
      </symbol>
      <symbol id="sm-344">
         <name>startDMA2</name>
         <value>0x10a92</value>
         <object_component_ref idref="oc-334"/>
      </symbol>
      <symbol id="sm-370">
         <name>state</name>
         <value>0x13e8</value>
      </symbol>
      <symbol id="sm-371">
         <name>lpm_mode</name>
         <value>0x13e6</value>
      </symbol>
      <symbol id="sm-372">
         <name>KB</name>
         <value>0x13e2</value>
      </symbol>
      <symbol id="sm-373">
         <name>KA</name>
         <value>0x13e0</value>
      </symbol>
      <symbol id="sm-374">
         <name>data_matrix</name>
         <value>0x1100</value>
         <object_component_ref idref="oc-368"/>
      </symbol>
      <symbol id="sm-375">
         <name>idiom_recorder</name>
         <value>0x1390</value>
         <object_component_ref idref="oc-382"/>
      </symbol>
      <symbol id="sm-376">
         <name>main</name>
         <value>0x1056a</value>
         <object_component_ref idref="oc-1f6"/>
      </symbol>
      <symbol id="sm-377">
         <name>strMerge</name>
         <value>0x1344</value>
         <object_component_ref idref="oc-377"/>
      </symbol>
      <symbol id="sm-378">
         <name>strSwap</name>
         <value>0x12e0</value>
         <object_component_ref idref="oc-331"/>
      </symbol>
      <symbol id="sm-379">
         <name>str</name>
         <value>0x127c</value>
         <object_component_ref idref="oc-319"/>
      </symbol>
      <symbol id="sm-381">
         <name>_stack</name>
         <value>0x20b0</value>
         <object_component_ref idref="oc-190"/>
      </symbol>
      <symbol id="sm-382">
         <name>_reset_vector</name>
         <value>0xfffe</value>
         <object_component_ref idref="oc-193"/>
      </symbol>
      <symbol id="sm-38c">
         <name>_c_int00_noargs_noexit</name>
         <value>0x25f6</value>
         <object_component_ref idref="oc-80"/>
      </symbol>
      <symbol id="sm-3aa">
         <name>__TI_decompress_lzss</name>
         <value>0x10670</value>
         <object_component_ref idref="oc-46"/>
      </symbol>
      <symbol id="sm-3c0">
         <name>__TI_decompress_none</name>
         <value>0x10b60</value>
         <object_component_ref idref="oc-4c"/>
      </symbol>
      <symbol id="sm-3d3">
         <name>__TI_zero_init</name>
         <value>0x10a6e</value>
         <object_component_ref idref="oc-62"/>
      </symbol>
      <symbol id="sm-3df">
         <name>__mspabi_remi</name>
         <value>0x10a1a</value>
         <object_component_ref idref="oc-23e"/>
      </symbol>
      <symbol id="sm-3e0">
         <name>__mspabi_divi</name>
         <value>0x10a1a</value>
         <object_component_ref idref="oc-23e"/>
      </symbol>
      <symbol id="sm-3ea">
         <name>__mspabi_remu</name>
         <value>0x10b0e</value>
         <object_component_ref idref="oc-2d0"/>
      </symbol>
      <symbol id="sm-3eb">
         <name>__mspabi_divu</name>
         <value>0x10b0e</value>
         <object_component_ref idref="oc-2d0"/>
      </symbol>
      <symbol id="sm-3f5">
         <name>C$$EXIT</name>
         <value>0x10c00</value>
         <object_component_ref idref="oc-1fe"/>
      </symbol>
      <symbol id="sm-3f6">
         <name>abort</name>
         <value>0x10c00</value>
         <object_component_ref idref="oc-1fe"/>
      </symbol>
      <symbol id="sm-3fa">
         <name>__TI_int16</name>
         <value>0xffe0</value>
         <object_component_ref idref="oc-53"/>
      </symbol>
      <symbol id="sm-3fd">
         <name>__TI_int18</name>
         <value>0xffe4</value>
         <object_component_ref idref="oc-55"/>
      </symbol>
      <symbol id="sm-400">
         <name>__TI_int19</name>
         <value>0xffe6</value>
         <object_component_ref idref="oc-56"/>
      </symbol>
      <symbol id="sm-403">
         <name>__TI_int21</name>
         <value>0xffea</value>
         <object_component_ref idref="oc-58"/>
      </symbol>
      <symbol id="sm-406">
         <name>__TI_int23</name>
         <value>0xffee</value>
         <object_component_ref idref="oc-5a"/>
      </symbol>
      <symbol id="sm-409">
         <name>__TI_int24</name>
         <value>0xfff0</value>
         <object_component_ref idref="oc-5b"/>
      </symbol>
      <symbol id="sm-40c">
         <name>__TI_int25</name>
         <value>0xfff2</value>
         <object_component_ref idref="oc-5c"/>
      </symbol>
      <symbol id="sm-40f">
         <name>__TI_int26</name>
         <value>0xfff4</value>
         <object_component_ref idref="oc-5d"/>
      </symbol>
      <symbol id="sm-412">
         <name>__TI_int27</name>
         <value>0xfff6</value>
         <object_component_ref idref="oc-5e"/>
      </symbol>
      <symbol id="sm-415">
         <name>__TI_int28</name>
         <value>0xfff8</value>
         <object_component_ref idref="oc-5f"/>
      </symbol>
      <symbol id="sm-418">
         <name>__TI_int30</name>
         <value>0xfffc</value>
         <object_component_ref idref="oc-61"/>
      </symbol>
      <symbol id="sm-420">
         <name>__TI_ISR_TRAP</name>
         <value>0x262c</value>
         <object_component_ref idref="oc-1b2"/>
      </symbol>
      <symbol id="sm-433">
         <name>memcpy</name>
         <value>0x10b38</value>
         <object_component_ref idref="oc-19f"/>
      </symbol>
      <symbol id="sm-43e">
         <name>__mspabi_mpyi_hw</name>
         <value>0x10ae0</value>
         <object_component_ref idref="oc-2d6"/>
      </symbol>
      <symbol id="sm-448">
         <name>__mspabi_mpyl_hw</name>
         <value>0x109b6</value>
         <object_component_ref idref="oc-3cf"/>
      </symbol>
      <symbol id="sm-452">
         <name>_system_pre_init</name>
         <value>0x10c06</value>
         <object_component_ref idref="oc-1d6"/>
      </symbol>
      <symbol id="sm-476">
         <name>_auto_init_hold_wdt</name>
         <value>0x105ee</value>
         <object_component_ref idref="oc-1dc"/>
      </symbol>
      <symbol id="sm-48c">
         <name>copy_in</name>
         <value>0x107c2</value>
         <object_component_ref idref="oc-24c"/>
      </symbol>
      <symbol id="sm-495">
         <name>_system_post_cinit</name>
         <value>0x10c0a</value>
         <object_component_ref idref="oc-252"/>
      </symbol>
      <symbol id="sm-498">
         <name>__TI_BINIT_Base</name>
         <value>0x0</value>
      </symbol>
      <symbol id="sm-499">
         <name>__TI_BINIT_Limit</name>
         <value>0x0</value>
      </symbol>
      <symbol id="sm-49a">
         <name>__TI_INITARRAY_Base</name>
         <value>0x0</value>
      </symbol>
      <symbol id="sm-49b">
         <name>__TI_INITARRAY_Limit</name>
         <value>0x0</value>
      </symbol>
   </symbol_table>
   <title>Link successful</title>
</link_info>
