******************************************************************************
                  MSP430 Linker PC v16.9.6                     
******************************************************************************
>> Linked Wed Jul 03 14:27:45 2024

OUTPUT FILE NAME:   <LAB3CCS.out>
ENTRY POINT SYMBOL: "_c_int00_noargs_noexit"  address: 000025f6


MEMORY CONFIGURATION

         name            origin    length      used     unused   attr    fill
----------------------  --------  ---------  --------  --------  ----  --------
  SFR                   00000000   00000010  00000000  00000010  RWIX
  PERIPHERALS_8BIT      00000010   000000f0  00000000  000000f0  RWIX
  PERIPHERALS_16BIT     00000100   00000100  00000000  00000100  RWIX
  INFOB                 00001000   00000080  00000000  00000080  RWIX
  INFOA                 00001080   00000080  00000000  00000080  RWIX
  RAM                   00001100   00001000  0000033e  00000cc2  RWIX
  FLASH                 00002100   0000debe  00000712  0000d7ac  RWIX
  BSLSIGNATURE          0000ffbe   00000002  00000002  00000000  RWIX  ffff 
  INT00                 0000ffc0   00000002  00000000  00000002  RWIX
  INT01                 0000ffc2   00000002  00000000  00000002  RWIX
  INT02                 0000ffc4   00000002  00000000  00000002  RWIX
  INT03                 0000ffc6   00000002  00000000  00000002  RWIX
  INT04                 0000ffc8   00000002  00000000  00000002  RWIX
  INT05                 0000ffca   00000002  00000000  00000002  RWIX
  INT06                 0000ffcc   00000002  00000000  00000002  RWIX
  INT07                 0000ffce   00000002  00000000  00000002  RWIX
  INT08                 0000ffd0   00000002  00000000  00000002  RWIX
  INT09                 0000ffd2   00000002  00000000  00000002  RWIX
  INT10                 0000ffd4   00000002  00000000  00000002  RWIX
  INT11                 0000ffd6   00000002  00000000  00000002  RWIX
  INT12                 0000ffd8   00000002  00000000  00000002  RWIX
  INT13                 0000ffda   00000002  00000000  00000002  RWIX
  INT14                 0000ffdc   00000002  00000000  00000002  RWIX
  INT15                 0000ffde   00000002  00000002  00000000  RWIX
  INT16                 0000ffe0   00000002  00000002  00000000  RWIX
  INT17                 0000ffe2   00000002  00000002  00000000  RWIX
  INT18                 0000ffe4   00000002  00000002  00000000  RWIX
  INT19                 0000ffe6   00000002  00000002  00000000  RWIX
  INT20                 0000ffe8   00000002  00000002  00000000  RWIX
  INT21                 0000ffea   00000002  00000002  00000000  RWIX
  INT22                 0000ffec   00000002  00000002  00000000  RWIX
  INT23                 0000ffee   00000002  00000002  00000000  RWIX
  INT24                 0000fff0   00000002  00000002  00000000  RWIX
  INT25                 0000fff2   00000002  00000002  00000000  RWIX
  INT26                 0000fff4   00000002  00000002  00000000  RWIX
  INT27                 0000fff6   00000002  00000002  00000000  RWIX
  INT28                 0000fff8   00000002  00000002  00000000  RWIX
  INT29                 0000fffa   00000002  00000002  00000000  RWIX
  INT30                 0000fffc   00000002  00000002  00000000  RWIX
  RESET                 0000fffe   00000002  00000002  00000000  RWIX
  FLASH2                00010000   00009000  00000c0c  000083f4  RWIX


SECTION ALLOCATION MAP

 output                                  attributes/
section   page    origin      length       input sections
--------  ----  ----------  ----------   ----------------
.data      0    00001100    000002e0     UNINITIALIZED
                  00001100    0000017c     main.obj (.data:data_matrix)
                  0000127c    00000064     main.obj (.data:str)
                  000012e0    00000064     main.obj (.data:strSwap)
                  00001344    0000004c     main.obj (.data:strMerge)
                  00001390    00000020     main.obj (.data:idiom_recorder)
                  000013b0    0000000e     api.obj (.data:index4)
                  000013be    0000000a     api.obj (.data)
                  000013c8    00000008     api.obj (.data:FirstSpaces)
                  000013d0    00000008     api.obj (.data:LEDnums)
                  000013d8    00000008     api.obj (.data:SecondSpaces)

.bss       0    000013e0    0000000e     UNINITIALIZED
                  000013e0    00000002     (.common:KA)
                  000013e2    00000002     (.common:KB)
                  000013e4    00000002     (.common:KeypadCounter)
                  000013e6    00000002     (.common:lpm_mode)
                  000013e8    00000002     (.common:state)
                  000013ea    00000002     (.common:temp1)
                  000013ec    00000002     (.common:temp2)

.stack     0    000020b0    00000050     UNINITIALIZED
                  000020b0    00000004     rts430x_lc_rd_eabi.lib : boot.obj (.stack)
                  000020b4    0000004c     --HOLE--

.text:_isr 
*          0    00002100    00000534     
                  00002100    00000442     halGPIO.obj (.text:_isr:Keypad_handler)
                  00002542    0000008c     halGPIO.obj (.text:_isr:PBs_handler)
                  000025ce    00000028     halGPIO.obj (.text:_isr:Timer_A)
                  000025f6    0000001a     rts430x_lc_rd_eabi.lib : boot_special.obj (.text:_isr:_c_int00_noargs_noexit)
                  00002610    00000010     halGPIO.obj (.text:_isr:DMA_ISR)
                  00002620    0000000c     halGPIO.obj (.text:_isr:Timer_B)
                  0000262c    00000008     rts430x_lc_rd_eabi.lib : isr_trap.obj (.text:_isr:__TI_ISR_TRAP)

.cinit     0    0000266e    000001a4     
                  0000266e    00000182     (.cinit..data.load) [load image, compression = lzss]
                  000027f0    0000000c     (__TI_handler_table)
                  000027fc    00000006     (.cinit..bss.load) [load image, compression = zero_init]
                  00002802    00000010     (__TI_cinit_table)

.binit     0    00002100    00000000     

.init_array 
*          0    00002100    00000000     UNINITIALIZED

.const     0    00002634    0000003a     
                  00002634    0000003a     api.obj (.const:.string)

$fill000   0    0000ffbe    00000002     
                  0000ffbe    00000002     --HOLE-- [fill = ffff]

DMA        0    0000ffde    00000002     
                  0000ffde    00000002     halGPIO.obj (.int15)

BASICTIMER 
*          0    0000ffe0    00000002     
                  0000ffe0    00000002     rts430x_lc_rd_eabi.lib : int16.obj (.int16)

PORT2      0    0000ffe2    00000002     
                  0000ffe2    00000002     halGPIO.obj (.int17)

USART1TX   0    0000ffe4    00000002     
                  0000ffe4    00000002     rts430x_lc_rd_eabi.lib : int18.obj (.int18)

USART1RX   0    0000ffe6    00000002     
                  0000ffe6    00000002     rts430x_lc_rd_eabi.lib : int19.obj (.int19)

PORT1      0    0000ffe8    00000002     
                  0000ffe8    00000002     halGPIO.obj (.int20)

TIMERA1    0    0000ffea    00000002     
                  0000ffea    00000002     rts430x_lc_rd_eabi.lib : int21.obj (.int21)

TIMERA0    0    0000ffec    00000002     
                  0000ffec    00000002     halGPIO.obj (.int22)

ADC12      0    0000ffee    00000002     
                  0000ffee    00000002     rts430x_lc_rd_eabi.lib : int23.obj (.int23)

USCIAB0TX 
*          0    0000fff0    00000002     
                  0000fff0    00000002     rts430x_lc_rd_eabi.lib : int24.obj (.int24)

USCIAB0RX 
*          0    0000fff2    00000002     
                  0000fff2    00000002     rts430x_lc_rd_eabi.lib : int25.obj (.int25)

WDT        0    0000fff4    00000002     
                  0000fff4    00000002     rts430x_lc_rd_eabi.lib : int26.obj (.int26)

COMPARATORA 
*          0    0000fff6    00000002     
                  0000fff6    00000002     rts430x_lc_rd_eabi.lib : int27.obj (.int27)

TIMERB1    0    0000fff8    00000002     
                  0000fff8    00000002     rts430x_lc_rd_eabi.lib : int28.obj (.int28)

TIMERB0    0    0000fffa    00000002     
                  0000fffa    00000002     halGPIO.obj (.int29)

NMI        0    0000fffc    00000002     
                  0000fffc    00000002     rts430x_lc_rd_eabi.lib : int30.obj (.int30)

.reset     0    0000fffe    00000002     
                  0000fffe    00000002     rts430x_lc_rd_eabi.lib : boot.obj (.reset)

.text      0    00010000    00000c0c     
                  00010000    000001c4     api.obj (.text:state2Func)
                  000101c4    00000178     api.obj (.text:state4Func)
                  0001033c    000000d4     api.obj (.text:BlocksSizeArr)
                  00010410    000000ae     halGPIO.obj (.text:lcd_init)
                  000104be    000000ac     bsp.obj (.text:GPIOconfig)
                  0001056a    00000084     main.obj (.text:main)
                  000105ee    00000082     rts430x_lc_rd_eabi.lib : autoinit_wdt.obj (.text:_auto_init_hold_wdt)
                  00010670    00000076                            : copy_decompress_lzss.obj (.text:decompress:lzss:__TI_decompress_lzss)
                  000106e6    00000072     api.obj (.text:state1Func)
                  00010758    0000006a     api.obj (.text:BlockSizeStr)
                  000107c2    00000064     rts430x_lc_rd_eabi.lib : cpy_tbl.obj (.text:copy_in)
                  00010826    0000005a     api.obj (.text:state3Func)
                  00010880    00000056     halGPIO.obj (.text:lcd_data)
                  000108d6    00000044     halGPIO.obj (.text:lcd_puts)
                  0001091a    00000036     halGPIO.obj (.text:lcd_cmd)
                  00010950    00000034     halGPIO.obj (.text:enterLPM)
                  00010984    00000032     api.obj (.text:getRowNum)
                  000109b6    00000032     rts430x_lc_rd_eabi.lib : mult32_hw.obj (.text)
                  000109e8    00000032     halGPIO.obj (.text:startDMA0)
                  00010a1a    0000002c     rts430x_lc_rd_eabi.lib : div16s.obj (.text)
                  00010a46    00000028     bsp.obj (.text:DMA1config)
                  00010a6e    00000024     rts430x_lc_rd_eabi.lib : copy_zero_init.obj (.text:decompress:ZI:__TI_zero_init)
                  00010a92    0000001c     halGPIO.obj (.text:startDMA2)
                  00010aae    0000001a     halGPIO.obj (.text:delay)
                  00010ac8    00000018     bsp.obj (.text:TIMER0_A0_config)
                  00010ae0    00000018     rts430x_lc_rd_eabi.lib : mult16_hw.obj (.text)
                  00010af8    00000016     api.obj (.text:ClearStrMerge)
                  00010b0e    00000016     rts430x_lc_rd_eabi.lib : div16u.obj (.text)
                  00010b24    00000014     halGPIO.obj (.text:DelayMs)
                  00010b38    00000014     rts430x_lc_rd_eabi.lib : memcpy.obj (.text:memcpy)
                  00010b4c    00000014     halGPIO.obj (.text:startTimer0A0)
                  00010b60    00000012     rts430x_lc_rd_eabi.lib : copy_decompress_none.obj (.text:decompress:none:__TI_decompress_none)
                  00010b72    00000012     halGPIO.obj (.text:lcd_strobe)
                  00010b84    00000010     halGPIO.obj (.text:TimerBstart)
                  00010b94    0000000e     halGPIO.obj (.text:DelayUs)
                  00010ba2    0000000e     bsp.obj (.text:TimerBconfig)
                  00010bb0    0000000a     halGPIO.obj (.text:StopTimerB)
                  00010bba    0000000a     halGPIO.obj (.text:setDMA1src)
                  00010bc4    0000000a     halGPIO.obj (.text:stopTimer0A0)
                  00010bce    0000000a     halGPIO.obj (.text:stop_timers)
                  00010bd8    0000000a     halGPIO.obj (.text:sysConfig)
                  00010be2    00000008     halGPIO.obj (.text:disable_TimerBCCIE)
                  00010bea    00000008     halGPIO.obj (.text:enableDMA1)
                  00010bf2    00000008     halGPIO.obj (.text:enable_interrupts)
                  00010bfa    00000006     halGPIO.obj (.text:Clear_LEDs)
                  00010c00    00000006     rts430x_lc_rd_eabi.lib : exit.obj (.text:abort)
                  00010c06    00000004                            : pre_init.obj (.text:_system_pre_init)
                  00010c0a    00000002                            : startup.obj (.text:_system_post_cinit)

MODULE SUMMARY

       Module                     code   ro data   rw data
       ------                     ----   -------   -------
    .\source\
       halGPIO.obj                2004   10        0      
       api.obj                    1422   58        54     
       main.obj                   132    0         696    
       bsp.obj                    250    0         0      
    +--+--------------------------+------+---------+---------+
       Total:                     3808   68        750    
                                                          
    C:\ti\ccsv7\tools\compiler\ti-cgt-msp430_16.9.6.LTS\lib\rts430x_lc_rd_eabi.lib
       autoinit_wdt.obj           130    0         0      
       copy_decompress_lzss.obj   118    0         0      
       cpy_tbl.obj                100    0         0      
       mult32_hw.obj              50     0         0      
       div16s.obj                 44     0         0      
       copy_zero_init.obj         36     0         0      
       boot_special.obj           26     0         0      
       mult16_hw.obj              24     0         0      
       div16u.obj                 22     0         0      
       memcpy.obj                 20     0         0      
       copy_decompress_none.obj   18     0         0      
       isr_trap.obj               8      0         0      
       exit.obj                   6      0         0      
       pre_init.obj               4      0         0      
       boot.obj                   0      2         0      
       int16.obj                  0      2         0      
       int18.obj                  0      2         0      
       int19.obj                  0      2         0      
       int21.obj                  0      2         0      
       int23.obj                  0      2         0      
       int24.obj                  0      2         0      
       int25.obj                  0      2         0      
       int26.obj                  0      2         0      
       int27.obj                  0      2         0      
       int28.obj                  0      2         0      
       int30.obj                  0      2         0      
       startup.obj                2      0         0      
    +--+--------------------------+------+---------+---------+
       Total:                     608    24        0      
                                                          
       Stack:                     0      0         80     
       Linker Generated:          0      420       0      
    +--+--------------------------+------+---------+---------+
       Grand Total:               4416   512       830    


LINKER GENERATED COPY TABLES

__TI_cinit_table @ 00002802 records: 2, size/record: 8, table size: 16
	.data: load addr=0000266e, load size=00000182 bytes, run addr=00001100, run size=000002e0 bytes, compression=lzss
	.bss: load addr=000027fc, load size=00000006 bytes, run addr=000013e0, run size=0000000e bytes, compression=zero_init


LINKER GENERATED HANDLER TABLE

__TI_handler_table @ 000027f0 records: 3, size/record: 4, table size: 12
	index: 0, handler: __TI_zero_init
	index: 1, handler: __TI_decompress_lzss
	index: 2, handler: __TI_decompress_none


GLOBAL SYMBOLS: SORTED ALPHABETICALLY BY Name 

address   name                    
-------   ----                    
000001a0  ADC12CTL0               
000001a2  ADC12CTL1               
000001a6  ADC12IE                 
000001a4  ADC12IFG                
000001a8  ADC12IV                 
00000080  ADC12MCTL0              
00000081  ADC12MCTL1              
0000008a  ADC12MCTL10             
0000008b  ADC12MCTL11             
0000008c  ADC12MCTL12             
0000008d  ADC12MCTL13             
0000008e  ADC12MCTL14             
0000008f  ADC12MCTL15             
00000082  ADC12MCTL2              
00000083  ADC12MCTL3              
00000084  ADC12MCTL4              
00000085  ADC12MCTL5              
00000086  ADC12MCTL6              
00000087  ADC12MCTL7              
00000088  ADC12MCTL8              
00000089  ADC12MCTL9              
00000140  ADC12MEM0               
00000142  ADC12MEM1               
00000154  ADC12MEM10              
00000156  ADC12MEM11              
00000158  ADC12MEM12              
0000015a  ADC12MEM13              
0000015c  ADC12MEM14              
0000015e  ADC12MEM15              
00000144  ADC12MEM2               
00000146  ADC12MEM3               
00000148  ADC12MEM4               
0000014a  ADC12MEM5               
0000014c  ADC12MEM6               
0000014e  ADC12MEM7               
00000150  ADC12MEM8               
00000152  ADC12MEM9               
00000046  BTCNT1                  
00000046  BTCNT12                 
00000047  BTCNT2                  
00000040  BTCTL                   
00010758  BlockSizeStr            
0001033c  BlocksSizeArr           
00010c00  C$$EXIT                 
00000059  CACTL1                  
0000005a  CACTL2                  
0000005b  CAPD                    
00010af8  ClearStrMerge           
00010bfa  Clear_LEDs              
000001d0  DMA0CTL                 
000001d6  DMA0DA                  
000001d6  DMA0DAL                 
000001d2  DMA0SA                  
000001d2  DMA0SAL                 
000001da  DMA0SZ                  
000001dc  DMA1CTL                 
000001e2  DMA1DA                  
000001e2  DMA1DAL                 
000001de  DMA1SA                  
000001de  DMA1SAL                 
000001e6  DMA1SZ                  
00010a46  DMA1config              
000001e8  DMA2CTL                 
000001ee  DMA2DA                  
000001ee  DMA2DAL                 
000001ea  DMA2SA                  
000001ea  DMA2SAL                 
000001f2  DMA2SZ                  
00000122  DMACTL0                 
00000124  DMACTL1                 
00000126  DMAIV                   
00002610  DMA_ISR                 
00010b24  DelayMs                 
00010b94  DelayUs                 
00000128  FCTL1                   
0000012a  FCTL2                   
0000012c  FCTL3                   
00000053  FLL_CTL0                
00000054  FLL_CTL1                
000013be  FirstRowsPressesCounter 
000013c8  FirstSpaces             
000104be  GPIOconfig              
00000000  IE1                     
00000001  IE2                     
00000002  IFG1                    
00000003  IFG2                    
000013e0  KA                      
000013e2  KB                      
000013e4  KeypadCounter           
00002100  Keypad_handler          
00000090  LCDACTL                 
000000ac  LCDAPCTL0               
000000ad  LCDAPCTL1               
000000ae  LCDAVCTL0               
000000af  LCDAVCTL1               
00000091  LCDM1                   
0000009a  LCDM10                  
0000009b  LCDM11                  
0000009c  LCDM12                  
0000009d  LCDM13                  
0000009e  LCDM14                  
0000009f  LCDM15                  
000000a0  LCDM16                  
000000a1  LCDM17                  
000000a2  LCDM18                  
000000a3  LCDM19                  
00000092  LCDM2                   
000000a4  LCDM20                  
00000093  LCDM3                   
00000094  LCDM4                   
00000095  LCDM5                   
00000096  LCDM6                   
00000097  LCDM7                   
00000098  LCDM8                   
00000099  LCDM9                   
000013d0  LEDnums                 
000013c0  LastRowPressesCounter   
00000134  MAC                     
00000136  MACS                    
00000005  ME2                     
00000130  MPY                     
00000132  MPYS                    
00000138  OP2                     
0000000d  P10DIR                  
00000009  P10IN                   
0000000b  P10OUT                  
0000000f  P10SEL                  
00000022  P1DIR                   
00000025  P1IE                    
00000024  P1IES                   
00000023  P1IFG                   
00000020  P1IN                    
00000021  P1OUT                   
00000026  P1SEL                   
0000002a  P2DIR                   
0000002d  P2IE                    
0000002c  P2IES                   
0000002b  P2IFG                   
00000028  P2IN                    
00000029  P2OUT                   
0000002e  P2SEL                   
0000001a  P3DIR                   
00000018  P3IN                    
00000019  P3OUT                   
0000001b  P3SEL                   
0000001e  P4DIR                   
0000001c  P4IN                    
0000001d  P4OUT                   
0000001f  P4SEL                   
00000032  P5DIR                   
00000030  P5IN                    
00000031  P5OUT                   
00000033  P5SEL                   
00000036  P6DIR                   
00000034  P6IN                    
00000035  P6OUT                   
00000037  P6SEL                   
0000003c  P7DIR                   
00000038  P7IN                    
0000003a  P7OUT                   
0000003e  P7SEL                   
0000003d  P8DIR                   
00000039  P8IN                    
0000003b  P8OUT                   
0000003f  P8SEL                   
0000000c  P9DIR                   
00000008  P9IN                    
0000000a  P9OUT                   
0000000e  P9SEL                   
0000003c  PADIR                   
00000038  PAIN                    
0000003a  PAOUT                   
0000003e  PASEL                   
0000000c  PBDIR                   
00000008  PBIN                    
0000000a  PBOUT                   
0000000e  PBSEL                   
00002542  PBs_handler             
000013c6  PrintLocation           
0000013c  RESHI                   
0000013a  RESLO                   
00000041  RTCCTL                  
0000004c  RTCDATE                 
0000004c  RTCDAY                  
0000004d  RTCMON                  
00000042  RTCNT1                  
00000043  RTCNT2                  
00000044  RTCNT3                  
00000045  RTCNT4                  
00000042  RTCTIM0                 
00000044  RTCTIM1                 
00000040  RTCTL                   
0000004e  RTCYEAR                 
0000004f  RTCYEARH                
0000004e  RTCYEARL                
00000050  SCFI0                   
00000051  SCFI1                   
00000052  SCFQCTL                 
0000013e  SUMEXT                  
00000056  SVSCTL                  
000013d8  SecondSpaces            
00010bb0  StopTimerB              
00000172  TACCR0                  
00000174  TACCR1                  
00000176  TACCR2                  
00000162  TACCTL0                 
00000164  TACCTL1                 
00000166  TACCTL2                 
00000160  TACTL                   
0000012e  TAIV                    
00000170  TAR                     
00000192  TBCCR0                  
00000194  TBCCR1                  
00000196  TBCCR2                  
00000198  TBCCR3                  
0000019a  TBCCR4                  
0000019c  TBCCR5                  
0000019e  TBCCR6                  
00000182  TBCCTL0                 
00000184  TBCCTL1                 
00000186  TBCCTL2                 
00000188  TBCCTL3                 
0000018a  TBCCTL4                 
0000018c  TBCCTL5                 
0000018e  TBCCTL6                 
00000180  TBCTL                   
0000011e  TBIV                    
00000190  TBR                     
00010ac8  TIMER0_A0_config        
00010ba2  TimerBconfig            
00010b84  TimerBstart             
000025ce  Timer_A                 
00002620  Timer_B                 
0000007c  U1BR0                   
0000007d  U1BR1                   
00000078  U1CTL                   
0000007b  U1MCTL                  
0000007a  U1RCTL                  
0000007e  U1RXBUF                 
00000079  U1TCTL                  
0000007f  U1TXBUF                 
0000005d  UCA0ABCTL               
00000062  UCA0BR0                 
00000063  UCA0BR1                 
00000060  UCA0CTL0                
00000061  UCA0CTL1                
0000005f  UCA0IRRCTL              
0000005e  UCA0IRTCTL              
00000064  UCA0MCTL                
00000066  UCA0RXBUF               
00000065  UCA0STAT                
00000067  UCA0TXBUF               
0000006a  UCB0BR0                 
0000006b  UCB0BR1                 
00000068  UCB0CTL0                
00000069  UCB0CTL1                
0000006c  UCB0I2CIE               
00000118  UCB0I2COA               
0000011a  UCB0I2CSA               
0000006e  UCB0RXBUF               
0000006d  UCB0STAT                
0000006f  UCB0TXBUF               
00000120  WDTCTL                  
00002100  __STACK_END             
00000050  __STACK_SIZE            
UNDEFED   __TI_BINIT_Base         
UNDEFED   __TI_BINIT_Limit        
00002802  __TI_CINIT_Base         
00002812  __TI_CINIT_Limit        
000027f0  __TI_Handler_Table_Base 
000027fc  __TI_Handler_Table_Limit
UNDEFED   __TI_INITARRAY_Base     
UNDEFED   __TI_INITARRAY_Limit    
0000262c  __TI_ISR_TRAP           
00010670  __TI_decompress_lzss    
00010b60  __TI_decompress_none    
0000ffde  __TI_int15              
0000ffe0  __TI_int16              
0000ffe2  __TI_int17              
0000ffe4  __TI_int18              
0000ffe6  __TI_int19              
0000ffe8  __TI_int20              
0000ffea  __TI_int21              
0000ffec  __TI_int22              
0000ffee  __TI_int23              
0000fff0  __TI_int24              
0000fff2  __TI_int25              
0000fff4  __TI_int26              
0000fff6  __TI_int27              
0000fff8  __TI_int28              
0000fffa  __TI_int29              
0000fffc  __TI_int30              
ffffffff  __TI_pprof_out_hndl     
ffffffff  __TI_prof_data_size     
ffffffff  __TI_prof_data_start    
00010a6e  __TI_zero_init          
ffffffff  __c_args__              
00010a1a  __mspabi_divi           
00010b0e  __mspabi_divu           
00010ae0  __mspabi_mpyi_hw        
000109b6  __mspabi_mpyl_hw        
00010a1a  __mspabi_remi           
00010b0e  __mspabi_remu           
000105ee  _auto_init_hold_wdt     
000025f6  _c_int00_noargs_noexit  
0000fffe  _reset_vector           
000020b0  _stack                  
00010c0a  _system_post_cinit      
00010c06  _system_pre_init        
00010c00  abort                   
000013c2  col1                    
000013c4  col2                    
000107c2  copy_in                 
00001100  data_matrix             
00010aae  delay                   
00010be2  disable_TimerBCCIE      
00010bea  enableDMA1              
00010bf2  enable_interrupts       
00010950  enterLPM                
00010984  getRowNum               
00001390  idiom_recorder          
000013b0  index4                  
0001091a  lcd_cmd                 
00010880  lcd_data                
00010410  lcd_init                
000108d6  lcd_puts                
00010b72  lcd_strobe              
000013e6  lpm_mode                
0001056a  main                    
00010b38  memcpy                  
00010bba  setDMA1src              
000109e8  startDMA0               
00010a92  startDMA2               
00010b4c  startTimer0A0           
000013e8  state                   
000106e6  state1Func              
00010000  state2Func              
00010826  state3Func              
000101c4  state4Func              
00010bc4  stopTimer0A0            
00010bce  stop_timers             
0000127c  str                     
00001344  strMerge                
000012e0  strSwap                 
00010bd8  sysConfig               
000013ea  temp1                   
000013ec  temp2                   


GLOBAL SYMBOLS: SORTED BY Symbol Address 

address   name                    
-------   ----                    
00000000  IE1                     
00000001  IE2                     
00000002  IFG1                    
00000003  IFG2                    
00000005  ME2                     
00000008  P9IN                    
00000008  PBIN                    
00000009  P10IN                   
0000000a  P9OUT                   
0000000a  PBOUT                   
0000000b  P10OUT                  
0000000c  P9DIR                   
0000000c  PBDIR                   
0000000d  P10DIR                  
0000000e  P9SEL                   
0000000e  PBSEL                   
0000000f  P10SEL                  
00000018  P3IN                    
00000019  P3OUT                   
0000001a  P3DIR                   
0000001b  P3SEL                   
0000001c  P4IN                    
0000001d  P4OUT                   
0000001e  P4DIR                   
0000001f  P4SEL                   
00000020  P1IN                    
00000021  P1OUT                   
00000022  P1DIR                   
00000023  P1IFG                   
00000024  P1IES                   
00000025  P1IE                    
00000026  P1SEL                   
00000028  P2IN                    
00000029  P2OUT                   
0000002a  P2DIR                   
0000002b  P2IFG                   
0000002c  P2IES                   
0000002d  P2IE                    
0000002e  P2SEL                   
00000030  P5IN                    
00000031  P5OUT                   
00000032  P5DIR                   
00000033  P5SEL                   
00000034  P6IN                    
00000035  P6OUT                   
00000036  P6DIR                   
00000037  P6SEL                   
00000038  P7IN                    
00000038  PAIN                    
00000039  P8IN                    
0000003a  P7OUT                   
0000003a  PAOUT                   
0000003b  P8OUT                   
0000003c  P7DIR                   
0000003c  PADIR                   
0000003d  P8DIR                   
0000003e  P7SEL                   
0000003e  PASEL                   
0000003f  P8SEL                   
00000040  BTCTL                   
00000040  RTCTL                   
00000041  RTCCTL                  
00000042  RTCNT1                  
00000042  RTCTIM0                 
00000043  RTCNT2                  
00000044  RTCNT3                  
00000044  RTCTIM1                 
00000045  RTCNT4                  
00000046  BTCNT1                  
00000046  BTCNT12                 
00000047  BTCNT2                  
0000004c  RTCDATE                 
0000004c  RTCDAY                  
0000004d  RTCMON                  
0000004e  RTCYEAR                 
0000004e  RTCYEARL                
0000004f  RTCYEARH                
00000050  SCFI0                   
00000050  __STACK_SIZE            
00000051  SCFI1                   
00000052  SCFQCTL                 
00000053  FLL_CTL0                
00000054  FLL_CTL1                
00000056  SVSCTL                  
00000059  CACTL1                  
0000005a  CACTL2                  
0000005b  CAPD                    
0000005d  UCA0ABCTL               
0000005e  UCA0IRTCTL              
0000005f  UCA0IRRCTL              
00000060  UCA0CTL0                
00000061  UCA0CTL1                
00000062  UCA0BR0                 
00000063  UCA0BR1                 
00000064  UCA0MCTL                
00000065  UCA0STAT                
00000066  UCA0RXBUF               
00000067  UCA0TXBUF               
00000068  UCB0CTL0                
00000069  UCB0CTL1                
0000006a  UCB0BR0                 
0000006b  UCB0BR1                 
0000006c  UCB0I2CIE               
0000006d  UCB0STAT                
0000006e  UCB0RXBUF               
0000006f  UCB0TXBUF               
00000078  U1CTL                   
00000079  U1TCTL                  
0000007a  U1RCTL                  
0000007b  U1MCTL                  
0000007c  U1BR0                   
0000007d  U1BR1                   
0000007e  U1RXBUF                 
0000007f  U1TXBUF                 
00000080  ADC12MCTL0              
00000081  ADC12MCTL1              
00000082  ADC12MCTL2              
00000083  ADC12MCTL3              
00000084  ADC12MCTL4              
00000085  ADC12MCTL5              
00000086  ADC12MCTL6              
00000087  ADC12MCTL7              
00000088  ADC12MCTL8              
00000089  ADC12MCTL9              
0000008a  ADC12MCTL10             
0000008b  ADC12MCTL11             
0000008c  ADC12MCTL12             
0000008d  ADC12MCTL13             
0000008e  ADC12MCTL14             
0000008f  ADC12MCTL15             
00000090  LCDACTL                 
00000091  LCDM1                   
00000092  LCDM2                   
00000093  LCDM3                   
00000094  LCDM4                   
00000095  LCDM5                   
00000096  LCDM6                   
00000097  LCDM7                   
00000098  LCDM8                   
00000099  LCDM9                   
0000009a  LCDM10                  
0000009b  LCDM11                  
0000009c  LCDM12                  
0000009d  LCDM13                  
0000009e  LCDM14                  
0000009f  LCDM15                  
000000a0  LCDM16                  
000000a1  LCDM17                  
000000a2  LCDM18                  
000000a3  LCDM19                  
000000a4  LCDM20                  
000000ac  LCDAPCTL0               
000000ad  LCDAPCTL1               
000000ae  LCDAVCTL0               
000000af  LCDAVCTL1               
00000118  UCB0I2COA               
0000011a  UCB0I2CSA               
0000011e  TBIV                    
00000120  WDTCTL                  
00000122  DMACTL0                 
00000124  DMACTL1                 
00000126  DMAIV                   
00000128  FCTL1                   
0000012a  FCTL2                   
0000012c  FCTL3                   
0000012e  TAIV                    
00000130  MPY                     
00000132  MPYS                    
00000134  MAC                     
00000136  MACS                    
00000138  OP2                     
0000013a  RESLO                   
0000013c  RESHI                   
0000013e  SUMEXT                  
00000140  ADC12MEM0               
00000142  ADC12MEM1               
00000144  ADC12MEM2               
00000146  ADC12MEM3               
00000148  ADC12MEM4               
0000014a  ADC12MEM5               
0000014c  ADC12MEM6               
0000014e  ADC12MEM7               
00000150  ADC12MEM8               
00000152  ADC12MEM9               
00000154  ADC12MEM10              
00000156  ADC12MEM11              
00000158  ADC12MEM12              
0000015a  ADC12MEM13              
0000015c  ADC12MEM14              
0000015e  ADC12MEM15              
00000160  TACTL                   
00000162  TACCTL0                 
00000164  TACCTL1                 
00000166  TACCTL2                 
00000170  TAR                     
00000172  TACCR0                  
00000174  TACCR1                  
00000176  TACCR2                  
00000180  TBCTL                   
00000182  TBCCTL0                 
00000184  TBCCTL1                 
00000186  TBCCTL2                 
00000188  TBCCTL3                 
0000018a  TBCCTL4                 
0000018c  TBCCTL5                 
0000018e  TBCCTL6                 
00000190  TBR                     
00000192  TBCCR0                  
00000194  TBCCR1                  
00000196  TBCCR2                  
00000198  TBCCR3                  
0000019a  TBCCR4                  
0000019c  TBCCR5                  
0000019e  TBCCR6                  
000001a0  ADC12CTL0               
000001a2  ADC12CTL1               
000001a4  ADC12IFG                
000001a6  ADC12IE                 
000001a8  ADC12IV                 
000001d0  DMA0CTL                 
000001d2  DMA0SA                  
000001d2  DMA0SAL                 
000001d6  DMA0DA                  
000001d6  DMA0DAL                 
000001da  DMA0SZ                  
000001dc  DMA1CTL                 
000001de  DMA1SA                  
000001de  DMA1SAL                 
000001e2  DMA1DA                  
000001e2  DMA1DAL                 
000001e6  DMA1SZ                  
000001e8  DMA2CTL                 
000001ea  DMA2SA                  
000001ea  DMA2SAL                 
000001ee  DMA2DA                  
000001ee  DMA2DAL                 
000001f2  DMA2SZ                  
00001100  data_matrix             
0000127c  str                     
000012e0  strSwap                 
00001344  strMerge                
00001390  idiom_recorder          
000013b0  index4                  
000013be  FirstRowsPressesCounter 
000013c0  LastRowPressesCounter   
000013c2  col1                    
000013c4  col2                    
000013c6  PrintLocation           
000013c8  FirstSpaces             
000013d0  LEDnums                 
000013d8  SecondSpaces            
000013e0  KA                      
000013e2  KB                      
000013e4  KeypadCounter           
000013e6  lpm_mode                
000013e8  state                   
000013ea  temp1                   
000013ec  temp2                   
000020b0  _stack                  
00002100  Keypad_handler          
00002100  __STACK_END             
00002542  PBs_handler             
000025ce  Timer_A                 
000025f6  _c_int00_noargs_noexit  
00002610  DMA_ISR                 
00002620  Timer_B                 
0000262c  __TI_ISR_TRAP           
000027f0  __TI_Handler_Table_Base 
000027fc  __TI_Handler_Table_Limit
00002802  __TI_CINIT_Base         
00002812  __TI_CINIT_Limit        
0000ffde  __TI_int15              
0000ffe0  __TI_int16              
0000ffe2  __TI_int17              
0000ffe4  __TI_int18              
0000ffe6  __TI_int19              
0000ffe8  __TI_int20              
0000ffea  __TI_int21              
0000ffec  __TI_int22              
0000ffee  __TI_int23              
0000fff0  __TI_int24              
0000fff2  __TI_int25              
0000fff4  __TI_int26              
0000fff6  __TI_int27              
0000fff8  __TI_int28              
0000fffa  __TI_int29              
0000fffc  __TI_int30              
0000fffe  _reset_vector           
00010000  state2Func              
000101c4  state4Func              
0001033c  BlocksSizeArr           
00010410  lcd_init                
000104be  GPIOconfig              
0001056a  main                    
000105ee  _auto_init_hold_wdt     
00010670  __TI_decompress_lzss    
000106e6  state1Func              
00010758  BlockSizeStr            
000107c2  copy_in                 
00010826  state3Func              
00010880  lcd_data                
000108d6  lcd_puts                
0001091a  lcd_cmd                 
00010950  enterLPM                
00010984  getRowNum               
000109b6  __mspabi_mpyl_hw        
000109e8  startDMA0               
00010a1a  __mspabi_divi           
00010a1a  __mspabi_remi           
00010a46  DMA1config              
00010a6e  __TI_zero_init          
00010a92  startDMA2               
00010aae  delay                   
00010ac8  TIMER0_A0_config        
00010ae0  __mspabi_mpyi_hw        
00010af8  ClearStrMerge           
00010b0e  __mspabi_divu           
00010b0e  __mspabi_remu           
00010b24  DelayMs                 
00010b38  memcpy                  
00010b4c  startTimer0A0           
00010b60  __TI_decompress_none    
00010b72  lcd_strobe              
00010b84  TimerBstart             
00010b94  DelayUs                 
00010ba2  TimerBconfig            
00010bb0  StopTimerB              
00010bba  setDMA1src              
00010bc4  stopTimer0A0            
00010bce  stop_timers             
00010bd8  sysConfig               
00010be2  disable_TimerBCCIE      
00010bea  enableDMA1              
00010bf2  enable_interrupts       
00010bfa  Clear_LEDs              
00010c00  C$$EXIT                 
00010c00  abort                   
00010c06  _system_pre_init        
00010c0a  _system_post_cinit      
ffffffff  __TI_pprof_out_hndl     
ffffffff  __TI_prof_data_size     
ffffffff  __TI_prof_data_start    
ffffffff  __c_args__              
UNDEFED   __TI_BINIT_Base         
UNDEFED   __TI_BINIT_Limit        
UNDEFED   __TI_INITARRAY_Base     
UNDEFED   __TI_INITARRAY_Limit    

[347 symbols]
