******************************************************************************
                  MSP430 Linker PC v16.9.6                     
******************************************************************************
>> Linked Mon Sep 02 10:02:38 2024

OUTPUT FILE NAME:   <FinalCCS.out>
ENTRY POINT SYMBOL: "_c_int00_noargs_noexit"  address: 0000d538


MEMORY CONFIGURATION

         name            origin    length      used     unused   attr    fill
----------------------  --------  ---------  --------  --------  ----  --------
  SFR                   00000000   00000010  00000000  00000010  RWIX
  PERIPHERALS_8BIT      00000010   000000f0  00000000  000000f0  RWIX
  PERIPHERALS_16BIT     00000100   00000100  00000000  00000100  RWIX
  RAM                   00000200   00000200  00000154  000000ac  RWIX
  INFOD                 00001000   00000040  00000000  00000040  RWIX
  INFOC                 00001040   00000040  00000000  00000040  RWIX
  INFOB                 00001080   00000040  00000000  00000040  RWIX
  INFOA                 000010c0   00000040  00000000  00000040  RWIX
  FLASH                 0000c000   00003fde  00001759  00002885  RWIX
  BSLSIGNATURE          0000ffde   00000002  00000002  00000000  RWIX  ffff 
  INT00                 0000ffe0   00000002  00000002  00000000  RWIX
  INT01                 0000ffe2   00000002  00000000  00000002  RWIX
  INT02                 0000ffe4   00000002  00000002  00000000  RWIX
  INT03                 0000ffe6   00000002  00000002  00000000  RWIX
  INT04                 0000ffe8   00000002  00000000  00000002  RWIX
  INT05                 0000ffea   00000002  00000002  00000000  RWIX
  INT06                 0000ffec   00000002  00000002  00000000  RWIX
  INT07                 0000ffee   00000002  00000002  00000000  RWIX
  INT08                 0000fff0   00000002  00000002  00000000  RWIX
  INT09                 0000fff2   00000002  00000002  00000000  RWIX
  INT10                 0000fff4   00000002  00000002  00000000  RWIX
  INT11                 0000fff6   00000002  00000002  00000000  RWIX
  INT12                 0000fff8   00000002  00000002  00000000  RWIX
  INT13                 0000fffa   00000002  00000002  00000000  RWIX
  INT14                 0000fffc   00000002  00000002  00000000  RWIX
  RESET                 0000fffe   00000002  00000002  00000000  RWIX


SECTION ALLOCATION MAP

 output                                  attributes/
section   page    origin      length       input sections
--------  ----  ----------  ----------   ----------------
.data      0    00000200    000000e2     UNINITIALIZED
                  00000200    00000050     main.obj (.data:Rec_data)
                  00000250    00000050     main.obj (.data:input)
                  000002a0    0000001e     api.obj (.data)
                  000002be    0000000a     main.obj (.data)
                  000002c8    00000005     api.obj (.data:angles)
                  000002cd    00000001     --HOLE--
                  000002ce    00000005     api.obj (.data:printarray)
                  000002d3    00000001     --HOLE--
                  000002d4    00000005     api.obj (.data:rotations)
                  000002d9    00000001     --HOLE--
                  000002da    00000004     main.obj (.data:Vy_Vx)
                  000002de    00000004     halGPIO.obj (.data)

.bss       0    000002e2    00000022     UNINITIALIZED
                  000002e2    0000001a     (.common:memoryFiles)
                  000002fc    00000002     (.common:execute_pointer)
                  000002fe    00000002     (.common:lpm_mode)
                  00000300    00000002     (.common:state)
                  00000302    00000002     (.common:stepState)

.stack     0    000003b0    00000050     UNINITIALIZED
                  000003b0    00000002     rts430_eabi.lib : boot.obj (.stack)
                  000003b2    0000004e     --HOLE--

.text      0    0000c000    000016fc     
                  0000c000    000001da     halGPIO.obj (.text:USCI0RX_ISR)
                  0000c1da    00000116     rts430_eabi.lib : _printfi_min.obj (.text:_setfield)
                  0000c2f0    00000114     halGPIO.obj (.text:tangens)
                  0000c404    00000108     api.obj (.text:joystick_painter)
                  0000c50c    000000f8     api.obj (.text:stepper_deg)
                  0000c604    000000e6     rts430_eabi.lib : _printfi_min.obj (.text:__TI_printfi_minimal)
                  0000c6ea    000000e6     api.obj (.text:clibrateMotor)
                  0000c7d0    000000e0     api.obj (.text:execute_scripts)
                  0000c8b0    000000ca     rts430_eabi.lib : _printfi_min.obj (.text:_pproc_diouxp)
                  0000c97a    000000c6     halGPIO.obj (.text:PBs_handler)
                  0000ca40    000000c6     halGPIO.obj (.text:lcd_init)
                  0000cb06    000000be     api.obj (.text:Joystickcontroledangle)
                  0000cbc4    000000a0     api.obj (.text:stepper_scan)
                  0000cc64    0000007c     rts430_eabi.lib : copy_decompress_lzss.obj (.text:decompress:lzss:__TI_decompress_lzss)
                  0000cce0    0000006e     halGPIO.obj (.text:USCI0TX_ISR)
                  0000cd4e    0000006e     rts430_eabi.lib : autoinit.obj (.text:_auto_init)
                  0000cdbc    0000006e     api.obj (.text:inttochar)
                  0000ce2a    0000006c     flash.obj (.text:write_data_to_flash)
                  0000ce96    00000068     main.obj (.text:main)
                  0000cefe    0000005c     api.obj (.text:hex_to_int)
                  0000cf5a    0000005c     halGPIO.obj (.text:lcd_data)
                  0000cfb6    0000005a     rts430_eabi.lib : cpy_tbl.obj (.text:copy_in)
                  0000d010    00000058     api.obj (.text:rra_lcd)
                  0000d068    00000058     rts430_eabi.lib : div32u.obj (.text)
                  0000d0c0    00000050     bsp.obj (.text:GPIOconfig)
                  0000d110    0000004c     rts430_eabi.lib : lsr16.obj (.text)
                  0000d15c    0000004a     halGPIO.obj (.text:lcd_puts)
                  0000d1a6    00000048     api.obj (.text:inc_lcd)
                  0000d1ee    00000044     bsp.obj (.text:UARTConfig)
                  0000d232    00000044     api.obj (.text:dec_lcd)
                  0000d276    00000042     api.obj (.text:Script_mode)
                  0000d2b8    00000040     rts430_eabi.lib : div32s.obj (.text)
                  0000d2f8    0000003e                     : asr32.obj (.text:l_asr_const)
                  0000d336    0000003e                     : lsl32.obj (.text:l_lsl_const)
                  0000d374    0000003c     halGPIO.obj (.text:lcd_cmd)
                  0000d3b0    00000038     rts430_eabi.lib : sprintf.obj (.text:sprintf)
                  0000d3e8    00000032     halGPIO.obj (.text:TimerA_ISR)
                  0000d41a    0000002e     flash.obj (.text:write_calib_data)
                  0000d448    0000002c     rts430_eabi.lib : lsl16.obj (.text)
                  0000d474    0000002a     halGPIO.obj (.text:clockwiseRotation)
                  0000d49e    0000002a     halGPIO.obj (.text:counterclockwiseRotation)
                  0000d4c8    0000002a     api.obj (.text:script_delay)
                  0000d4f2    00000026     rts430_eabi.lib : mult32.obj (.text)
                  0000d518    00000020     api.obj (.text:MessurejoystickV)
                  0000d538    0000001a     rts430_eabi.lib : boot_special.obj (.text:_c_int00_noargs_noexit)
                  0000d552    0000001a                     : sprintf.obj (.text:_outs)
                  0000d56c    0000001a                     : memccpy.obj (.text:memccpy)
                  0000d586    00000018     bsp.obj (.text:ADCconfig)
                  0000d59e    00000018     bsp.obj (.text:TIMER_A0_config)
                  0000d5b6    00000016     rts430_eabi.lib : div16u.obj (.text)
                  0000d5cc    00000014     halGPIO.obj (.text:DelayMs)
                  0000d5e0    00000014     rts430_eabi.lib : copy_zero_init.obj (.text:decompress:ZI:__TI_zero_init)
                  0000d5f4    00000014                     : memset.obj (.text:memset)
                  0000d608    00000014                     : mult16.obj (.text)
                  0000d61c    00000012                     : sprintf.obj (.text:_outc)
                  0000d62e    00000012                     : copy_decompress_none.obj (.text:decompress:none:__TI_decompress_none)
                  0000d640    00000012                     : memcpy.obj (.text:memcpy)
                  0000d652    00000012     halGPIO.obj (.text:sysConfig)
                  0000d664    00000010     rts430_eabi.lib : epilog.obj (.text)
                  0000d674    00000010                     : strcpy.obj (.text:strcpy)
                  0000d684    0000000e     halGPIO.obj (.text:DelayUs)
                  0000d692    0000000e     halGPIO.obj (.text:lcd_strobe)
                  0000d6a0    0000000e     rts430_eabi.lib : strlen.obj (.text:strlen)
                  0000d6ae    0000000a     halGPIO.obj (.text:TIMERA0_delay_ms)
                  0000d6b8    00000008     halGPIO.obj (.text:ADC10_ISR)
                  0000d6c0    00000008     rts430_eabi.lib : isr_trap.obj (.text:_isr:__TI_ISR_TRAP)
                  0000d6c8    00000008     api.obj (.text:clear_all_leds)
                  0000d6d0    00000008     api.obj (.text:reset_delay)
                  0000d6d8    00000006     bsp.obj (.text:StopAllTimers)
                  0000d6de    00000006     rts430_eabi.lib : exit.obj (.text:abort)
                  0000d6e4    00000006     halGPIO.obj (.text:divisionBy128)
                  0000d6ea    00000006     api.obj (.text:set_delay)
                  0000d6f0    00000006     api.obj (.text:sleep)
                  0000d6f6    00000004     rts430_eabi.lib : pre_init.obj (.text:_system_pre_init)
                  0000d6fa    00000002                     : startup.obj (.text:_system_post_cinit)

.binit     0    0000c000    00000000     

.const     0    0000d6fc    0000003b     
                  0000d6fc    0000001c     api.obj (.const:.string)
                  0000d718    00000014     rts430_eabi.lib : _printfi_min.obj (.const:.string)
                  0000d72c    00000005     api.obj (.const:.string:$P$T0$1)
                  0000d731    00000001     --HOLE-- [fill = 0]
                  0000d732    00000005     api.obj (.const:.string:$P$T1$2)

.cinit     0    0000d738    00000022     
                  0000d738    00000010     (.cinit..data.load) [load image, compression = lzss]
                  0000d748    00000006     (__TI_handler_table)
                  0000d74e    00000004     (.cinit..bss.load) [load image, compression = zero_init]
                  0000d752    00000008     (__TI_cinit_table)

.init_array 
*          0    0000c000    00000000     UNINITIALIZED

TRAPINT    0    0000ffe0    00000002     
                  0000ffe0    00000002     rts430_eabi.lib : int00.obj (.int00)

PORT1      0    0000ffe4    00000002     
                  0000ffe4    00000002     halGPIO.obj (.int02)

PORT2      0    0000ffe6    00000002     
                  0000ffe6    00000002     rts430_eabi.lib : int03.obj (.int03)

$fill000   0    0000ffde    00000002     
                  0000ffde    00000002     --HOLE-- [fill = ffff]

ADC10      0    0000ffea    00000002     
                  0000ffea    00000002     halGPIO.obj (.int05)

USCIAB0TX 
*          0    0000ffec    00000002     
                  0000ffec    00000002     halGPIO.obj (.int06)

USCIAB0RX 
*          0    0000ffee    00000002     
                  0000ffee    00000002     halGPIO.obj (.int07)

TIMER0_A1 
*          0    0000fff0    00000002     
                  0000fff0    00000002     rts430_eabi.lib : int08.obj (.int08)

TIMER0_A0 
*          0    0000fff2    00000002     
                  0000fff2    00000002     halGPIO.obj (.int09)

WDT        0    0000fff4    00000002     
                  0000fff4    00000002     rts430_eabi.lib : int10.obj (.int10)

COMPARATORA 
*          0    0000fff6    00000002     
                  0000fff6    00000002     rts430_eabi.lib : int11.obj (.int11)

TIMER1_A1 
*          0    0000fff8    00000002     
                  0000fff8    00000002     rts430_eabi.lib : int12.obj (.int12)

TIMER1_A0 
*          0    0000fffa    00000002     
                  0000fffa    00000002     rts430_eabi.lib : int13.obj (.int13)

NMI        0    0000fffc    00000002     
                  0000fffc    00000002     rts430_eabi.lib : int14.obj (.int14)

.reset     0    0000fffe    00000002     
                  0000fffe    00000002     rts430_eabi.lib : boot.obj (.reset)

MODULE SUMMARY

       Module                     code   ro data   rw data
       ------                     ----   -------   -------
    .\Source\
       api.obj                    1914   38        47     
       halGPIO.obj                1706   10        10     
       main.obj                   104    0         174    
       bsp.obj                    202    0         0      
       flash.obj                  154    0         26     
    +--+--------------------------+------+---------+---------+
       Total:                     4080   48        257    
                                                          
    C:\ti\ccsv7\tools\compiler\ti-cgt-msp430_16.9.6.LTS\lib\rts430_eabi.lib
       _printfi_min.obj           710    20        0      
       copy_decompress_lzss.obj   124    0         0      
       autoinit.obj               110    0         0      
       sprintf.obj                100    0         0      
       cpy_tbl.obj                90     0         0      
       div32u.obj                 88     0         0      
       lsr16.obj                  76     0         0      
       div32s.obj                 64     0         0      
       asr32.obj                  62     0         0      
       lsl32.obj                  62     0         0      
       lsl16.obj                  44     0         0      
       mult32.obj                 38     0         0      
       boot_special.obj           26     0         0      
       memccpy.obj                26     0         0      
       div16u.obj                 22     0         0      
       copy_zero_init.obj         20     0         0      
       memset.obj                 20     0         0      
       mult16.obj                 20     0         0      
       copy_decompress_none.obj   18     0         0      
       memcpy.obj                 18     0         0      
       epilog.obj                 16     0         0      
       strcpy.obj                 16     0         0      
       strlen.obj                 14     0         0      
       isr_trap.obj               8      0         0      
       exit.obj                   6      0         0      
       pre_init.obj               4      0         0      
       boot.obj                   0      2         0      
       int00.obj                  0      2         0      
       int03.obj                  0      2         0      
       int08.obj                  0      2         0      
       int10.obj                  0      2         0      
       int11.obj                  0      2         0      
       int12.obj                  0      2         0      
       int13.obj                  0      2         0      
       int14.obj                  0      2         0      
       startup.obj                2      0         0      
    +--+--------------------------+------+---------+---------+
       Total:                     1804   38        0      
                                                          
       Stack:                     0      0         80     
       Linker Generated:          0      34        0      
    +--+--------------------------+------+---------+---------+
       Grand Total:               5884   120       337    


LINKER GENERATED COPY TABLES

__TI_cinit_table @ 0000d752 records: 2, size/record: 4, table size: 8
	.data: load addr=0000d738, load size=00000010 bytes, run addr=00000200, run size=000000e2 bytes, compression=lzss
	.bss: load addr=0000d74e, load size=00000004 bytes, run addr=000002e2, run size=00000022 bytes, compression=zero_init


LINKER GENERATED HANDLER TABLE

__TI_handler_table @ 0000d748 records: 3, size/record: 2, table size: 6
	index: 0, handler: __TI_zero_init
	index: 1, handler: __TI_decompress_lzss
	index: 2, handler: __TI_decompress_none


GLOBAL SYMBOLS: SORTED ALPHABETICALLY BY Name 

address   name                    
-------   ----                    
0000004a  ADC10AE0                
000001b0  ADC10CTL0               
000001b2  ADC10CTL1               
00000048  ADC10DTC0               
00000049  ADC10DTC1               
000001b4  ADC10MEM                
000001bc  ADC10SA                 
0000d6b8  ADC10_ISR               
0000d586  ADCconfig               
00000057  BCSCTL1                 
00000058  BCSCTL2                 
00000053  BCSCTL3                 
0000d6de  C$$EXIT                 
00000059  CACTL1                  
0000005a  CACTL2                  
000010fb  CALBC1_12MHZ            
000010f9  CALBC1_16MHZ            
000010ff  CALBC1_1MHZ             
000010fd  CALBC1_8MHZ             
000010fa  CALDCO_12MHZ            
000010f8  CALDCO_16MHZ            
000010fe  CALDCO_1MHZ             
000010fc  CALDCO_8MHZ             
0000005b  CAPD                    
000002a8  CalibAngles             
00000056  DCOCTL                  
0000d5cc  DelayMs                 
0000d684  DelayUs                 
00000128  FCTL1                   
0000012a  FCTL2                   
0000012c  FCTL3                   
0000d0c0  GPIOconfig              
00000000  IE1                     
00000001  IE2                     
00000002  IFG1                    
00000003  IFG2                    
0000cb06  Joystickcontroledangle  
0000d518  MessurejoystickV        
00000022  P1DIR                   
00000025  P1IE                    
00000024  P1IES                   
00000023  P1IFG                   
00000020  P1IN                    
00000021  P1OUT                   
00000027  P1REN                   
00000026  P1SEL                   
00000041  P1SEL2                  
0000002a  P2DIR                   
0000002d  P2IE                    
0000002c  P2IES                   
0000002b  P2IFG                   
00000028  P2IN                    
00000029  P2OUT                   
0000002f  P2REN                   
0000002e  P2SEL                   
00000042  P2SEL2                  
0000001a  P3DIR                   
00000018  P3IN                    
00000019  P3OUT                   
00000010  P3REN                   
0000001b  P3SEL                   
00000043  P3SEL2                  
0000c97a  PBs_handler             
00000200  Rec_data                
000002b8  ScriptAngles            
0000d276  Script_mode             
0000d6d8  StopAllTimers           
00000172  TA0CCR0                 
00000174  TA0CCR1                 
00000176  TA0CCR2                 
00000162  TA0CCTL0                
00000164  TA0CCTL1                
00000166  TA0CCTL2                
00000160  TA0CTL                  
0000012e  TA0IV                   
00000170  TA0R                    
00000192  TA1CCR0                 
00000194  TA1CCR1                 
00000196  TA1CCR2                 
00000182  TA1CCTL0                
00000184  TA1CCTL1                
00000186  TA1CCTL2                
00000180  TA1CTL                  
0000011e  TA1IV                   
00000190  TA1R                    
0000d6ae  TIMERA0_delay_ms        
0000d59e  TIMER_A0_config         
000010db  TLV_ADC10_1_LEN         
000010da  TLV_ADC10_1_TAG         
000010c0  TLV_CHECKSUM            
000010f7  TLV_DCO_30_LEN          
000010f6  TLV_DCO_30_TAG          
0000d3e8  TimerA_ISR              
000002ba  Tx_index                
0000d1ee  UARTConfig              
0000005d  UCA0ABCTL               
00000062  UCA0BR0                 
00000063  UCA0BR1                 
00000060  UCA0CTL0                
00000061  UCA0CTL1                
0000005f  UCA0IRRCTL              
0000005e  UCA0IRTCTL              
00000064  UCA0MCTL                
00000066  UCA0RXBUF               
00000065  UCA0STAT                
00000067  UCA0TXBUF               
0000006a  UCB0BR0                 
0000006b  UCB0BR1                 
00000068  UCB0CTL0                
00000069  UCB0CTL1                
0000006c  UCB0I2CIE               
00000118  UCB0I2COA               
0000011a  UCB0I2CSA               
0000006e  UCB0RXBUF               
0000006d  UCB0STAT                
0000006f  UCB0TXBUF               
0000c000  USCI0RX_ISR             
0000cce0  USCI0TX_ISR             
000002ae  Vrx                     
000002b0  Vry                     
000002da  Vy_Vx                   
00000120  WDTCTL                  
00000400  __STACK_END             
00000050  __STACK_SIZE            
UNDEFED   __TI_BINIT_Base         
UNDEFED   __TI_BINIT_Limit        
0000d752  __TI_CINIT_Base         
0000d75a  __TI_CINIT_Limit        
0000d748  __TI_Handler_Table_Base 
0000d74e  __TI_Handler_Table_Limit
UNDEFED   __TI_INITARRAY_Base     
UNDEFED   __TI_INITARRAY_Limit    
0000d6c0  __TI_ISR_TRAP           
0000cc64  __TI_decompress_lzss    
0000d62e  __TI_decompress_none    
0000ffe0  __TI_int00              
0000ffe4  __TI_int02              
0000ffe6  __TI_int03              
0000ffea  __TI_int05              
0000ffec  __TI_int06              
0000ffee  __TI_int07              
0000fff0  __TI_int08              
0000fff2  __TI_int09              
0000fff4  __TI_int10              
0000fff6  __TI_int11              
0000fff8  __TI_int12              
0000fffa  __TI_int13              
0000fffc  __TI_int14              
ffffffff  __TI_pprof_out_hndl     
0000c604  __TI_printfi_minimal    
ffffffff  __TI_prof_data_size     
ffffffff  __TI_prof_data_start    
0000d5e0  __TI_zero_init          
ffffffff  __c_args__              
0000d2b8  __mspabi_divli          
0000d5b6  __mspabi_divu           
0000d068  __mspabi_divul          
0000d670  __mspabi_func_epilog_1  
0000d66e  __mspabi_func_epilog_2  
0000d66c  __mspabi_func_epilog_3  
0000d66a  __mspabi_func_epilog_4  
0000d668  __mspabi_func_epilog_5  
0000d666  __mspabi_func_epilog_6  
0000d664  __mspabi_func_epilog_7  
0000d608  __mspabi_mpyi           
0000d608  __mspabi_mpyi_sw        
0000d4f2  __mspabi_mpyl           
0000d4f2  __mspabi_mpyl_sw        
0000d2b8  __mspabi_remli          
0000d5b6  __mspabi_remu           
0000d068  __mspabi_remul          
0000d448  __mspabi_slli           
0000d470  __mspabi_slli_1         
0000d45e  __mspabi_slli_10        
0000d45c  __mspabi_slli_11        
0000d45a  __mspabi_slli_12        
0000d458  __mspabi_slli_13        
0000d456  __mspabi_slli_14        
0000d454  __mspabi_slli_15        
0000d46e  __mspabi_slli_2         
0000d46c  __mspabi_slli_3         
0000d46a  __mspabi_slli_4         
0000d468  __mspabi_slli_5         
0000d466  __mspabi_slli_6         
0000d464  __mspabi_slli_7         
0000d462  __mspabi_slli_8         
0000d460  __mspabi_slli_9         
0000d36e  __mspabi_slll_1         
0000d34a  __mspabi_slll_10        
0000d346  __mspabi_slll_11        
0000d342  __mspabi_slll_12        
0000d33e  __mspabi_slll_13        
0000d33a  __mspabi_slll_14        
0000d336  __mspabi_slll_15        
0000d36a  __mspabi_slll_2         
0000d366  __mspabi_slll_3         
0000d362  __mspabi_slll_4         
0000d35e  __mspabi_slll_5         
0000d35a  __mspabi_slll_6         
0000d356  __mspabi_slll_7         
0000d352  __mspabi_slll_8         
0000d34e  __mspabi_slll_9         
0000d330  __mspabi_sral_1         
0000d30c  __mspabi_sral_10        
0000d308  __mspabi_sral_11        
0000d304  __mspabi_sral_12        
0000d300  __mspabi_sral_13        
0000d2fc  __mspabi_sral_14        
0000d2f8  __mspabi_sral_15        
0000d32c  __mspabi_sral_2         
0000d328  __mspabi_sral_3         
0000d324  __mspabi_sral_4         
0000d320  __mspabi_sral_5         
0000d31c  __mspabi_sral_6         
0000d318  __mspabi_sral_7         
0000d314  __mspabi_sral_8         
0000d310  __mspabi_sral_9         
0000d110  __mspabi_srli           
0000d156  __mspabi_srli_1         
0000d132  __mspabi_srli_10        
0000d12e  __mspabi_srli_11        
0000d12a  __mspabi_srli_12        
0000d126  __mspabi_srli_13        
0000d122  __mspabi_srli_14        
0000d11e  __mspabi_srli_15        
0000d152  __mspabi_srli_2         
0000d14e  __mspabi_srli_3         
0000d14a  __mspabi_srli_4         
0000d146  __mspabi_srli_5         
0000d142  __mspabi_srli_6         
0000d13e  __mspabi_srli_7         
0000d13a  __mspabi_srli_8         
0000d136  __mspabi_srli_9         
0000cd4e  _auto_init              
0000d538  _c_int00_noargs_noexit  
0000fffe  _reset_vector           
000003b0  _stack                  
0000d6fa  _system_post_cinit      
0000d6f6  _system_pre_init        
0000d6de  abort                   
000002c0  ack                     
000002a6  amount_of_steps         
000002a0  angle                   
000002c8  angles                  
0000d6c8  clear_all_leds          
0000c6ea  clibrateMotor           
000002aa  clockDIR                
0000d474  clockwiseRotation       
0000cfb6  copy_in                 
0000d49e  counterclockwiseRotation
000002c2  d                       
0000d232  dec_lcd                 
000002bc  degreeORscan            
0000d6e4  divisionBy128           
000002fc  execute_pointer         
0000c7d0  execute_scripts         
000002c6  file_execute_ind        
000002c4  file_uploaded_ind       
0000cefe  hex_to_int              
0000d1a6  inc_lcd                 
00000250  input                   
000002be  input_slot              
0000cdbc  inttochar               
000002b2  iter                    
000002b4  iter2                   
0000c404  joystick_painter        
0000d374  lcd_cmd                 
0000cf5a  lcd_data                
0000ca40  lcd_init                
0000d15c  lcd_puts                
0000d692  lcd_strobe              
000002fe  lpm_mode                
0000ce96  main                    
0000d56c  memccpy                 
0000d640  memcpy                  
000002e2  memoryFiles             
0000d5f4  memset                  
000002ac  prevP                   
000002ce  printarray              
0000d6d0  reset_delay             
000002de  rotateFlag              
000002e0  rotationCounter         
000002d4  rotations               
000002b6  rotationscounterScript  
0000d010  rra_lcd                 
0000d4c8  script_delay            
0000d6ea  set_delay               
0000d6f0  sleep                   
0000d3b0  sprintf                 
00000300  state                   
00000302  stepState               
0000c50c  stepper_deg             
0000cbc4  stepper_scan            
0000d674  strcpy                  
0000d6a0  strlen                  
0000d652  sysConfig               
0000c2f0  tangens                 
000002a2  temp_division           
0000d41a  write_calib_data        
0000ce2a  write_data_to_flash     


GLOBAL SYMBOLS: SORTED BY Symbol Address 

address   name                    
-------   ----                    
00000000  IE1                     
00000001  IE2                     
00000002  IFG1                    
00000003  IFG2                    
00000010  P3REN                   
00000018  P3IN                    
00000019  P3OUT                   
0000001a  P3DIR                   
0000001b  P3SEL                   
00000020  P1IN                    
00000021  P1OUT                   
00000022  P1DIR                   
00000023  P1IFG                   
00000024  P1IES                   
00000025  P1IE                    
00000026  P1SEL                   
00000027  P1REN                   
00000028  P2IN                    
00000029  P2OUT                   
0000002a  P2DIR                   
0000002b  P2IFG                   
0000002c  P2IES                   
0000002d  P2IE                    
0000002e  P2SEL                   
0000002f  P2REN                   
00000041  P1SEL2                  
00000042  P2SEL2                  
00000043  P3SEL2                  
00000048  ADC10DTC0               
00000049  ADC10DTC1               
0000004a  ADC10AE0                
00000050  __STACK_SIZE            
00000053  BCSCTL3                 
00000056  DCOCTL                  
00000057  BCSCTL1                 
00000058  BCSCTL2                 
00000059  CACTL1                  
0000005a  CACTL2                  
0000005b  CAPD                    
0000005d  UCA0ABCTL               
0000005e  UCA0IRTCTL              
0000005f  UCA0IRRCTL              
00000060  UCA0CTL0                
00000061  UCA0CTL1                
00000062  UCA0BR0                 
00000063  UCA0BR1                 
00000064  UCA0MCTL                
00000065  UCA0STAT                
00000066  UCA0RXBUF               
00000067  UCA0TXBUF               
00000068  UCB0CTL0                
00000069  UCB0CTL1                
0000006a  UCB0BR0                 
0000006b  UCB0BR1                 
0000006c  UCB0I2CIE               
0000006d  UCB0STAT                
0000006e  UCB0RXBUF               
0000006f  UCB0TXBUF               
00000118  UCB0I2COA               
0000011a  UCB0I2CSA               
0000011e  TA1IV                   
00000120  WDTCTL                  
00000128  FCTL1                   
0000012a  FCTL2                   
0000012c  FCTL3                   
0000012e  TA0IV                   
00000160  TA0CTL                  
00000162  TA0CCTL0                
00000164  TA0CCTL1                
00000166  TA0CCTL2                
00000170  TA0R                    
00000172  TA0CCR0                 
00000174  TA0CCR1                 
00000176  TA0CCR2                 
00000180  TA1CTL                  
00000182  TA1CCTL0                
00000184  TA1CCTL1                
00000186  TA1CCTL2                
00000190  TA1R                    
00000192  TA1CCR0                 
00000194  TA1CCR1                 
00000196  TA1CCR2                 
000001b0  ADC10CTL0               
000001b2  ADC10CTL1               
000001b4  ADC10MEM                
000001bc  ADC10SA                 
00000200  Rec_data                
00000250  input                   
000002a0  angle                   
000002a2  temp_division           
000002a6  amount_of_steps         
000002a8  CalibAngles             
000002aa  clockDIR                
000002ac  prevP                   
000002ae  Vrx                     
000002b0  Vry                     
000002b2  iter                    
000002b4  iter2                   
000002b6  rotationscounterScript  
000002b8  ScriptAngles            
000002ba  Tx_index                
000002bc  degreeORscan            
000002be  input_slot              
000002c0  ack                     
000002c2  d                       
000002c4  file_uploaded_ind       
000002c6  file_execute_ind        
000002c8  angles                  
000002ce  printarray              
000002d4  rotations               
000002da  Vy_Vx                   
000002de  rotateFlag              
000002e0  rotationCounter         
000002e2  memoryFiles             
000002fc  execute_pointer         
000002fe  lpm_mode                
00000300  state                   
00000302  stepState               
000003b0  _stack                  
00000400  __STACK_END             
000010c0  TLV_CHECKSUM            
000010da  TLV_ADC10_1_TAG         
000010db  TLV_ADC10_1_LEN         
000010f6  TLV_DCO_30_TAG          
000010f7  TLV_DCO_30_LEN          
000010f8  CALDCO_16MHZ            
000010f9  CALBC1_16MHZ            
000010fa  CALDCO_12MHZ            
000010fb  CALBC1_12MHZ            
000010fc  CALDCO_8MHZ             
000010fd  CALBC1_8MHZ             
000010fe  CALDCO_1MHZ             
000010ff  CALBC1_1MHZ             
0000c000  USCI0RX_ISR             
0000c2f0  tangens                 
0000c404  joystick_painter        
0000c50c  stepper_deg             
0000c604  __TI_printfi_minimal    
0000c6ea  clibrateMotor           
0000c7d0  execute_scripts         
0000c97a  PBs_handler             
0000ca40  lcd_init                
0000cb06  Joystickcontroledangle  
0000cbc4  stepper_scan            
0000cc64  __TI_decompress_lzss    
0000cce0  USCI0TX_ISR             
0000cd4e  _auto_init              
0000cdbc  inttochar               
0000ce2a  write_data_to_flash     
0000ce96  main                    
0000cefe  hex_to_int              
0000cf5a  lcd_data                
0000cfb6  copy_in                 
0000d010  rra_lcd                 
0000d068  __mspabi_divul          
0000d068  __mspabi_remul          
0000d0c0  GPIOconfig              
0000d110  __mspabi_srli           
0000d11e  __mspabi_srli_15        
0000d122  __mspabi_srli_14        
0000d126  __mspabi_srli_13        
0000d12a  __mspabi_srli_12        
0000d12e  __mspabi_srli_11        
0000d132  __mspabi_srli_10        
0000d136  __mspabi_srli_9         
0000d13a  __mspabi_srli_8         
0000d13e  __mspabi_srli_7         
0000d142  __mspabi_srli_6         
0000d146  __mspabi_srli_5         
0000d14a  __mspabi_srli_4         
0000d14e  __mspabi_srli_3         
0000d152  __mspabi_srli_2         
0000d156  __mspabi_srli_1         
0000d15c  lcd_puts                
0000d1a6  inc_lcd                 
0000d1ee  UARTConfig              
0000d232  dec_lcd                 
0000d276  Script_mode             
0000d2b8  __mspabi_divli          
0000d2b8  __mspabi_remli          
0000d2f8  __mspabi_sral_15        
0000d2fc  __mspabi_sral_14        
0000d300  __mspabi_sral_13        
0000d304  __mspabi_sral_12        
0000d308  __mspabi_sral_11        
0000d30c  __mspabi_sral_10        
0000d310  __mspabi_sral_9         
0000d314  __mspabi_sral_8         
0000d318  __mspabi_sral_7         
0000d31c  __mspabi_sral_6         
0000d320  __mspabi_sral_5         
0000d324  __mspabi_sral_4         
0000d328  __mspabi_sral_3         
0000d32c  __mspabi_sral_2         
0000d330  __mspabi_sral_1         
0000d336  __mspabi_slll_15        
0000d33a  __mspabi_slll_14        
0000d33e  __mspabi_slll_13        
0000d342  __mspabi_slll_12        
0000d346  __mspabi_slll_11        
0000d34a  __mspabi_slll_10        
0000d34e  __mspabi_slll_9         
0000d352  __mspabi_slll_8         
0000d356  __mspabi_slll_7         
0000d35a  __mspabi_slll_6         
0000d35e  __mspabi_slll_5         
0000d362  __mspabi_slll_4         
0000d366  __mspabi_slll_3         
0000d36a  __mspabi_slll_2         
0000d36e  __mspabi_slll_1         
0000d374  lcd_cmd                 
0000d3b0  sprintf                 
0000d3e8  TimerA_ISR              
0000d41a  write_calib_data        
0000d448  __mspabi_slli           
0000d454  __mspabi_slli_15        
0000d456  __mspabi_slli_14        
0000d458  __mspabi_slli_13        
0000d45a  __mspabi_slli_12        
0000d45c  __mspabi_slli_11        
0000d45e  __mspabi_slli_10        
0000d460  __mspabi_slli_9         
0000d462  __mspabi_slli_8         
0000d464  __mspabi_slli_7         
0000d466  __mspabi_slli_6         
0000d468  __mspabi_slli_5         
0000d46a  __mspabi_slli_4         
0000d46c  __mspabi_slli_3         
0000d46e  __mspabi_slli_2         
0000d470  __mspabi_slli_1         
0000d474  clockwiseRotation       
0000d49e  counterclockwiseRotation
0000d4c8  script_delay            
0000d4f2  __mspabi_mpyl           
0000d4f2  __mspabi_mpyl_sw        
0000d518  MessurejoystickV        
0000d538  _c_int00_noargs_noexit  
0000d56c  memccpy                 
0000d586  ADCconfig               
0000d59e  TIMER_A0_config         
0000d5b6  __mspabi_divu           
0000d5b6  __mspabi_remu           
0000d5cc  DelayMs                 
0000d5e0  __TI_zero_init          
0000d5f4  memset                  
0000d608  __mspabi_mpyi           
0000d608  __mspabi_mpyi_sw        
0000d62e  __TI_decompress_none    
0000d640  memcpy                  
0000d652  sysConfig               
0000d664  __mspabi_func_epilog_7  
0000d666  __mspabi_func_epilog_6  
0000d668  __mspabi_func_epilog_5  
0000d66a  __mspabi_func_epilog_4  
0000d66c  __mspabi_func_epilog_3  
0000d66e  __mspabi_func_epilog_2  
0000d670  __mspabi_func_epilog_1  
0000d674  strcpy                  
0000d684  DelayUs                 
0000d692  lcd_strobe              
0000d6a0  strlen                  
0000d6ae  TIMERA0_delay_ms        
0000d6b8  ADC10_ISR               
0000d6c0  __TI_ISR_TRAP           
0000d6c8  clear_all_leds          
0000d6d0  reset_delay             
0000d6d8  StopAllTimers           
0000d6de  C$$EXIT                 
0000d6de  abort                   
0000d6e4  divisionBy128           
0000d6ea  set_delay               
0000d6f0  sleep                   
0000d6f6  _system_pre_init        
0000d6fa  _system_post_cinit      
0000d748  __TI_Handler_Table_Base 
0000d74e  __TI_Handler_Table_Limit
0000d752  __TI_CINIT_Base         
0000d75a  __TI_CINIT_Limit        
0000ffe0  __TI_int00              
0000ffe4  __TI_int02              
0000ffe6  __TI_int03              
0000ffea  __TI_int05              
0000ffec  __TI_int06              
0000ffee  __TI_int07              
0000fff0  __TI_int08              
0000fff2  __TI_int09              
0000fff4  __TI_int10              
0000fff6  __TI_int11              
0000fff8  __TI_int12              
0000fffa  __TI_int13              
0000fffc  __TI_int14              
0000fffe  _reset_vector           
ffffffff  __TI_pprof_out_hndl     
ffffffff  __TI_prof_data_size     
ffffffff  __TI_prof_data_start    
ffffffff  __c_args__              
UNDEFED   __TI_BINIT_Base         
UNDEFED   __TI_BINIT_Limit        
UNDEFED   __TI_INITARRAY_Base     
UNDEFED   __TI_INITARRAY_Limit    

[300 symbols]
