<?xml version="1.0"?>
<link_info>
   <banner>MSP430 Linker PC v16.9.6.LTS</banner>
   <copyright>Copyright (c) 2003-2017 Texas Instruments Incorporated</copyright>
   <link_time>0x66d5630e</link_time>
   <link_errors>0x0</link_errors>
   <output_file>FinalCCS.out</output_file>
   <entry_point>
      <name>_c_int00_noargs_noexit</name>
      <address>0xd538</address>
   </entry_point>
   <input_file_list>
      <input_file id="fl-2">
         <path>.\Source\</path>
         <kind>object</kind>
         <file>api.obj</file>
         <name>api.obj</name>
      </input_file>
      <input_file id="fl-3">
         <path>.\Source\</path>
         <kind>object</kind>
         <file>bsp.obj</file>
         <name>bsp.obj</name>
      </input_file>
      <input_file id="fl-4">
         <path>.\Source\</path>
         <kind>object</kind>
         <file>flash.obj</file>
         <name>flash.obj</name>
      </input_file>
      <input_file id="fl-5">
         <path>.\Source\</path>
         <kind>object</kind>
         <file>halGPIO.obj</file>
         <name>halGPIO.obj</name>
      </input_file>
      <input_file id="fl-6">
         <path>.\Source\</path>
         <kind>object</kind>
         <file>main.obj</file>
         <name>main.obj</name>
      </input_file>
      <input_file id="fl-b">
         <kind>object</kind>
         <file>&lt;internal&gt;</file>
         <name>&lt;internal&gt;</name>
      </input_file>
      <input_file id="fl-21">
         <path>C:\ti\ccsv7\tools\compiler\ti-cgt-msp430_16.9.6.LTS\lib\</path>
         <kind>archive</kind>
         <file>rts430_eabi.lib</file>
         <name>asr32.obj</name>
      </input_file>
      <input_file id="fl-22">
         <path>C:\ti\ccsv7\tools\compiler\ti-cgt-msp430_16.9.6.LTS\lib\</path>
         <kind>archive</kind>
         <file>rts430_eabi.lib</file>
         <name>boot.obj</name>
      </input_file>
      <input_file id="fl-23">
         <path>C:\ti\ccsv7\tools\compiler\ti-cgt-msp430_16.9.6.LTS\lib\</path>
         <kind>archive</kind>
         <file>rts430_eabi.lib</file>
         <name>boot_special.obj</name>
      </input_file>
      <input_file id="fl-24">
         <path>C:\ti\ccsv7\tools\compiler\ti-cgt-msp430_16.9.6.LTS\lib\</path>
         <kind>archive</kind>
         <file>rts430_eabi.lib</file>
         <name>copy_decompress_lzss.obj</name>
      </input_file>
      <input_file id="fl-25">
         <path>C:\ti\ccsv7\tools\compiler\ti-cgt-msp430_16.9.6.LTS\lib\</path>
         <kind>archive</kind>
         <file>rts430_eabi.lib</file>
         <name>copy_decompress_none.obj</name>
      </input_file>
      <input_file id="fl-26">
         <path>C:\ti\ccsv7\tools\compiler\ti-cgt-msp430_16.9.6.LTS\lib\</path>
         <kind>archive</kind>
         <file>rts430_eabi.lib</file>
         <name>copy_zero_init.obj</name>
      </input_file>
      <input_file id="fl-27">
         <path>C:\ti\ccsv7\tools\compiler\ti-cgt-msp430_16.9.6.LTS\lib\</path>
         <kind>archive</kind>
         <file>rts430_eabi.lib</file>
         <name>div32s.obj</name>
      </input_file>
      <input_file id="fl-28">
         <path>C:\ti\ccsv7\tools\compiler\ti-cgt-msp430_16.9.6.LTS\lib\</path>
         <kind>archive</kind>
         <file>rts430_eabi.lib</file>
         <name>div32u.obj</name>
      </input_file>
      <input_file id="fl-29">
         <path>C:\ti\ccsv7\tools\compiler\ti-cgt-msp430_16.9.6.LTS\lib\</path>
         <kind>archive</kind>
         <file>rts430_eabi.lib</file>
         <name>epilog.obj</name>
      </input_file>
      <input_file id="fl-2a">
         <path>C:\ti\ccsv7\tools\compiler\ti-cgt-msp430_16.9.6.LTS\lib\</path>
         <kind>archive</kind>
         <file>rts430_eabi.lib</file>
         <name>exit.obj</name>
      </input_file>
      <input_file id="fl-2b">
         <path>C:\ti\ccsv7\tools\compiler\ti-cgt-msp430_16.9.6.LTS\lib\</path>
         <kind>archive</kind>
         <file>rts430_eabi.lib</file>
         <name>exit_gvars.obj</name>
      </input_file>
      <input_file id="fl-2c">
         <path>C:\ti\ccsv7\tools\compiler\ti-cgt-msp430_16.9.6.LTS\lib\</path>
         <kind>archive</kind>
         <file>rts430_eabi.lib</file>
         <name>int00.obj</name>
      </input_file>
      <input_file id="fl-2d">
         <path>C:\ti\ccsv7\tools\compiler\ti-cgt-msp430_16.9.6.LTS\lib\</path>
         <kind>archive</kind>
         <file>rts430_eabi.lib</file>
         <name>int03.obj</name>
      </input_file>
      <input_file id="fl-2e">
         <path>C:\ti\ccsv7\tools\compiler\ti-cgt-msp430_16.9.6.LTS\lib\</path>
         <kind>archive</kind>
         <file>rts430_eabi.lib</file>
         <name>int08.obj</name>
      </input_file>
      <input_file id="fl-2f">
         <path>C:\ti\ccsv7\tools\compiler\ti-cgt-msp430_16.9.6.LTS\lib\</path>
         <kind>archive</kind>
         <file>rts430_eabi.lib</file>
         <name>int10.obj</name>
      </input_file>
      <input_file id="fl-30">
         <path>C:\ti\ccsv7\tools\compiler\ti-cgt-msp430_16.9.6.LTS\lib\</path>
         <kind>archive</kind>
         <file>rts430_eabi.lib</file>
         <name>int11.obj</name>
      </input_file>
      <input_file id="fl-31">
         <path>C:\ti\ccsv7\tools\compiler\ti-cgt-msp430_16.9.6.LTS\lib\</path>
         <kind>archive</kind>
         <file>rts430_eabi.lib</file>
         <name>int12.obj</name>
      </input_file>
      <input_file id="fl-32">
         <path>C:\ti\ccsv7\tools\compiler\ti-cgt-msp430_16.9.6.LTS\lib\</path>
         <kind>archive</kind>
         <file>rts430_eabi.lib</file>
         <name>int13.obj</name>
      </input_file>
      <input_file id="fl-33">
         <path>C:\ti\ccsv7\tools\compiler\ti-cgt-msp430_16.9.6.LTS\lib\</path>
         <kind>archive</kind>
         <file>rts430_eabi.lib</file>
         <name>int14.obj</name>
      </input_file>
      <input_file id="fl-34">
         <path>C:\ti\ccsv7\tools\compiler\ti-cgt-msp430_16.9.6.LTS\lib\</path>
         <kind>archive</kind>
         <file>rts430_eabi.lib</file>
         <name>isr_trap.obj</name>
      </input_file>
      <input_file id="fl-35">
         <path>C:\ti\ccsv7\tools\compiler\ti-cgt-msp430_16.9.6.LTS\lib\</path>
         <kind>archive</kind>
         <file>rts430_eabi.lib</file>
         <name>lsl16.obj</name>
      </input_file>
      <input_file id="fl-36">
         <path>C:\ti\ccsv7\tools\compiler\ti-cgt-msp430_16.9.6.LTS\lib\</path>
         <kind>archive</kind>
         <file>rts430_eabi.lib</file>
         <name>lsl32.obj</name>
      </input_file>
      <input_file id="fl-37">
         <path>C:\ti\ccsv7\tools\compiler\ti-cgt-msp430_16.9.6.LTS\lib\</path>
         <kind>archive</kind>
         <file>rts430_eabi.lib</file>
         <name>lsr16.obj</name>
      </input_file>
      <input_file id="fl-38">
         <path>C:\ti\ccsv7\tools\compiler\ti-cgt-msp430_16.9.6.LTS\lib\</path>
         <kind>archive</kind>
         <file>rts430_eabi.lib</file>
         <name>memcpy.obj</name>
      </input_file>
      <input_file id="fl-39">
         <path>C:\ti\ccsv7\tools\compiler\ti-cgt-msp430_16.9.6.LTS\lib\</path>
         <kind>archive</kind>
         <file>rts430_eabi.lib</file>
         <name>memset.obj</name>
      </input_file>
      <input_file id="fl-3a">
         <path>C:\ti\ccsv7\tools\compiler\ti-cgt-msp430_16.9.6.LTS\lib\</path>
         <kind>archive</kind>
         <file>rts430_eabi.lib</file>
         <name>mpu_init.obj</name>
      </input_file>
      <input_file id="fl-3b">
         <path>C:\ti\ccsv7\tools\compiler\ti-cgt-msp430_16.9.6.LTS\lib\</path>
         <kind>archive</kind>
         <file>rts430_eabi.lib</file>
         <name>mult16.obj</name>
      </input_file>
      <input_file id="fl-3c">
         <path>C:\ti\ccsv7\tools\compiler\ti-cgt-msp430_16.9.6.LTS\lib\</path>
         <kind>archive</kind>
         <file>rts430_eabi.lib</file>
         <name>mult32.obj</name>
      </input_file>
      <input_file id="fl-3d">
         <path>C:\ti\ccsv7\tools\compiler\ti-cgt-msp430_16.9.6.LTS\lib\</path>
         <kind>archive</kind>
         <file>rts430_eabi.lib</file>
         <name>pre_init.obj</name>
      </input_file>
      <input_file id="fl-3e">
         <path>C:\ti\ccsv7\tools\compiler\ti-cgt-msp430_16.9.6.LTS\lib\</path>
         <kind>archive</kind>
         <file>rts430_eabi.lib</file>
         <name>sprintf.obj</name>
      </input_file>
      <input_file id="fl-3f">
         <path>C:\ti\ccsv7\tools\compiler\ti-cgt-msp430_16.9.6.LTS\lib\</path>
         <kind>archive</kind>
         <file>rts430_eabi.lib</file>
         <name>strcpy.obj</name>
      </input_file>
      <input_file id="fl-40">
         <path>C:\ti\ccsv7\tools\compiler\ti-cgt-msp430_16.9.6.LTS\lib\</path>
         <kind>archive</kind>
         <file>rts430_eabi.lib</file>
         <name>strlen.obj</name>
      </input_file>
      <input_file id="fl-41">
         <path>C:\ti\ccsv7\tools\compiler\ti-cgt-msp430_16.9.6.LTS\lib\</path>
         <kind>archive</kind>
         <file>rts430_eabi.lib</file>
         <name>_lock.obj</name>
      </input_file>
      <input_file id="fl-42">
         <path>C:\ti\ccsv7\tools\compiler\ti-cgt-msp430_16.9.6.LTS\lib\</path>
         <kind>archive</kind>
         <file>rts430_eabi.lib</file>
         <name>_printfi_min.obj</name>
      </input_file>
      <input_file id="fl-43">
         <path>C:\ti\ccsv7\tools\compiler\ti-cgt-msp430_16.9.6.LTS\lib\</path>
         <kind>archive</kind>
         <file>rts430_eabi.lib</file>
         <name>args_main.obj</name>
      </input_file>
      <input_file id="fl-44">
         <path>C:\ti\ccsv7\tools\compiler\ti-cgt-msp430_16.9.6.LTS\lib\</path>
         <kind>archive</kind>
         <file>rts430_eabi.lib</file>
         <name>autoinit.obj</name>
      </input_file>
      <input_file id="fl-45">
         <path>C:\ti\ccsv7\tools\compiler\ti-cgt-msp430_16.9.6.LTS\lib\</path>
         <kind>archive</kind>
         <file>rts430_eabi.lib</file>
         <name>cpy_tbl.obj</name>
      </input_file>
      <input_file id="fl-46">
         <path>C:\ti\ccsv7\tools\compiler\ti-cgt-msp430_16.9.6.LTS\lib\</path>
         <kind>archive</kind>
         <file>rts430_eabi.lib</file>
         <name>div16u.obj</name>
      </input_file>
      <input_file id="fl-47">
         <path>C:\ti\ccsv7\tools\compiler\ti-cgt-msp430_16.9.6.LTS\lib\</path>
         <kind>archive</kind>
         <file>rts430_eabi.lib</file>
         <name>lsr64.obj</name>
      </input_file>
      <input_file id="fl-48">
         <path>C:\ti\ccsv7\tools\compiler\ti-cgt-msp430_16.9.6.LTS\lib\</path>
         <kind>archive</kind>
         <file>rts430_eabi.lib</file>
         <name>memccpy.obj</name>
      </input_file>
      <input_file id="fl-49">
         <path>C:\ti\ccsv7\tools\compiler\ti-cgt-msp430_16.9.6.LTS\lib\</path>
         <kind>archive</kind>
         <file>rts430_eabi.lib</file>
         <name>startup.obj</name>
      </input_file>
      <input_file id="fl-4a">
         <path>C:\ti\ccsv7\tools\compiler\ti-cgt-msp430_16.9.6.LTS\lib\</path>
         <kind>archive</kind>
         <file>rts430_eabi.lib</file>
         <name>asr16.obj</name>
      </input_file>
   </input_file_list>
   <object_component_list>
      <object_component id="oc-19f">
         <name>.common:stepState</name>
         <uninitialized>true</uninitialized>
         <run_address>0x302</run_address>
         <size>0x2</size>
      </object_component>
      <object_component id="oc-1c1">
         <name>.common:memoryFiles</name>
         <uninitialized>true</uninitialized>
         <run_address>0x2e2</run_address>
         <size>0x1a</size>
      </object_component>
      <object_component id="oc-19a">
         <name>.common:state</name>
         <uninitialized>true</uninitialized>
         <run_address>0x300</run_address>
         <size>0x2</size>
      </object_component>
      <object_component id="oc-1a5">
         <name>.common:lpm_mode</name>
         <uninitialized>true</uninitialized>
         <run_address>0x2fe</run_address>
         <size>0x2</size>
      </object_component>
      <object_component id="oc-1c4">
         <name>.common:execute_pointer</name>
         <uninitialized>true</uninitialized>
         <run_address>0x2fc</run_address>
         <size>0x2</size>
      </object_component>
      <object_component id="oc-1a8">
         <name>.data</name>
         <load_address>0x2a0</load_address>
         <run_address>0x2a0</run_address>
         <size>0x1e</size>
         <input_file_ref idref="fl-2"/>
      </object_component>
      <object_component id="oc-38e">
         <name>.data:printarray</name>
         <load_address>0x2ce</load_address>
         <run_address>0x2ce</run_address>
         <size>0x5</size>
         <input_file_ref idref="fl-2"/>
      </object_component>
      <object_component id="oc-2e1">
         <name>.data:rotations</name>
         <load_address>0x2d4</load_address>
         <run_address>0x2d4</run_address>
         <size>0x5</size>
         <input_file_ref idref="fl-2"/>
      </object_component>
      <object_component id="oc-1ab">
         <name>.data:angles</name>
         <load_address>0x2c8</load_address>
         <run_address>0x2c8</run_address>
         <size>0x5</size>
         <input_file_ref idref="fl-2"/>
      </object_component>
      <object_component id="oc-1a2">
         <name>.data</name>
         <load_address>0x2de</load_address>
         <run_address>0x2de</run_address>
         <size>0x4</size>
         <input_file_ref idref="fl-5"/>
      </object_component>
      <object_component id="oc-1bb">
         <name>.data</name>
         <load_address>0x2be</load_address>
         <run_address>0x2be</run_address>
         <size>0xa</size>
         <input_file_ref idref="fl-6"/>
      </object_component>
      <object_component id="oc-1be">
         <name>.data:input</name>
         <load_address>0x250</load_address>
         <run_address>0x250</run_address>
         <size>0x50</size>
         <input_file_ref idref="fl-6"/>
      </object_component>
      <object_component id="oc-1c5">
         <name>.data:Rec_data</name>
         <load_address>0x200</load_address>
         <run_address>0x200</run_address>
         <size>0x50</size>
         <input_file_ref idref="fl-6"/>
      </object_component>
      <object_component id="oc-2be">
         <name>.data:Vy_Vx</name>
         <load_address>0x2da</load_address>
         <run_address>0x2da</run_address>
         <size>0x4</size>
         <input_file_ref idref="fl-6"/>
      </object_component>
      <object_component id="oc-f1">
         <name>.stack</name>
         <uninitialized>true</uninitialized>
         <run_address>0x3b0</run_address>
         <size>0x2</size>
         <input_file_ref idref="fl-22"/>
      </object_component>
      <object_component id="oc-432">
         <name>.stack</name>
         <uninitialized>true</uninitialized>
         <run_address>0x3b0</run_address>
         <size>0x0</size>
      </object_component>
      <object_component id="oc-133">
         <name>.text:USCI0RX_ISR</name>
         <load_address>0xc000</load_address>
         <run_address>0xc000</run_address>
         <size>0x1da</size>
         <input_file_ref idref="fl-5"/>
      </object_component>
      <object_component id="oc-3be">
         <name>.text:_setfield</name>
         <load_address>0xc1da</load_address>
         <run_address>0xc1da</run_address>
         <size>0x116</size>
         <input_file_ref idref="fl-42"/>
      </object_component>
      <object_component id="oc-2c1">
         <name>.text:tangens</name>
         <load_address>0xc2f0</load_address>
         <run_address>0xc2f0</run_address>
         <size>0x114</size>
         <input_file_ref idref="fl-5"/>
      </object_component>
      <object_component id="oc-213">
         <name>.text:joystick_painter</name>
         <load_address>0xc404</load_address>
         <run_address>0xc404</run_address>
         <size>0x108</size>
         <input_file_ref idref="fl-2"/>
      </object_component>
      <object_component id="oc-321">
         <name>.text:stepper_deg</name>
         <load_address>0xc50c</load_address>
         <run_address>0xc50c</run_address>
         <size>0xf8</size>
         <input_file_ref idref="fl-2"/>
      </object_component>
      <object_component id="oc-3af">
         <name>.text:__TI_printfi_minimal</name>
         <load_address>0xc604</load_address>
         <run_address>0xc604</run_address>
         <size>0xe6</size>
         <input_file_ref idref="fl-42"/>
      </object_component>
      <object_component id="oc-21f">
         <name>.text:clibrateMotor</name>
         <load_address>0xc6ea</load_address>
         <run_address>0xc6ea</run_address>
         <size>0xe6</size>
         <input_file_ref idref="fl-2"/>
      </object_component>
      <object_component id="oc-2b1">
         <name>.text:execute_scripts</name>
         <load_address>0xc7d0</load_address>
         <run_address>0xc7d0</run_address>
         <size>0xe0</size>
         <input_file_ref idref="fl-2"/>
      </object_component>
      <object_component id="oc-3d8">
         <name>.text:_pproc_diouxp</name>
         <load_address>0xc8b0</load_address>
         <run_address>0xc8b0</run_address>
         <size>0xca</size>
         <input_file_ref idref="fl-42"/>
      </object_component>
      <object_component id="oc-121">
         <name>.text:PBs_handler</name>
         <load_address>0xc97a</load_address>
         <run_address>0xc97a</run_address>
         <size>0xc6</size>
         <input_file_ref idref="fl-5"/>
      </object_component>
      <object_component id="oc-201">
         <name>.text:lcd_init</name>
         <load_address>0xca40</load_address>
         <run_address>0xca40</run_address>
         <size>0xc6</size>
         <input_file_ref idref="fl-5"/>
      </object_component>
      <object_component id="oc-219">
         <name>.text:Joystickcontroledangle</name>
         <load_address>0xcb06</load_address>
         <run_address>0xcb06</run_address>
         <size>0xbe</size>
         <input_file_ref idref="fl-2"/>
      </object_component>
      <object_component id="oc-31b">
         <name>.text:stepper_scan</name>
         <load_address>0xcbc4</load_address>
         <run_address>0xcbc4</run_address>
         <size>0xa0</size>
         <input_file_ref idref="fl-2"/>
      </object_component>
      <object_component id="oc-34">
         <name>.text:decompress:lzss:__TI_decompress_lzss</name>
         <load_address>0xcc64</load_address>
         <run_address>0xcc64</run_address>
         <size>0x7c</size>
         <input_file_ref idref="fl-24"/>
      </object_component>
      <object_component id="oc-12d">
         <name>.text:USCI0TX_ISR</name>
         <load_address>0xcce0</load_address>
         <run_address>0xcce0</run_address>
         <size>0x6e</size>
         <input_file_ref idref="fl-5"/>
      </object_component>
      <object_component id="oc-14c">
         <name>.text:_auto_init</name>
         <load_address>0xcd4e</load_address>
         <run_address>0xcd4e</run_address>
         <size>0x6e</size>
         <input_file_ref idref="fl-44"/>
      </object_component>
      <object_component id="oc-2c7">
         <name>.text:inttochar</name>
         <load_address>0xcdbc</load_address>
         <run_address>0xcdbc</run_address>
         <size>0x6e</size>
         <input_file_ref idref="fl-2"/>
      </object_component>
      <object_component id="oc-2ab">
         <name>.text:write_data_to_flash</name>
         <load_address>0xce2a</load_address>
         <run_address>0xce2a</run_address>
         <size>0x6c</size>
         <input_file_ref idref="fl-4"/>
      </object_component>
      <object_component id="oc-166">
         <name>.text:main</name>
         <load_address>0xce96</load_address>
         <run_address>0xce96</run_address>
         <size>0x68</size>
         <input_file_ref idref="fl-6"/>
      </object_component>
      <object_component id="oc-309">
         <name>.text:hex_to_int</name>
         <load_address>0xcefe</load_address>
         <run_address>0xcefe</run_address>
         <size>0x5c</size>
         <input_file_ref idref="fl-2"/>
      </object_component>
      <object_component id="oc-381">
         <name>.text:lcd_data</name>
         <load_address>0xcf5a</load_address>
         <run_address>0xcf5a</run_address>
         <size>0x5c</size>
         <input_file_ref idref="fl-5"/>
      </object_component>
      <object_component id="oc-1d9">
         <name>.text:copy_in</name>
         <load_address>0xcfb6</load_address>
         <run_address>0xcfb6</run_address>
         <size>0x5a</size>
         <input_file_ref idref="fl-45"/>
      </object_component>
      <object_component id="oc-333">
         <name>.text:rra_lcd</name>
         <load_address>0xd010</load_address>
         <run_address>0xd010</run_address>
         <size>0x58</size>
         <input_file_ref idref="fl-2"/>
      </object_component>
      <object_component id="oc-394">
         <name>.text</name>
         <load_address>0xd068</load_address>
         <run_address>0xd068</run_address>
         <size>0x58</size>
         <input_file_ref idref="fl-28"/>
      </object_component>
      <object_component id="oc-290">
         <name>.text:GPIOconfig</name>
         <load_address>0xd0c0</load_address>
         <run_address>0xd0c0</run_address>
         <size>0x50</size>
         <input_file_ref idref="fl-3"/>
      </object_component>
      <object_component id="oc-fa">
         <name>.text</name>
         <load_address>0xd110</load_address>
         <run_address>0xd110</run_address>
         <size>0x4c</size>
         <input_file_ref idref="fl-37"/>
      </object_component>
      <object_component id="oc-371">
         <name>.text:lcd_puts</name>
         <load_address>0xd15c</load_address>
         <run_address>0xd15c</run_address>
         <size>0x4a</size>
         <input_file_ref idref="fl-5"/>
      </object_component>
      <object_component id="oc-33f">
         <name>.text:inc_lcd</name>
         <load_address>0xd1a6</load_address>
         <run_address>0xd1a6</run_address>
         <size>0x48</size>
         <input_file_ref idref="fl-2"/>
      </object_component>
      <object_component id="oc-29c">
         <name>.text:UARTConfig</name>
         <load_address>0xd1ee</load_address>
         <run_address>0xd1ee</run_address>
         <size>0x44</size>
         <input_file_ref idref="fl-3"/>
      </object_component>
      <object_component id="oc-339">
         <name>.text:dec_lcd</name>
         <load_address>0xd232</load_address>
         <run_address>0xd232</run_address>
         <size>0x44</size>
         <input_file_ref idref="fl-2"/>
      </object_component>
      <object_component id="oc-20d">
         <name>.text:Script_mode</name>
         <load_address>0xd276</load_address>
         <run_address>0xd276</run_address>
         <size>0x42</size>
         <input_file_ref idref="fl-2"/>
      </object_component>
      <object_component id="oc-34e">
         <name>.text</name>
         <load_address>0xd2b8</load_address>
         <run_address>0xd2b8</run_address>
         <size>0x40</size>
         <input_file_ref idref="fl-27"/>
      </object_component>
      <object_component id="oc-358">
         <name>.text:l_asr_const</name>
         <load_address>0xd2f8</load_address>
         <run_address>0xd2f8</run_address>
         <size>0x3e</size>
         <input_file_ref idref="fl-21"/>
      </object_component>
      <object_component id="oc-349">
         <name>.text:l_lsl_const</name>
         <load_address>0xd336</load_address>
         <run_address>0xd336</run_address>
         <size>0x3e</size>
         <input_file_ref idref="fl-36"/>
      </object_component>
      <object_component id="oc-207">
         <name>.text:lcd_cmd</name>
         <load_address>0xd374</load_address>
         <run_address>0xd374</run_address>
         <size>0x3c</size>
         <input_file_ref idref="fl-5"/>
      </object_component>
      <object_component id="oc-378">
         <name>.text:sprintf</name>
         <load_address>0xd3b0</load_address>
         <run_address>0xd3b0</run_address>
         <size>0x38</size>
         <input_file_ref idref="fl-3e"/>
      </object_component>
      <object_component id="oc-139">
         <name>.text:TimerA_ISR</name>
         <load_address>0xd3e8</load_address>
         <run_address>0xd3e8</run_address>
         <size>0x32</size>
         <input_file_ref idref="fl-5"/>
      </object_component>
      <object_component id="oc-2e4">
         <name>.text:write_calib_data</name>
         <load_address>0xd41a</load_address>
         <run_address>0xd41a</run_address>
         <size>0x2e</size>
         <input_file_ref idref="fl-4"/>
      </object_component>
      <object_component id="oc-f5">
         <name>.text</name>
         <load_address>0xd448</load_address>
         <run_address>0xd448</run_address>
         <size>0x2c</size>
         <input_file_ref idref="fl-35"/>
      </object_component>
      <object_component id="oc-2d4">
         <name>.text:clockwiseRotation</name>
         <load_address>0xd474</load_address>
         <run_address>0xd474</run_address>
         <size>0x2a</size>
         <input_file_ref idref="fl-5"/>
      </object_component>
      <object_component id="oc-2da">
         <name>.text:counterclockwiseRotation</name>
         <load_address>0xd49e</load_address>
         <run_address>0xd49e</run_address>
         <size>0x2a</size>
         <input_file_ref idref="fl-5"/>
      </object_component>
      <object_component id="oc-387">
         <name>.text:script_delay</name>
         <load_address>0xd4c8</load_address>
         <run_address>0xd4c8</run_address>
         <size>0x2a</size>
         <input_file_ref idref="fl-2"/>
      </object_component>
      <object_component id="oc-353">
         <name>.text</name>
         <load_address>0xd4f2</load_address>
         <run_address>0xd4f2</run_address>
         <size>0x26</size>
         <input_file_ref idref="fl-3c"/>
      </object_component>
      <object_component id="oc-2b8">
         <name>.text:MessurejoystickV</name>
         <load_address>0xd518</load_address>
         <run_address>0xd518</run_address>
         <size>0x20</size>
         <input_file_ref idref="fl-2"/>
      </object_component>
      <object_component id="oc-6b">
         <name>.text:_c_int00_noargs_noexit</name>
         <load_address>0xd538</load_address>
         <run_address>0xd538</run_address>
         <size>0x1a</size>
         <input_file_ref idref="fl-23"/>
      </object_component>
      <object_component id="oc-3a3">
         <name>.text:_outs</name>
         <load_address>0xd552</load_address>
         <run_address>0xd552</run_address>
         <size>0x1a</size>
         <input_file_ref idref="fl-3e"/>
      </object_component>
      <object_component id="oc-3de">
         <name>.text:memccpy</name>
         <load_address>0xd56c</load_address>
         <run_address>0xd56c</run_address>
         <size>0x1a</size>
         <input_file_ref idref="fl-48"/>
      </object_component>
      <object_component id="oc-296">
         <name>.text:ADCconfig</name>
         <load_address>0xd586</load_address>
         <run_address>0xd586</run_address>
         <size>0x18</size>
         <input_file_ref idref="fl-3"/>
      </object_component>
      <object_component id="oc-24d">
         <name>.text:TIMER_A0_config</name>
         <load_address>0xd59e</load_address>
         <run_address>0xd59e</run_address>
         <size>0x18</size>
         <input_file_ref idref="fl-3"/>
      </object_component>
      <object_component id="oc-3e7">
         <name>.text</name>
         <load_address>0xd5b6</load_address>
         <run_address>0xd5b6</run_address>
         <size>0x16</size>
         <input_file_ref idref="fl-46"/>
      </object_component>
      <object_component id="oc-194">
         <name>.text:DelayMs</name>
         <load_address>0xd5cc</load_address>
         <run_address>0xd5cc</run_address>
         <size>0x14</size>
         <input_file_ref idref="fl-5"/>
      </object_component>
      <object_component id="oc-4d">
         <name>.text:decompress:ZI:__TI_zero_init</name>
         <load_address>0xd5e0</load_address>
         <run_address>0xd5e0</run_address>
         <size>0x14</size>
         <input_file_ref idref="fl-26"/>
      </object_component>
      <object_component id="oc-1b4">
         <name>.text:memset</name>
         <load_address>0xd5f4</load_address>
         <run_address>0xd5f4</run_address>
         <size>0x14</size>
         <input_file_ref idref="fl-39"/>
      </object_component>
      <object_component id="oc-261">
         <name>.text</name>
         <load_address>0xd608</load_address>
         <run_address>0xd608</run_address>
         <size>0x14</size>
         <input_file_ref idref="fl-3b"/>
      </object_component>
      <object_component id="oc-3a9">
         <name>.text:_outc</name>
         <load_address>0xd61c</load_address>
         <run_address>0xd61c</run_address>
         <size>0x12</size>
         <input_file_ref idref="fl-3e"/>
      </object_component>
      <object_component id="oc-3a">
         <name>.text:decompress:none:__TI_decompress_none</name>
         <load_address>0xd62e</load_address>
         <run_address>0xd62e</run_address>
         <size>0x12</size>
         <input_file_ref idref="fl-25"/>
      </object_component>
      <object_component id="oc-10f">
         <name>.text:memcpy</name>
         <load_address>0xd640</load_address>
         <run_address>0xd640</run_address>
         <size>0x12</size>
         <input_file_ref idref="fl-38"/>
      </object_component>
      <object_component id="oc-1fb">
         <name>.text:sysConfig</name>
         <load_address>0xd652</load_address>
         <run_address>0xd652</run_address>
         <size>0x12</size>
         <input_file_ref idref="fl-5"/>
      </object_component>
      <object_component id="oc-ff">
         <name>.text</name>
         <load_address>0xd664</load_address>
         <run_address>0xd664</run_address>
         <size>0x10</size>
         <input_file_ref idref="fl-29"/>
      </object_component>
      <object_component id="oc-1c8">
         <name>.text:strcpy</name>
         <load_address>0xd674</load_address>
         <run_address>0xd674</run_address>
         <size>0x10</size>
         <input_file_ref idref="fl-3f"/>
      </object_component>
      <object_component id="oc-22b">
         <name>.text:DelayUs</name>
         <load_address>0xd684</load_address>
         <run_address>0xd684</run_address>
         <size>0xe</size>
         <input_file_ref idref="fl-5"/>
      </object_component>
      <object_component id="oc-2a3">
         <name>.text:lcd_strobe</name>
         <load_address>0xd692</load_address>
         <run_address>0xd692</run_address>
         <size>0xe</size>
         <input_file_ref idref="fl-5"/>
      </object_component>
      <object_component id="oc-302">
         <name>.text:strlen</name>
         <load_address>0xd6a0</load_address>
         <run_address>0xd6a0</run_address>
         <size>0xe</size>
         <input_file_ref idref="fl-40"/>
      </object_component>
      <object_component id="oc-1ae">
         <name>.text:TIMERA0_delay_ms</name>
         <load_address>0xd6ae</load_address>
         <run_address>0xd6ae</run_address>
         <size>0xa</size>
         <input_file_ref idref="fl-5"/>
      </object_component>
      <object_component id="oc-127">
         <name>.text:ADC10_ISR</name>
         <load_address>0xd6b8</load_address>
         <run_address>0xd6b8</run_address>
         <size>0x8</size>
         <input_file_ref idref="fl-5"/>
      </object_component>
      <object_component id="oc-11c">
         <name>.text:_isr:__TI_ISR_TRAP</name>
         <load_address>0xd6c0</load_address>
         <run_address>0xd6c0</run_address>
         <size>0x8</size>
         <input_file_ref idref="fl-34"/>
      </object_component>
      <object_component id="oc-327">
         <name>.text:clear_all_leds</name>
         <load_address>0xd6c8</load_address>
         <run_address>0xd6c8</run_address>
         <size>0x8</size>
         <input_file_ref idref="fl-2"/>
      </object_component>
      <object_component id="oc-315">
         <name>.text:reset_delay</name>
         <load_address>0xd6d0</load_address>
         <run_address>0xd6d0</run_address>
         <size>0x8</size>
         <input_file_ref idref="fl-2"/>
      </object_component>
      <object_component id="oc-1cf">
         <name>.text:StopAllTimers</name>
         <load_address>0xd6d8</load_address>
         <run_address>0xd6d8</run_address>
         <size>0x6</size>
         <input_file_ref idref="fl-3"/>
      </object_component>
      <object_component id="oc-16e">
         <name>.text:abort</name>
         <load_address>0xd6de</load_address>
         <run_address>0xd6de</run_address>
         <size>0x6</size>
         <input_file_ref idref="fl-2a"/>
      </object_component>
      <object_component id="oc-2ce">
         <name>.text:divisionBy128</name>
         <load_address>0xd6e4</load_address>
         <run_address>0xd6e4</run_address>
         <size>0x6</size>
         <input_file_ref idref="fl-5"/>
      </object_component>
      <object_component id="oc-32d">
         <name>.text:set_delay</name>
         <load_address>0xd6ea</load_address>
         <run_address>0xd6ea</run_address>
         <size>0x6</size>
         <input_file_ref idref="fl-2"/>
      </object_component>
      <object_component id="oc-30f">
         <name>.text:sleep</name>
         <load_address>0xd6f0</load_address>
         <run_address>0xd6f0</run_address>
         <size>0x6</size>
         <input_file_ref idref="fl-2"/>
      </object_component>
      <object_component id="oc-146">
         <name>.text:_system_pre_init</name>
         <load_address>0xd6f6</load_address>
         <run_address>0xd6f6</run_address>
         <size>0x4</size>
         <input_file_ref idref="fl-3d"/>
      </object_component>
      <object_component id="oc-1df">
         <name>.text:_system_post_cinit</name>
         <load_address>0xd6fa</load_address>
         <run_address>0xd6fa</run_address>
         <size>0x2</size>
         <input_file_ref idref="fl-49"/>
      </object_component>
      <object_component id="oc-431">
         <name>.cinit..data.load</name>
         <load_address>0xd738</load_address>
         <run_address>0xd738</run_address>
         <size>0x10</size>
      </object_component>
      <object_component id="oc-42e">
         <name>__TI_handler_table</name>
         <load_address>0xd748</load_address>
         <run_address>0xd748</run_address>
         <size>0x6</size>
      </object_component>
      <object_component id="oc-430">
         <name>.cinit..bss.load</name>
         <load_address>0xd74e</load_address>
         <run_address>0xd74e</run_address>
         <size>0x4</size>
      </object_component>
      <object_component id="oc-42f">
         <name>__TI_cinit_table</name>
         <load_address>0xd752</load_address>
         <run_address>0xd752</run_address>
         <size>0x8</size>
      </object_component>
      <object_component id="oc-370">
         <name>.const:.string</name>
         <load_address>0xd6fc</load_address>
         <run_address>0xd6fc</run_address>
         <size>0x1c</size>
         <input_file_ref idref="fl-2"/>
      </object_component>
      <object_component id="oc-3d7">
         <name>.const:.string</name>
         <load_address>0xd718</load_address>
         <run_address>0xd718</run_address>
         <size>0x14</size>
         <input_file_ref idref="fl-42"/>
      </object_component>
      <object_component id="oc-36a">
         <name>.const:.string:$P$T0$1</name>
         <load_address>0xd72c</load_address>
         <run_address>0xd72c</run_address>
         <size>0x5</size>
         <input_file_ref idref="fl-2"/>
      </object_component>
      <object_component id="oc-36d">
         <name>.const:.string:$P$T1$2</name>
         <load_address>0xd732</load_address>
         <run_address>0xd732</run_address>
         <size>0x5</size>
         <input_file_ref idref="fl-2"/>
      </object_component>
      <object_component id="oc-3f8">
         <name>.binit</name>
         <load_address>0xc000</load_address>
         <run_address>0xc000</run_address>
         <size>0x0</size>
      </object_component>
      <object_component id="oc-40">
         <name>.int00</name>
         <load_address>0xffe0</load_address>
         <run_address>0xffe0</run_address>
         <size>0x2</size>
         <input_file_ref idref="fl-2c"/>
      </object_component>
      <object_component id="oc-41">
         <name>.int02</name>
         <load_address>0xffe4</load_address>
         <run_address>0xffe4</run_address>
         <size>0x2</size>
         <input_file_ref idref="fl-5"/>
      </object_component>
      <object_component id="oc-42">
         <name>.int03</name>
         <load_address>0xffe6</load_address>
         <run_address>0xffe6</run_address>
         <size>0x2</size>
         <input_file_ref idref="fl-2d"/>
      </object_component>
      <object_component id="oc-43">
         <name>.int05</name>
         <load_address>0xffea</load_address>
         <run_address>0xffea</run_address>
         <size>0x2</size>
         <input_file_ref idref="fl-5"/>
      </object_component>
      <object_component id="oc-44">
         <name>.int06</name>
         <load_address>0xffec</load_address>
         <run_address>0xffec</run_address>
         <size>0x2</size>
         <input_file_ref idref="fl-5"/>
      </object_component>
      <object_component id="oc-45">
         <name>.int07</name>
         <load_address>0xffee</load_address>
         <run_address>0xffee</run_address>
         <size>0x2</size>
         <input_file_ref idref="fl-5"/>
      </object_component>
      <object_component id="oc-46">
         <name>.int08</name>
         <load_address>0xfff0</load_address>
         <run_address>0xfff0</run_address>
         <size>0x2</size>
         <input_file_ref idref="fl-2e"/>
      </object_component>
      <object_component id="oc-47">
         <name>.int09</name>
         <load_address>0xfff2</load_address>
         <run_address>0xfff2</run_address>
         <size>0x2</size>
         <input_file_ref idref="fl-5"/>
      </object_component>
      <object_component id="oc-48">
         <name>.int10</name>
         <load_address>0xfff4</load_address>
         <run_address>0xfff4</run_address>
         <size>0x2</size>
         <input_file_ref idref="fl-2f"/>
      </object_component>
      <object_component id="oc-49">
         <name>.int11</name>
         <load_address>0xfff6</load_address>
         <run_address>0xfff6</run_address>
         <size>0x2</size>
         <input_file_ref idref="fl-30"/>
      </object_component>
      <object_component id="oc-4a">
         <name>.int12</name>
         <load_address>0xfff8</load_address>
         <run_address>0xfff8</run_address>
         <size>0x2</size>
         <input_file_ref idref="fl-31"/>
      </object_component>
      <object_component id="oc-4b">
         <name>.int13</name>
         <load_address>0xfffa</load_address>
         <run_address>0xfffa</run_address>
         <size>0x2</size>
         <input_file_ref idref="fl-32"/>
      </object_component>
      <object_component id="oc-4c">
         <name>.int14</name>
         <load_address>0xfffc</load_address>
         <run_address>0xfffc</run_address>
         <size>0x2</size>
         <input_file_ref idref="fl-33"/>
      </object_component>
      <object_component id="oc-f4">
         <name>.reset</name>
         <load_address>0xfffe</load_address>
         <run_address>0xfffe</run_address>
         <size>0x2</size>
         <input_file_ref idref="fl-22"/>
      </object_component>
      <object_component id="oc-1a0">
         <name>.debug_info</name>
         <load_address>0x0</load_address>
         <run_address>0x0</run_address>
         <size>0x739</size>
         <input_file_ref idref="fl-2"/>
      </object_component>
      <object_component id="oc-1a9">
         <name>.debug_info</name>
         <load_address>0x739</load_address>
         <run_address>0x739</run_address>
         <size>0x2b1</size>
         <input_file_ref idref="fl-2"/>
      </object_component>
      <object_component id="oc-38f">
         <name>.debug_info</name>
         <load_address>0x9ea</load_address>
         <run_address>0x9ea</run_address>
         <size>0xec</size>
         <input_file_ref idref="fl-2"/>
      </object_component>
      <object_component id="oc-2e2">
         <name>.debug_info</name>
         <load_address>0xad6</load_address>
         <run_address>0xad6</run_address>
         <size>0xea</size>
         <input_file_ref idref="fl-2"/>
      </object_component>
      <object_component id="oc-1ac">
         <name>.debug_info</name>
         <load_address>0xbc0</load_address>
         <run_address>0xbc0</run_address>
         <size>0xe4</size>
         <input_file_ref idref="fl-2"/>
      </object_component>
      <object_component id="oc-36b">
         <name>.debug_info</name>
         <load_address>0xca4</load_address>
         <run_address>0xca4</run_address>
         <size>0xe6</size>
         <input_file_ref idref="fl-2"/>
      </object_component>
      <object_component id="oc-36e">
         <name>.debug_info</name>
         <load_address>0xd8a</load_address>
         <run_address>0xd8a</run_address>
         <size>0xe6</size>
         <input_file_ref idref="fl-2"/>
      </object_component>
      <object_component id="oc-221">
         <name>.debug_info</name>
         <load_address>0xe70</load_address>
         <run_address>0xe70</run_address>
         <size>0x1cc</size>
         <input_file_ref idref="fl-2"/>
      </object_component>
      <object_component id="oc-21a">
         <name>.debug_info</name>
         <load_address>0x103c</load_address>
         <run_address>0x103c</run_address>
         <size>0x267</size>
         <input_file_ref idref="fl-2"/>
      </object_component>
      <object_component id="oc-2b9">
         <name>.debug_info</name>
         <load_address>0x12a3</load_address>
         <run_address>0x12a3</run_address>
         <size>0x12e</size>
         <input_file_ref idref="fl-2"/>
      </object_component>
      <object_component id="oc-214">
         <name>.debug_info</name>
         <load_address>0x13d1</load_address>
         <run_address>0x13d1</run_address>
         <size>0x1a7</size>
         <input_file_ref idref="fl-2"/>
      </object_component>
      <object_component id="oc-2c8">
         <name>.debug_info</name>
         <load_address>0x1578</load_address>
         <run_address>0x1578</run_address>
         <size>0x16c</size>
         <input_file_ref idref="fl-2"/>
      </object_component>
      <object_component id="oc-30a">
         <name>.debug_info</name>
         <load_address>0x16e4</load_address>
         <run_address>0x16e4</run_address>
         <size>0x185</size>
         <input_file_ref idref="fl-2"/>
      </object_component>
      <object_component id="oc-20e">
         <name>.debug_info</name>
         <load_address>0x1869</load_address>
         <run_address>0x1869</run_address>
         <size>0x155</size>
         <input_file_ref idref="fl-2"/>
      </object_component>
      <object_component id="oc-2b2">
         <name>.debug_info</name>
         <load_address>0x19be</load_address>
         <run_address>0x19be</run_address>
         <size>0x205</size>
         <input_file_ref idref="fl-2"/>
      </object_component>
      <object_component id="oc-388">
         <name>.debug_info</name>
         <load_address>0x1bc3</load_address>
         <run_address>0x1bc3</run_address>
         <size>0x16a</size>
         <input_file_ref idref="fl-2"/>
      </object_component>
      <object_component id="oc-340">
         <name>.debug_info</name>
         <load_address>0x1d2d</load_address>
         <run_address>0x1d2d</run_address>
         <size>0x18b</size>
         <input_file_ref idref="fl-2"/>
      </object_component>
      <object_component id="oc-33a">
         <name>.debug_info</name>
         <load_address>0x1eb8</load_address>
         <run_address>0x1eb8</run_address>
         <size>0x18b</size>
         <input_file_ref idref="fl-2"/>
      </object_component>
      <object_component id="oc-334">
         <name>.debug_info</name>
         <load_address>0x2043</load_address>
         <run_address>0x2043</run_address>
         <size>0x19a</size>
         <input_file_ref idref="fl-2"/>
      </object_component>
      <object_component id="oc-32e">
         <name>.debug_info</name>
         <load_address>0x21dd</load_address>
         <run_address>0x21dd</run_address>
         <size>0x139</size>
         <input_file_ref idref="fl-2"/>
      </object_component>
      <object_component id="oc-316">
         <name>.debug_info</name>
         <load_address>0x2316</load_address>
         <run_address>0x2316</run_address>
         <size>0x127</size>
         <input_file_ref idref="fl-2"/>
      </object_component>
      <object_component id="oc-322">
         <name>.debug_info</name>
         <load_address>0x243d</load_address>
         <run_address>0x243d</run_address>
         <size>0x265</size>
         <input_file_ref idref="fl-2"/>
      </object_component>
      <object_component id="oc-31c">
         <name>.debug_info</name>
         <load_address>0x26a2</load_address>
         <run_address>0x26a2</run_address>
         <size>0x247</size>
         <input_file_ref idref="fl-2"/>
      </object_component>
      <object_component id="oc-310">
         <name>.debug_info</name>
         <load_address>0x28e9</load_address>
         <run_address>0x28e9</run_address>
         <size>0x11b</size>
         <input_file_ref idref="fl-2"/>
      </object_component>
      <object_component id="oc-328">
         <name>.debug_info</name>
         <load_address>0x2a04</load_address>
         <run_address>0x2a04</run_address>
         <size>0x13b</size>
         <input_file_ref idref="fl-2"/>
      </object_component>
      <object_component id="oc-234">
         <name>.debug_info</name>
         <load_address>0x2b3f</load_address>
         <run_address>0x2b3f</run_address>
         <size>0x11d</size>
         <input_file_ref idref="fl-2"/>
      </object_component>
      <object_component id="oc-239">
         <name>.debug_info</name>
         <load_address>0x2c5c</load_address>
         <run_address>0x2c5c</run_address>
         <size>0x8a</size>
         <input_file_ref idref="fl-2"/>
      </object_component>
      <object_component id="oc-10a">
         <name>.debug_info</name>
         <load_address>0x2ce6</load_address>
         <run_address>0x2ce6</run_address>
         <size>0x84</size>
         <input_file_ref idref="fl-2"/>
      </object_component>
      <object_component id="oc-246">
         <name>.debug_info</name>
         <load_address>0x2d6a</load_address>
         <run_address>0x2d6a</run_address>
         <size>0x18b</size>
         <input_file_ref idref="fl-2"/>
      </object_component>
      <object_component id="oc-3c6">
         <name>.debug_info</name>
         <load_address>0x2ef5</load_address>
         <run_address>0x2ef5</run_address>
         <size>0x2c</size>
         <input_file_ref idref="fl-2"/>
      </object_component>
      <object_component id="oc-291">
         <name>.debug_info</name>
         <load_address>0x2f21</load_address>
         <run_address>0x2f21</run_address>
         <size>0x122</size>
         <input_file_ref idref="fl-3"/>
      </object_component>
      <object_component id="oc-1d1">
         <name>.debug_info</name>
         <load_address>0x3043</load_address>
         <run_address>0x3043</run_address>
         <size>0x128</size>
         <input_file_ref idref="fl-3"/>
      </object_component>
      <object_component id="oc-24f">
         <name>.debug_info</name>
         <load_address>0x316b</load_address>
         <run_address>0x316b</run_address>
         <size>0x15a</size>
         <input_file_ref idref="fl-3"/>
      </object_component>
      <object_component id="oc-29e">
         <name>.debug_info</name>
         <load_address>0x32c5</load_address>
         <run_address>0x32c5</run_address>
         <size>0x122</size>
         <input_file_ref idref="fl-3"/>
      </object_component>
      <object_component id="oc-297">
         <name>.debug_info</name>
         <load_address>0x33e7</load_address>
         <run_address>0x33e7</run_address>
         <size>0x120</size>
         <input_file_ref idref="fl-3"/>
      </object_component>
      <object_component id="oc-1c2">
         <name>.debug_info</name>
         <load_address>0x3507</load_address>
         <run_address>0x3507</run_address>
         <size>0x2e9</size>
         <input_file_ref idref="fl-4"/>
      </object_component>
      <object_component id="oc-2ad">
         <name>.debug_info</name>
         <load_address>0x37f0</load_address>
         <run_address>0x37f0</run_address>
         <size>0x17a</size>
         <input_file_ref idref="fl-4"/>
      </object_component>
      <object_component id="oc-2e6">
         <name>.debug_info</name>
         <load_address>0x396a</load_address>
         <run_address>0x396a</run_address>
         <size>0x14f</size>
         <input_file_ref idref="fl-4"/>
      </object_component>
      <object_component id="oc-187">
         <name>.debug_info</name>
         <load_address>0x3ab9</load_address>
         <run_address>0x3ab9</run_address>
         <size>0x2c</size>
         <input_file_ref idref="fl-4"/>
      </object_component>
      <object_component id="oc-19b">
         <name>.debug_info</name>
         <load_address>0x3ae5</load_address>
         <run_address>0x3ae5</run_address>
         <size>0x64e</size>
         <input_file_ref idref="fl-5"/>
      </object_component>
      <object_component id="oc-1a3">
         <name>.debug_info</name>
         <load_address>0x4133</load_address>
         <run_address>0x4133</run_address>
         <size>0x11f</size>
         <input_file_ref idref="fl-5"/>
      </object_component>
      <object_component id="oc-1fd">
         <name>.debug_info</name>
         <load_address>0x4252</load_address>
         <run_address>0x4252</run_address>
         <size>0x172</size>
         <input_file_ref idref="fl-5"/>
      </object_component>
      <object_component id="oc-2c2">
         <name>.debug_info</name>
         <load_address>0x43c4</load_address>
         <run_address>0x43c4</run_address>
         <size>0x382</size>
         <input_file_ref idref="fl-5"/>
      </object_component>
      <object_component id="oc-2d0">
         <name>.debug_info</name>
         <load_address>0x4746</load_address>
         <run_address>0x4746</run_address>
         <size>0x167</size>
         <input_file_ref idref="fl-5"/>
      </object_component>
      <object_component id="oc-2dc">
         <name>.debug_info</name>
         <load_address>0x48ad</load_address>
         <run_address>0x48ad</run_address>
         <size>0x18f</size>
         <input_file_ref idref="fl-5"/>
      </object_component>
      <object_component id="oc-2d6">
         <name>.debug_info</name>
         <load_address>0x4a3c</load_address>
         <run_address>0x4a3c</run_address>
         <size>0x181</size>
         <input_file_ref idref="fl-5"/>
      </object_component>
      <object_component id="oc-1af">
         <name>.debug_info</name>
         <load_address>0x4bbd</load_address>
         <run_address>0x4bbd</run_address>
         <size>0x167</size>
         <input_file_ref idref="fl-5"/>
      </object_component>
      <object_component id="oc-208">
         <name>.debug_info</name>
         <load_address>0x4d24</load_address>
         <run_address>0x4d24</run_address>
         <size>0x184</size>
         <input_file_ref idref="fl-5"/>
      </object_component>
      <object_component id="oc-382">
         <name>.debug_info</name>
         <load_address>0x4ea8</load_address>
         <run_address>0x4ea8</run_address>
         <size>0x194</size>
         <input_file_ref idref="fl-5"/>
      </object_component>
      <object_component id="oc-372">
         <name>.debug_info</name>
         <load_address>0x503c</load_address>
         <run_address>0x503c</run_address>
         <size>0x1bd</size>
         <input_file_ref idref="fl-5"/>
      </object_component>
      <object_component id="oc-202">
         <name>.debug_info</name>
         <load_address>0x51f9</load_address>
         <run_address>0x51f9</run_address>
         <size>0x229</size>
         <input_file_ref idref="fl-5"/>
      </object_component>
      <object_component id="oc-2a4">
         <name>.debug_info</name>
         <load_address>0x5422</load_address>
         <run_address>0x5422</run_address>
         <size>0x131</size>
         <input_file_ref idref="fl-5"/>
      </object_component>
      <object_component id="oc-22c">
         <name>.debug_info</name>
         <load_address>0x5553</load_address>
         <run_address>0x5553</run_address>
         <size>0x154</size>
         <input_file_ref idref="fl-5"/>
      </object_component>
      <object_component id="oc-195">
         <name>.debug_info</name>
         <load_address>0x56a7</load_address>
         <run_address>0x56a7</run_address>
         <size>0x162</size>
         <input_file_ref idref="fl-5"/>
      </object_component>
      <object_component id="oc-122">
         <name>.debug_info</name>
         <load_address>0x5809</load_address>
         <run_address>0x5809</run_address>
         <size>0x142</size>
         <input_file_ref idref="fl-5"/>
      </object_component>
      <object_component id="oc-128">
         <name>.debug_info</name>
         <load_address>0x594b</load_address>
         <run_address>0x594b</run_address>
         <size>0x130</size>
         <input_file_ref idref="fl-5"/>
      </object_component>
      <object_component id="oc-12e">
         <name>.debug_info</name>
         <load_address>0x5a7b</load_address>
         <run_address>0x5a7b</run_address>
         <size>0x158</size>
         <input_file_ref idref="fl-5"/>
      </object_component>
      <object_component id="oc-134">
         <name>.debug_info</name>
         <load_address>0x5bd3</load_address>
         <run_address>0x5bd3</run_address>
         <size>0x166</size>
         <input_file_ref idref="fl-5"/>
      </object_component>
      <object_component id="oc-13a">
         <name>.debug_info</name>
         <load_address>0x5d39</load_address>
         <run_address>0x5d39</run_address>
         <size>0x146</size>
         <input_file_ref idref="fl-5"/>
      </object_component>
      <object_component id="oc-19d">
         <name>.debug_info</name>
         <load_address>0x5e7f</load_address>
         <run_address>0x5e7f</run_address>
         <size>0x33c</size>
         <input_file_ref idref="fl-6"/>
      </object_component>
      <object_component id="oc-1bc">
         <name>.debug_info</name>
         <load_address>0x61bb</load_address>
         <run_address>0x61bb</run_address>
         <size>0x17b</size>
         <input_file_ref idref="fl-6"/>
      </object_component>
      <object_component id="oc-1bf">
         <name>.debug_info</name>
         <load_address>0x6336</load_address>
         <run_address>0x6336</run_address>
         <size>0xe3</size>
         <input_file_ref idref="fl-6"/>
      </object_component>
      <object_component id="oc-1c6">
         <name>.debug_info</name>
         <load_address>0x6419</load_address>
         <run_address>0x6419</run_address>
         <size>0xe9</size>
         <input_file_ref idref="fl-6"/>
      </object_component>
      <object_component id="oc-2bf">
         <name>.debug_info</name>
         <load_address>0x6502</load_address>
         <run_address>0x6502</run_address>
         <size>0xe3</size>
         <input_file_ref idref="fl-6"/>
      </object_component>
      <object_component id="oc-167">
         <name>.debug_info</name>
         <load_address>0x65e5</load_address>
         <run_address>0x65e5</run_address>
         <size>0x1a8</size>
         <input_file_ref idref="fl-6"/>
      </object_component>
      <object_component id="oc-359">
         <name>.debug_info</name>
         <load_address>0x678d</load_address>
         <run_address>0x678d</run_address>
         <size>0x11e</size>
         <input_file_ref idref="fl-21"/>
      </object_component>
      <object_component id="oc-f2">
         <name>.debug_info</name>
         <load_address>0x68ab</load_address>
         <run_address>0x68ab</run_address>
         <size>0xf5</size>
         <input_file_ref idref="fl-22"/>
      </object_component>
      <object_component id="oc-6f">
         <name>.debug_info</name>
         <load_address>0x69a0</load_address>
         <run_address>0x69a0</run_address>
         <size>0x196</size>
         <input_file_ref idref="fl-23"/>
      </object_component>
      <object_component id="oc-184">
         <name>.debug_info</name>
         <load_address>0x6b36</load_address>
         <run_address>0x6b36</run_address>
         <size>0x16b</size>
         <input_file_ref idref="fl-24"/>
      </object_component>
      <object_component id="oc-36">
         <name>.debug_info</name>
         <load_address>0x6ca1</load_address>
         <run_address>0x6ca1</run_address>
         <size>0x287</size>
         <input_file_ref idref="fl-24"/>
      </object_component>
      <object_component id="oc-105">
         <name>.debug_info</name>
         <load_address>0x6f28</load_address>
         <run_address>0x6f28</run_address>
         <size>0x60</size>
         <input_file_ref idref="fl-24"/>
      </object_component>
      <object_component id="oc-17f">
         <name>.debug_info</name>
         <load_address>0x6f88</load_address>
         <run_address>0x6f88</run_address>
         <size>0x46</size>
         <input_file_ref idref="fl-24"/>
      </object_component>
      <object_component id="oc-11b">
         <name>.debug_info</name>
         <load_address>0x6fce</load_address>
         <run_address>0x6fce</run_address>
         <size>0x1b2</size>
         <input_file_ref idref="fl-25"/>
      </object_component>
      <object_component id="oc-3c">
         <name>.debug_info</name>
         <load_address>0x7180</load_address>
         <run_address>0x7180</run_address>
         <size>0x1df</size>
         <input_file_ref idref="fl-25"/>
      </object_component>
      <object_component id="oc-116">
         <name>.debug_info</name>
         <load_address>0x735f</load_address>
         <run_address>0x735f</run_address>
         <size>0x46</size>
         <input_file_ref idref="fl-25"/>
      </object_component>
      <object_component id="oc-18c">
         <name>.debug_info</name>
         <load_address>0x73a5</load_address>
         <run_address>0x73a5</run_address>
         <size>0x2c</size>
         <input_file_ref idref="fl-25"/>
      </object_component>
      <object_component id="oc-145">
         <name>.debug_info</name>
         <load_address>0x73d1</load_address>
         <run_address>0x73d1</run_address>
         <size>0x16a</size>
         <input_file_ref idref="fl-26"/>
      </object_component>
      <object_component id="oc-4e">
         <name>.debug_info</name>
         <load_address>0x753b</load_address>
         <run_address>0x753b</run_address>
         <size>0x1b5</size>
         <input_file_ref idref="fl-26"/>
      </object_component>
      <object_component id="oc-140">
         <name>.debug_info</name>
         <load_address>0x76f0</load_address>
         <run_address>0x76f0</run_address>
         <size>0x46</size>
         <input_file_ref idref="fl-26"/>
      </object_component>
      <object_component id="oc-351">
         <name>.debug_info</name>
         <load_address>0x7736</load_address>
         <run_address>0x7736</run_address>
         <size>0x130</size>
         <input_file_ref idref="fl-27"/>
      </object_component>
      <object_component id="oc-396">
         <name>.debug_info</name>
         <load_address>0x7866</load_address>
         <run_address>0x7866</run_address>
         <size>0x11b</size>
         <input_file_ref idref="fl-28"/>
      </object_component>
      <object_component id="oc-100">
         <name>.debug_info</name>
         <load_address>0x7981</load_address>
         <run_address>0x7981</run_address>
         <size>0x126</size>
         <input_file_ref idref="fl-29"/>
      </object_component>
      <object_component id="oc-16f">
         <name>.debug_info</name>
         <load_address>0x7aa7</load_address>
         <run_address>0x7aa7</run_address>
         <size>0x117</size>
         <input_file_ref idref="fl-2a"/>
      </object_component>
      <object_component id="oc-11d">
         <name>.debug_info</name>
         <load_address>0x7bbe</load_address>
         <run_address>0x7bbe</run_address>
         <size>0x107</size>
         <input_file_ref idref="fl-34"/>
      </object_component>
      <object_component id="oc-f7">
         <name>.debug_info</name>
         <load_address>0x7cc5</load_address>
         <run_address>0x7cc5</run_address>
         <size>0x118</size>
         <input_file_ref idref="fl-35"/>
      </object_component>
      <object_component id="oc-34c">
         <name>.debug_info</name>
         <load_address>0x7ddd</load_address>
         <run_address>0x7ddd</run_address>
         <size>0x11e</size>
         <input_file_ref idref="fl-36"/>
      </object_component>
      <object_component id="oc-fd">
         <name>.debug_info</name>
         <load_address>0x7efb</load_address>
         <run_address>0x7efb</run_address>
         <size>0x118</size>
         <input_file_ref idref="fl-37"/>
      </object_component>
      <object_component id="oc-186">
         <name>.debug_info</name>
         <load_address>0x8013</load_address>
         <run_address>0x8013</run_address>
         <size>0x16d</size>
         <input_file_ref idref="fl-38"/>
      </object_component>
      <object_component id="oc-110">
         <name>.debug_info</name>
         <load_address>0x8180</load_address>
         <run_address>0x8180</run_address>
         <size>0x191</size>
         <input_file_ref idref="fl-38"/>
      </object_component>
      <object_component id="oc-255">
         <name>.debug_info</name>
         <load_address>0x8311</load_address>
         <run_address>0x8311</run_address>
         <size>0x162</size>
         <input_file_ref idref="fl-39"/>
      </object_component>
      <object_component id="oc-1b5">
         <name>.debug_info</name>
         <load_address>0x8473</load_address>
         <run_address>0x8473</run_address>
         <size>0x25a</size>
         <input_file_ref idref="fl-39"/>
      </object_component>
      <object_component id="oc-262">
         <name>.debug_info</name>
         <load_address>0x86cd</load_address>
         <run_address>0x86cd</run_address>
         <size>0x119</size>
         <input_file_ref idref="fl-3b"/>
      </object_component>
      <object_component id="oc-354">
         <name>.debug_info</name>
         <load_address>0x87e6</load_address>
         <run_address>0x87e6</run_address>
         <size>0x119</size>
         <input_file_ref idref="fl-3c"/>
      </object_component>
      <object_component id="oc-147">
         <name>.debug_info</name>
         <load_address>0x88ff</load_address>
         <run_address>0x88ff</run_address>
         <size>0x148</size>
         <input_file_ref idref="fl-3d"/>
      </object_component>
      <object_component id="oc-3b6">
         <name>.debug_info</name>
         <load_address>0x8a47</load_address>
         <run_address>0x8a47</run_address>
         <size>0x22d</size>
         <input_file_ref idref="fl-3e"/>
      </object_component>
      <object_component id="oc-379">
         <name>.debug_info</name>
         <load_address>0x8c74</load_address>
         <run_address>0x8c74</run_address>
         <size>0x1b7</size>
         <input_file_ref idref="fl-3e"/>
      </object_component>
      <object_component id="oc-3a4">
         <name>.debug_info</name>
         <load_address>0x8e2b</load_address>
         <run_address>0x8e2b</run_address>
         <size>0x18d</size>
         <input_file_ref idref="fl-3e"/>
      </object_component>
      <object_component id="oc-3aa">
         <name>.debug_info</name>
         <load_address>0x8fb8</load_address>
         <run_address>0x8fb8</run_address>
         <size>0x162</size>
         <input_file_ref idref="fl-3e"/>
      </object_component>
      <object_component id="oc-3d2">
         <name>.debug_info</name>
         <load_address>0x911a</load_address>
         <run_address>0x911a</run_address>
         <size>0x2c</size>
         <input_file_ref idref="fl-3e"/>
      </object_component>
      <object_component id="oc-25f">
         <name>.debug_info</name>
         <load_address>0x9146</load_address>
         <run_address>0x9146</run_address>
         <size>0x162</size>
         <input_file_ref idref="fl-3f"/>
      </object_component>
      <object_component id="oc-1c9">
         <name>.debug_info</name>
         <load_address>0x92a8</load_address>
         <run_address>0x92a8</run_address>
         <size>0x231</size>
         <input_file_ref idref="fl-3f"/>
      </object_component>
      <object_component id="oc-366">
         <name>.debug_info</name>
         <load_address>0x94d9</load_address>
         <run_address>0x94d9</run_address>
         <size>0x157</size>
         <input_file_ref idref="fl-40"/>
      </object_component>
      <object_component id="oc-304">
         <name>.debug_info</name>
         <load_address>0x9630</load_address>
         <run_address>0x9630</run_address>
         <size>0x215</size>
         <input_file_ref idref="fl-40"/>
      </object_component>
      <object_component id="oc-3c5">
         <name>.debug_info</name>
         <load_address>0x9845</load_address>
         <run_address>0x9845</run_address>
         <size>0x346</size>
         <input_file_ref idref="fl-42"/>
      </object_component>
      <object_component id="oc-3d9">
         <name>.debug_info</name>
         <load_address>0x9b8b</load_address>
         <run_address>0x9b8b</run_address>
         <size>0x2bc</size>
         <input_file_ref idref="fl-42"/>
      </object_component>
      <object_component id="oc-3bf">
         <name>.debug_info</name>
         <load_address>0x9e47</load_address>
         <run_address>0x9e47</run_address>
         <size>0x284</size>
         <input_file_ref idref="fl-42"/>
      </object_component>
      <object_component id="oc-3b0">
         <name>.debug_info</name>
         <load_address>0xa0cb</load_address>
         <run_address>0xa0cb</run_address>
         <size>0x2db</size>
         <input_file_ref idref="fl-42"/>
      </object_component>
      <object_component id="oc-3cb">
         <name>.debug_info</name>
         <load_address>0xa3a6</load_address>
         <run_address>0xa3a6</run_address>
         <size>0x86</size>
         <input_file_ref idref="fl-42"/>
      </object_component>
      <object_component id="oc-3ed">
         <name>.debug_info</name>
         <load_address>0xa42c</load_address>
         <run_address>0xa42c</run_address>
         <size>0x39</size>
         <input_file_ref idref="fl-42"/>
      </object_component>
      <object_component id="oc-1e6">
         <name>.debug_info</name>
         <load_address>0xa465</load_address>
         <run_address>0xa465</run_address>
         <size>0x3b6</size>
         <input_file_ref idref="fl-44"/>
      </object_component>
      <object_component id="oc-150">
         <name>.debug_info</name>
         <load_address>0xa81b</load_address>
         <run_address>0xa81b</run_address>
         <size>0x1c2</size>
         <input_file_ref idref="fl-44"/>
      </object_component>
      <object_component id="oc-26b">
         <name>.debug_info</name>
         <load_address>0xa9dd</load_address>
         <run_address>0xa9dd</run_address>
         <size>0x39</size>
         <input_file_ref idref="fl-44"/>
      </object_component>
      <object_component id="oc-270">
         <name>.debug_info</name>
         <load_address>0xaa16</load_address>
         <run_address>0xaa16</run_address>
         <size>0xcd</size>
         <input_file_ref idref="fl-44"/>
      </object_component>
      <object_component id="oc-267">
         <name>.debug_info</name>
         <load_address>0xaae3</load_address>
         <run_address>0xaae3</run_address>
         <size>0x252</size>
         <input_file_ref idref="fl-45"/>
      </object_component>
      <object_component id="oc-1dc">
         <name>.debug_info</name>
         <load_address>0xad35</load_address>
         <run_address>0xad35</run_address>
         <size>0x1b0</size>
         <input_file_ref idref="fl-45"/>
      </object_component>
      <object_component id="oc-2f4">
         <name>.debug_info</name>
         <load_address>0xaee5</load_address>
         <run_address>0xaee5</run_address>
         <size>0x2c</size>
         <input_file_ref idref="fl-45"/>
      </object_component>
      <object_component id="oc-3e8">
         <name>.debug_info</name>
         <load_address>0xaf11</load_address>
         <run_address>0xaf11</run_address>
         <size>0x119</size>
         <input_file_ref idref="fl-46"/>
      </object_component>
      <object_component id="oc-3f3">
         <name>.debug_info</name>
         <load_address>0xb02a</load_address>
         <run_address>0xb02a</run_address>
         <size>0x163</size>
         <input_file_ref idref="fl-48"/>
      </object_component>
      <object_component id="oc-3e0">
         <name>.debug_info</name>
         <load_address>0xb18d</load_address>
         <run_address>0xb18d</run_address>
         <size>0x1ab</size>
         <input_file_ref idref="fl-48"/>
      </object_component>
      <object_component id="oc-1e1">
         <name>.debug_info</name>
         <load_address>0xb338</load_address>
         <run_address>0xb338</run_address>
         <size>0x145</size>
         <input_file_ref idref="fl-49"/>
      </object_component>
      <object_component id="oc-433">
         <name>.debug_info</name>
         <load_address>0xb47d</load_address>
         <run_address>0xb47d</run_address>
         <size>0xb4</size>
      </object_component>
      <object_component id="oc-241">
         <name>.debug_line</name>
         <load_address>0x0</load_address>
         <run_address>0x0</run_address>
         <size>0x1a7</size>
         <input_file_ref idref="fl-2"/>
      </object_component>
      <object_component id="oc-245">
         <name>.debug_line</name>
         <load_address>0x1a7</load_address>
         <run_address>0x1a7</run_address>
         <size>0x33</size>
         <input_file_ref idref="fl-2"/>
      </object_component>
      <object_component id="oc-3ba">
         <name>.debug_line</name>
         <load_address>0x1da</load_address>
         <run_address>0x1da</run_address>
         <size>0x33</size>
         <input_file_ref idref="fl-2"/>
      </object_component>
      <object_component id="oc-363">
         <name>.debug_line</name>
         <load_address>0x20d</load_address>
         <run_address>0x20d</run_address>
         <size>0x33</size>
         <input_file_ref idref="fl-2"/>
      </object_component>
      <object_component id="oc-24c">
         <name>.debug_line</name>
         <load_address>0x240</load_address>
         <run_address>0x240</run_address>
         <size>0x33</size>
         <input_file_ref idref="fl-2"/>
      </object_component>
      <object_component id="oc-39f">
         <name>.debug_line</name>
         <load_address>0x273</load_address>
         <run_address>0x273</run_address>
         <size>0x33</size>
         <input_file_ref idref="fl-2"/>
      </object_component>
      <object_component id="oc-3a1">
         <name>.debug_line</name>
         <load_address>0x2a6</load_address>
         <run_address>0x2a6</run_address>
         <size>0x33</size>
         <input_file_ref idref="fl-2"/>
      </object_component>
      <object_component id="oc-220">
         <name>.debug_line</name>
         <load_address>0x2d9</load_address>
         <run_address>0x2d9</run_address>
         <size>0xa9</size>
         <input_file_ref idref="fl-2"/>
      </object_component>
      <object_component id="oc-21d">
         <name>.debug_line</name>
         <load_address>0x382</load_address>
         <run_address>0x382</run_address>
         <size>0x74</size>
         <input_file_ref idref="fl-2"/>
      </object_component>
      <object_component id="oc-2bc">
         <name>.debug_line</name>
         <load_address>0x3f6</load_address>
         <run_address>0x3f6</run_address>
         <size>0x4e</size>
         <input_file_ref idref="fl-2"/>
      </object_component>
      <object_component id="oc-217">
         <name>.debug_line</name>
         <load_address>0x444</load_address>
         <run_address>0x444</run_address>
         <size>0xb9</size>
         <input_file_ref idref="fl-2"/>
      </object_component>
      <object_component id="oc-2cb">
         <name>.debug_line</name>
         <load_address>0x4fd</load_address>
         <run_address>0x4fd</run_address>
         <size>0x7c</size>
         <input_file_ref idref="fl-2"/>
      </object_component>
      <object_component id="oc-30d">
         <name>.debug_line</name>
         <load_address>0x579</load_address>
         <run_address>0x579</run_address>
         <size>0x63</size>
         <input_file_ref idref="fl-2"/>
      </object_component>
      <object_component id="oc-211">
         <name>.debug_line</name>
         <load_address>0x5dc</load_address>
         <run_address>0x5dc</run_address>
         <size>0x60</size>
         <input_file_ref idref="fl-2"/>
      </object_component>
      <object_component id="oc-2b5">
         <name>.debug_line</name>
         <load_address>0x63c</load_address>
         <run_address>0x63c</run_address>
         <size>0x98</size>
         <input_file_ref idref="fl-2"/>
      </object_component>
      <object_component id="oc-38b">
         <name>.debug_line</name>
         <load_address>0x6d4</load_address>
         <run_address>0x6d4</run_address>
         <size>0x56</size>
         <input_file_ref idref="fl-2"/>
      </object_component>
      <object_component id="oc-343">
         <name>.debug_line</name>
         <load_address>0x72a</load_address>
         <run_address>0x72a</run_address>
         <size>0x5b</size>
         <input_file_ref idref="fl-2"/>
      </object_component>
      <object_component id="oc-33d">
         <name>.debug_line</name>
         <load_address>0x785</load_address>
         <run_address>0x785</run_address>
         <size>0x5e</size>
         <input_file_ref idref="fl-2"/>
      </object_component>
      <object_component id="oc-337">
         <name>.debug_line</name>
         <load_address>0x7e3</load_address>
         <run_address>0x7e3</run_address>
         <size>0x5b</size>
         <input_file_ref idref="fl-2"/>
      </object_component>
      <object_component id="oc-331">
         <name>.debug_line</name>
         <load_address>0x83e</load_address>
         <run_address>0x83e</run_address>
         <size>0x49</size>
         <input_file_ref idref="fl-2"/>
      </object_component>
      <object_component id="oc-319">
         <name>.debug_line</name>
         <load_address>0x887</load_address>
         <run_address>0x887</run_address>
         <size>0x49</size>
         <input_file_ref idref="fl-2"/>
      </object_component>
      <object_component id="oc-325">
         <name>.debug_line</name>
         <load_address>0x8d0</load_address>
         <run_address>0x8d0</run_address>
         <size>0x9b</size>
         <input_file_ref idref="fl-2"/>
      </object_component>
      <object_component id="oc-31f">
         <name>.debug_line</name>
         <load_address>0x96b</load_address>
         <run_address>0x96b</run_address>
         <size>0x5b</size>
         <input_file_ref idref="fl-2"/>
      </object_component>
      <object_component id="oc-313">
         <name>.debug_line</name>
         <load_address>0x9c6</load_address>
         <run_address>0x9c6</run_address>
         <size>0x49</size>
         <input_file_ref idref="fl-2"/>
      </object_component>
      <object_component id="oc-32c">
         <name>.debug_line</name>
         <load_address>0xa0f</load_address>
         <run_address>0xa0f</run_address>
         <size>0x49</size>
         <input_file_ref idref="fl-2"/>
      </object_component>
      <object_component id="oc-237">
         <name>.debug_line</name>
         <load_address>0xa58</load_address>
         <run_address>0xa58</run_address>
         <size>0x51</size>
         <input_file_ref idref="fl-2"/>
      </object_component>
      <object_component id="oc-23c">
         <name>.debug_line</name>
         <load_address>0xaa9</load_address>
         <run_address>0xaa9</run_address>
         <size>0x53</size>
         <input_file_ref idref="fl-2"/>
      </object_component>
      <object_component id="oc-10d">
         <name>.debug_line</name>
         <load_address>0xafc</load_address>
         <run_address>0xafc</run_address>
         <size>0x20</size>
         <input_file_ref idref="fl-2"/>
      </object_component>
      <object_component id="oc-249">
         <name>.debug_line</name>
         <load_address>0xb1c</load_address>
         <run_address>0xb1c</run_address>
         <size>0x68</size>
         <input_file_ref idref="fl-2"/>
      </object_component>
      <object_component id="oc-3c9">
         <name>.debug_line</name>
         <load_address>0xb84</load_address>
         <run_address>0xb84</run_address>
         <size>0x68</size>
         <input_file_ref idref="fl-2"/>
      </object_component>
      <object_component id="oc-294">
         <name>.debug_line</name>
         <load_address>0xbec</load_address>
         <run_address>0xbec</run_address>
         <size>0x53</size>
         <input_file_ref idref="fl-3"/>
      </object_component>
      <object_component id="oc-1d0">
         <name>.debug_line</name>
         <load_address>0xc3f</load_address>
         <run_address>0xc3f</run_address>
         <size>0x46</size>
         <input_file_ref idref="fl-3"/>
      </object_component>
      <object_component id="oc-24e">
         <name>.debug_line</name>
         <load_address>0xc85</load_address>
         <run_address>0xc85</run_address>
         <size>0x49</size>
         <input_file_ref idref="fl-3"/>
      </object_component>
      <object_component id="oc-29d">
         <name>.debug_line</name>
         <load_address>0xcce</load_address>
         <run_address>0xcce</run_address>
         <size>0x52</size>
         <input_file_ref idref="fl-3"/>
      </object_component>
      <object_component id="oc-29a">
         <name>.debug_line</name>
         <load_address>0xd20</load_address>
         <run_address>0xd20</run_address>
         <size>0x4c</size>
         <input_file_ref idref="fl-3"/>
      </object_component>
      <object_component id="oc-25b">
         <name>.debug_line</name>
         <load_address>0xd6c</load_address>
         <run_address>0xd6c</run_address>
         <size>0xf2</size>
         <input_file_ref idref="fl-4"/>
      </object_component>
      <object_component id="oc-2ac">
         <name>.debug_line</name>
         <load_address>0xe5e</load_address>
         <run_address>0xe5e</run_address>
         <size>0x60</size>
         <input_file_ref idref="fl-4"/>
      </object_component>
      <object_component id="oc-2e5">
         <name>.debug_line</name>
         <load_address>0xebe</load_address>
         <run_address>0xebe</run_address>
         <size>0x50</size>
         <input_file_ref idref="fl-4"/>
      </object_component>
      <object_component id="oc-18a">
         <name>.debug_line</name>
[...]
      </symbol>
      <symbol id="sm-2f9">
         <name>tangens</name>
         <value>0xc2f0</value>
         <object_component_ref idref="oc-2c1"/>
      </symbol>
      <symbol id="sm-2fa">
         <name>sysConfig</name>
         <value>0xd652</value>
         <object_component_ref idref="oc-1fb"/>
      </symbol>
      <symbol id="sm-2fb">
         <name>lcd_data</name>
         <value>0xcf5a</value>
         <object_component_ref idref="oc-381"/>
      </symbol>
      <symbol id="sm-2fc">
         <name>lcd_cmd</name>
         <value>0xd374</value>
         <object_component_ref idref="oc-207"/>
      </symbol>
      <symbol id="sm-2fd">
         <name>lcd_init</name>
         <value>0xca40</value>
         <object_component_ref idref="oc-201"/>
      </symbol>
      <symbol id="sm-2fe">
         <name>lcd_puts</name>
         <value>0xd15c</value>
         <object_component_ref idref="oc-371"/>
      </symbol>
      <symbol id="sm-2ff">
         <name>DelayUs</name>
         <value>0xd684</value>
         <object_component_ref idref="oc-22b"/>
      </symbol>
      <symbol id="sm-326">
         <name>Vy_Vx</name>
         <value>0x2da</value>
         <object_component_ref idref="oc-2be"/>
      </symbol>
      <symbol id="sm-327">
         <name>ack</name>
         <value>0x2c0</value>
         <object_component_ref idref="oc-1bb"/>
      </symbol>
      <symbol id="sm-328">
         <name>file_uploaded_ind</name>
         <value>0x2c4</value>
         <object_component_ref idref="oc-1bb"/>
      </symbol>
      <symbol id="sm-329">
         <name>d</name>
         <value>0x2c2</value>
         <object_component_ref idref="oc-1bb"/>
      </symbol>
      <symbol id="sm-32a">
         <name>main</name>
         <value>0xce96</value>
         <object_component_ref idref="oc-166"/>
      </symbol>
      <symbol id="sm-32b">
         <name>Rec_data</name>
         <value>0x200</value>
         <object_component_ref idref="oc-1c5"/>
      </symbol>
      <symbol id="sm-32c">
         <name>input_slot</name>
         <value>0x2be</value>
         <object_component_ref idref="oc-1bb"/>
      </symbol>
      <symbol id="sm-32d">
         <name>file_execute_ind</name>
         <value>0x2c6</value>
         <object_component_ref idref="oc-1bb"/>
      </symbol>
      <symbol id="sm-32e">
         <name>input</name>
         <value>0x250</value>
         <object_component_ref idref="oc-1be"/>
      </symbol>
      <symbol id="sm-336">
         <name>__mspabi_sral_15</name>
         <value>0xd2f8</value>
         <object_component_ref idref="oc-358"/>
      </symbol>
      <symbol id="sm-337">
         <name>__mspabi_sral_14</name>
         <value>0xd2fc</value>
         <object_component_ref idref="oc-358"/>
      </symbol>
      <symbol id="sm-338">
         <name>__mspabi_sral_13</name>
         <value>0xd300</value>
         <object_component_ref idref="oc-358"/>
      </symbol>
      <symbol id="sm-339">
         <name>__mspabi_sral_12</name>
         <value>0xd304</value>
         <object_component_ref idref="oc-358"/>
      </symbol>
      <symbol id="sm-33a">
         <name>__mspabi_sral_11</name>
         <value>0xd308</value>
         <object_component_ref idref="oc-358"/>
      </symbol>
      <symbol id="sm-33b">
         <name>__mspabi_sral_10</name>
         <value>0xd30c</value>
         <object_component_ref idref="oc-358"/>
      </symbol>
      <symbol id="sm-33c">
         <name>__mspabi_sral_8</name>
         <value>0xd314</value>
         <object_component_ref idref="oc-358"/>
      </symbol>
      <symbol id="sm-33d">
         <name>__mspabi_sral_9</name>
         <value>0xd310</value>
         <object_component_ref idref="oc-358"/>
      </symbol>
      <symbol id="sm-33e">
         <name>__mspabi_sral_6</name>
         <value>0xd31c</value>
         <object_component_ref idref="oc-358"/>
      </symbol>
      <symbol id="sm-33f">
         <name>__mspabi_sral_7</name>
         <value>0xd318</value>
         <object_component_ref idref="oc-358"/>
      </symbol>
      <symbol id="sm-340">
         <name>__mspabi_sral_4</name>
         <value>0xd324</value>
         <object_component_ref idref="oc-358"/>
      </symbol>
      <symbol id="sm-341">
         <name>__mspabi_sral_5</name>
         <value>0xd320</value>
         <object_component_ref idref="oc-358"/>
      </symbol>
      <symbol id="sm-342">
         <name>__mspabi_sral_2</name>
         <value>0xd32c</value>
         <object_component_ref idref="oc-358"/>
      </symbol>
      <symbol id="sm-343">
         <name>__mspabi_sral_3</name>
         <value>0xd328</value>
         <object_component_ref idref="oc-358"/>
      </symbol>
      <symbol id="sm-344">
         <name>__mspabi_sral_1</name>
         <value>0xd330</value>
         <object_component_ref idref="oc-358"/>
      </symbol>
      <symbol id="sm-34c">
         <name>_stack</name>
         <value>0x3b0</value>
         <object_component_ref idref="oc-f1"/>
      </symbol>
      <symbol id="sm-34d">
         <name>_reset_vector</name>
         <value>0xfffe</value>
         <object_component_ref idref="oc-f4"/>
      </symbol>
      <symbol id="sm-357">
         <name>_c_int00_noargs_noexit</name>
         <value>0xd538</value>
         <object_component_ref idref="oc-6b"/>
      </symbol>
      <symbol id="sm-375">
         <name>__TI_decompress_lzss</name>
         <value>0xcc64</value>
         <object_component_ref idref="oc-34"/>
      </symbol>
      <symbol id="sm-38b">
         <name>__TI_decompress_none</name>
         <value>0xd62e</value>
         <object_component_ref idref="oc-3a"/>
      </symbol>
      <symbol id="sm-39e">
         <name>__TI_zero_init</name>
         <value>0xd5e0</value>
         <object_component_ref idref="oc-4d"/>
      </symbol>
      <symbol id="sm-3aa">
         <name>__mspabi_remli</name>
         <value>0xd2b8</value>
         <object_component_ref idref="oc-34e"/>
      </symbol>
      <symbol id="sm-3ab">
         <name>__mspabi_divli</name>
         <value>0xd2b8</value>
         <object_component_ref idref="oc-34e"/>
      </symbol>
      <symbol id="sm-3b9">
         <name>__mspabi_remul</name>
         <value>0xd068</value>
         <object_component_ref idref="oc-394"/>
      </symbol>
      <symbol id="sm-3ba">
         <name>__mspabi_divul</name>
         <value>0xd068</value>
         <object_component_ref idref="oc-394"/>
      </symbol>
      <symbol id="sm-3c3">
         <name>__mspabi_func_epilog_2</name>
         <value>0xd66e</value>
         <object_component_ref idref="oc-ff"/>
      </symbol>
      <symbol id="sm-3c4">
         <name>__mspabi_func_epilog_3</name>
         <value>0xd66c</value>
         <object_component_ref idref="oc-ff"/>
      </symbol>
      <symbol id="sm-3c5">
         <name>__mspabi_func_epilog_1</name>
         <value>0xd670</value>
         <object_component_ref idref="oc-ff"/>
      </symbol>
      <symbol id="sm-3c6">
         <name>__mspabi_func_epilog_6</name>
         <value>0xd666</value>
         <object_component_ref idref="oc-ff"/>
      </symbol>
      <symbol id="sm-3c7">
         <name>__mspabi_func_epilog_7</name>
         <value>0xd664</value>
         <object_component_ref idref="oc-ff"/>
      </symbol>
      <symbol id="sm-3c8">
         <name>__mspabi_func_epilog_4</name>
         <value>0xd66a</value>
         <object_component_ref idref="oc-ff"/>
      </symbol>
      <symbol id="sm-3c9">
         <name>__mspabi_func_epilog_5</name>
         <value>0xd668</value>
         <object_component_ref idref="oc-ff"/>
      </symbol>
      <symbol id="sm-3d3">
         <name>C$$EXIT</name>
         <value>0xd6de</value>
         <object_component_ref idref="oc-16e"/>
      </symbol>
      <symbol id="sm-3d4">
         <name>abort</name>
         <value>0xd6de</value>
         <object_component_ref idref="oc-16e"/>
      </symbol>
      <symbol id="sm-3d8">
         <name>__TI_int00</name>
         <value>0xffe0</value>
         <object_component_ref idref="oc-40"/>
      </symbol>
      <symbol id="sm-3db">
         <name>__TI_int03</name>
         <value>0xffe6</value>
         <object_component_ref idref="oc-42"/>
      </symbol>
      <symbol id="sm-3de">
         <name>__TI_int08</name>
         <value>0xfff0</value>
         <object_component_ref idref="oc-46"/>
      </symbol>
      <symbol id="sm-3e1">
         <name>__TI_int10</name>
         <value>0xfff4</value>
         <object_component_ref idref="oc-48"/>
      </symbol>
      <symbol id="sm-3e4">
         <name>__TI_int11</name>
         <value>0xfff6</value>
         <object_component_ref idref="oc-49"/>
      </symbol>
      <symbol id="sm-3e7">
         <name>__TI_int12</name>
         <value>0xfff8</value>
         <object_component_ref idref="oc-4a"/>
      </symbol>
      <symbol id="sm-3ea">
         <name>__TI_int13</name>
         <value>0xfffa</value>
         <object_component_ref idref="oc-4b"/>
      </symbol>
      <symbol id="sm-3ed">
         <name>__TI_int14</name>
         <value>0xfffc</value>
         <object_component_ref idref="oc-4c"/>
      </symbol>
      <symbol id="sm-3f5">
         <name>__TI_ISR_TRAP</name>
         <value>0xd6c0</value>
         <object_component_ref idref="oc-11c"/>
      </symbol>
      <symbol id="sm-3fd">
         <name>__mspabi_slli</name>
         <value>0xd448</value>
         <object_component_ref idref="oc-f5"/>
      </symbol>
      <symbol id="sm-3fe">
         <name>__mspabi_slli_9</name>
         <value>0xd460</value>
         <object_component_ref idref="oc-f5"/>
      </symbol>
      <symbol id="sm-3ff">
         <name>__mspabi_slli_8</name>
         <value>0xd462</value>
         <object_component_ref idref="oc-f5"/>
      </symbol>
      <symbol id="sm-400">
         <name>__mspabi_slli_7</name>
         <value>0xd464</value>
         <object_component_ref idref="oc-f5"/>
      </symbol>
      <symbol id="sm-401">
         <name>__mspabi_slli_6</name>
         <value>0xd466</value>
         <object_component_ref idref="oc-f5"/>
      </symbol>
      <symbol id="sm-402">
         <name>__mspabi_slli_5</name>
         <value>0xd468</value>
         <object_component_ref idref="oc-f5"/>
      </symbol>
      <symbol id="sm-403">
         <name>__mspabi_slli_4</name>
         <value>0xd46a</value>
         <object_component_ref idref="oc-f5"/>
      </symbol>
      <symbol id="sm-404">
         <name>__mspabi_slli_3</name>
         <value>0xd46c</value>
         <object_component_ref idref="oc-f5"/>
      </symbol>
      <symbol id="sm-405">
         <name>__mspabi_slli_2</name>
         <value>0xd46e</value>
         <object_component_ref idref="oc-f5"/>
      </symbol>
      <symbol id="sm-406">
         <name>__mspabi_slli_1</name>
         <value>0xd470</value>
         <object_component_ref idref="oc-f5"/>
      </symbol>
      <symbol id="sm-407">
         <name>__mspabi_slli_15</name>
         <value>0xd454</value>
         <object_component_ref idref="oc-f5"/>
      </symbol>
      <symbol id="sm-408">
         <name>__mspabi_slli_14</name>
         <value>0xd456</value>
         <object_component_ref idref="oc-f5"/>
      </symbol>
      <symbol id="sm-409">
         <name>__mspabi_slli_13</name>
         <value>0xd458</value>
         <object_component_ref idref="oc-f5"/>
      </symbol>
      <symbol id="sm-40a">
         <name>__mspabi_slli_12</name>
         <value>0xd45a</value>
         <object_component_ref idref="oc-f5"/>
      </symbol>
      <symbol id="sm-40b">
         <name>__mspabi_slli_11</name>
         <value>0xd45c</value>
         <object_component_ref idref="oc-f5"/>
      </symbol>
      <symbol id="sm-40c">
         <name>__mspabi_slli_10</name>
         <value>0xd45e</value>
         <object_component_ref idref="oc-f5"/>
      </symbol>
      <symbol id="sm-414">
         <name>__mspabi_slll_9</name>
         <value>0xd34e</value>
         <object_component_ref idref="oc-349"/>
      </symbol>
      <symbol id="sm-415">
         <name>__mspabi_slll_8</name>
         <value>0xd352</value>
         <object_component_ref idref="oc-349"/>
      </symbol>
      <symbol id="sm-416">
         <name>__mspabi_slll_7</name>
         <value>0xd356</value>
         <object_component_ref idref="oc-349"/>
      </symbol>
      <symbol id="sm-417">
         <name>__mspabi_slll_6</name>
         <value>0xd35a</value>
         <object_component_ref idref="oc-349"/>
      </symbol>
      <symbol id="sm-418">
         <name>__mspabi_slll_5</name>
         <value>0xd35e</value>
         <object_component_ref idref="oc-349"/>
      </symbol>
      <symbol id="sm-419">
         <name>__mspabi_slll_4</name>
         <value>0xd362</value>
         <object_component_ref idref="oc-349"/>
      </symbol>
      <symbol id="sm-41a">
         <name>__mspabi_slll_3</name>
         <value>0xd366</value>
         <object_component_ref idref="oc-349"/>
      </symbol>
      <symbol id="sm-41b">
         <name>__mspabi_slll_2</name>
         <value>0xd36a</value>
         <object_component_ref idref="oc-349"/>
      </symbol>
      <symbol id="sm-41c">
         <name>__mspabi_slll_1</name>
         <value>0xd36e</value>
         <object_component_ref idref="oc-349"/>
      </symbol>
      <symbol id="sm-41d">
         <name>__mspabi_slll_15</name>
         <value>0xd336</value>
         <object_component_ref idref="oc-349"/>
      </symbol>
      <symbol id="sm-41e">
         <name>__mspabi_slll_14</name>
         <value>0xd33a</value>
         <object_component_ref idref="oc-349"/>
      </symbol>
      <symbol id="sm-41f">
         <name>__mspabi_slll_13</name>
         <value>0xd33e</value>
         <object_component_ref idref="oc-349"/>
      </symbol>
      <symbol id="sm-420">
         <name>__mspabi_slll_12</name>
         <value>0xd342</value>
         <object_component_ref idref="oc-349"/>
      </symbol>
      <symbol id="sm-421">
         <name>__mspabi_slll_11</name>
         <value>0xd346</value>
         <object_component_ref idref="oc-349"/>
      </symbol>
      <symbol id="sm-422">
         <name>__mspabi_slll_10</name>
         <value>0xd34a</value>
         <object_component_ref idref="oc-349"/>
      </symbol>
      <symbol id="sm-42a">
         <name>__mspabi_srli_8</name>
         <value>0xd13a</value>
         <object_component_ref idref="oc-fa"/>
      </symbol>
      <symbol id="sm-42b">
         <name>__mspabi_srli_9</name>
         <value>0xd136</value>
         <object_component_ref idref="oc-fa"/>
      </symbol>
      <symbol id="sm-42c">
         <name>__mspabi_srli_6</name>
         <value>0xd142</value>
         <object_component_ref idref="oc-fa"/>
      </symbol>
      <symbol id="sm-42d">
         <name>__mspabi_srli_7</name>
         <value>0xd13e</value>
         <object_component_ref idref="oc-fa"/>
      </symbol>
      <symbol id="sm-42e">
         <name>__mspabi_srli_4</name>
         <value>0xd14a</value>
         <object_component_ref idref="oc-fa"/>
      </symbol>
      <symbol id="sm-42f">
         <name>__mspabi_srli_5</name>
         <value>0xd146</value>
         <object_component_ref idref="oc-fa"/>
      </symbol>
      <symbol id="sm-430">
         <name>__mspabi_srli_2</name>
         <value>0xd152</value>
         <object_component_ref idref="oc-fa"/>
      </symbol>
      <symbol id="sm-431">
         <name>__mspabi_srli_3</name>
         <value>0xd14e</value>
         <object_component_ref idref="oc-fa"/>
      </symbol>
      <symbol id="sm-432">
         <name>__mspabi_srli_1</name>
         <value>0xd156</value>
         <object_component_ref idref="oc-fa"/>
      </symbol>
      <symbol id="sm-433">
         <name>__mspabi_srli</name>
         <value>0xd110</value>
         <object_component_ref idref="oc-fa"/>
      </symbol>
      <symbol id="sm-434">
         <name>__mspabi_srli_15</name>
         <value>0xd11e</value>
         <object_component_ref idref="oc-fa"/>
      </symbol>
      <symbol id="sm-435">
         <name>__mspabi_srli_14</name>
         <value>0xd122</value>
         <object_component_ref idref="oc-fa"/>
      </symbol>
      <symbol id="sm-436">
         <name>__mspabi_srli_13</name>
         <value>0xd126</value>
         <object_component_ref idref="oc-fa"/>
      </symbol>
      <symbol id="sm-437">
         <name>__mspabi_srli_12</name>
         <value>0xd12a</value>
         <object_component_ref idref="oc-fa"/>
      </symbol>
      <symbol id="sm-438">
         <name>__mspabi_srli_11</name>
         <value>0xd12e</value>
         <object_component_ref idref="oc-fa"/>
      </symbol>
      <symbol id="sm-439">
         <name>__mspabi_srli_10</name>
         <value>0xd132</value>
         <object_component_ref idref="oc-fa"/>
      </symbol>
      <symbol id="sm-447">
         <name>memcpy</name>
         <value>0xd640</value>
         <object_component_ref idref="oc-10f"/>
      </symbol>
      <symbol id="sm-455">
         <name>memset</name>
         <value>0xd5f4</value>
         <object_component_ref idref="oc-1b4"/>
      </symbol>
      <symbol id="sm-460">
         <name>__mspabi_mpyi_sw</name>
         <value>0xd608</value>
         <object_component_ref idref="oc-261"/>
      </symbol>
      <symbol id="sm-461">
         <name>__mspabi_mpyi</name>
         <value>0xd608</value>
         <object_component_ref idref="oc-261"/>
      </symbol>
      <symbol id="sm-46b">
         <name>__mspabi_mpyl_sw</name>
         <value>0xd4f2</value>
         <object_component_ref idref="oc-353"/>
      </symbol>
      <symbol id="sm-46c">
         <name>__mspabi_mpyl</name>
         <value>0xd4f2</value>
         <object_component_ref idref="oc-353"/>
      </symbol>
      <symbol id="sm-475">
         <name>_system_pre_init</name>
         <value>0xd6f6</value>
         <object_component_ref idref="oc-146"/>
      </symbol>
      <symbol id="sm-496">
         <name>sprintf</name>
         <value>0xd3b0</value>
         <object_component_ref idref="oc-378"/>
      </symbol>
      <symbol id="sm-4a3">
         <name>strcpy</name>
         <value>0xd674</value>
         <object_component_ref idref="oc-1c8"/>
      </symbol>
      <symbol id="sm-4b0">
         <name>strlen</name>
         <value>0xd6a0</value>
         <object_component_ref idref="oc-302"/>
      </symbol>
      <symbol id="sm-4f8">
         <name>__TI_printfi_minimal</name>
         <value>0xc604</value>
         <object_component_ref idref="oc-3af"/>
      </symbol>
      <symbol id="sm-515">
         <name>_auto_init</name>
         <value>0xcd4e</value>
         <object_component_ref idref="oc-14c"/>
      </symbol>
      <symbol id="sm-52b">
         <name>copy_in</name>
         <value>0xcfb6</value>
         <object_component_ref idref="oc-1d9"/>
      </symbol>
      <symbol id="sm-535">
         <name>__mspabi_remu</name>
         <value>0xd5b6</value>
         <object_component_ref idref="oc-3e7"/>
      </symbol>
      <symbol id="sm-536">
         <name>__mspabi_divu</name>
         <value>0xd5b6</value>
         <object_component_ref idref="oc-3e7"/>
      </symbol>
      <symbol id="sm-546">
         <name>memccpy</name>
         <value>0xd56c</value>
         <object_component_ref idref="oc-3de"/>
      </symbol>
      <symbol id="sm-54f">
         <name>_system_post_cinit</name>
         <value>0xd6fa</value>
         <object_component_ref idref="oc-1df"/>
      </symbol>
      <symbol id="sm-553">
         <name>__TI_BINIT_Base</name>
         <value>0x0</value>
      </symbol>
      <symbol id="sm-554">
         <name>__TI_BINIT_Limit</name>
         <value>0x0</value>
      </symbol>
      <symbol id="sm-555">
         <name>__TI_INITARRAY_Base</name>
         <value>0x0</value>
      </symbol>
      <symbol id="sm-556">
         <name>__TI_INITARRAY_Limit</name>
         <value>0x0</value>
      </symbol>
   </symbol_table>
   <title>Link successful</title>
</link_info>
