******************************************************************************
                  MSP430 Linker PC v16.9.6                     
******************************************************************************
>> Linked Fri Aug 23 10:55:15 2024

OUTPUT FILE NAME:   <LAB4CCS.out>
ENTRY POINT SYMBOL: "_c_int00_noargs_noexit"  address: 0000d5ec


MEMORY CONFIGURATION

         name            origin    length      used     unused   attr    fill
----------------------  --------  ---------  --------  --------  ----  --------
  SFR                   00000000   00000010  00000000  00000010  RWIX
  PERIPHERALS_8BIT      00000010   000000f0  00000000  000000f0  RWIX
  PERIPHERALS_16BIT     00000100   00000100  00000000  00000100  RWIX
  RAM                   00000200   00000200  000000ba  00000146  RWIX
  INFOD                 00001000   00000040  00000000  00000040  RWIX
  INFOC                 00001040   00000040  00000000  00000040  RWIX
  INFOB                 00001080   00000040  00000000  00000040  RWIX
  INFOA                 000010c0   00000040  00000000  00000040  RWIX
  FLASH                 0000c000   00003fde  0000189e  00002740  RWIX
  BSLSIGNATURE          0000ffde   00000002  00000002  00000000  RWIX  ffff 
  INT00                 0000ffe0   00000002  00000002  00000000  RWIX
  INT01                 0000ffe2   00000002  00000000  00000002  RWIX
  INT02                 0000ffe4   00000002  00000002  00000000  RWIX
  INT03                 0000ffe6   00000002  00000002  00000000  RWIX
  INT04                 0000ffe8   00000002  00000000  00000002  RWIX
  INT05                 0000ffea   00000002  00000002  00000000  RWIX
  INT06                 0000ffec   00000002  00000002  00000000  RWIX
  INT07                 0000ffee   00000002  00000002  00000000  RWIX
  INT08                 0000fff0   00000002  00000002  00000000  RWIX
  INT09                 0000fff2   00000002  00000002  00000000  RWIX
  INT10                 0000fff4   00000002  00000002  00000000  RWIX
  INT11                 0000fff6   00000002  00000002  00000000  RWIX
  INT12                 0000fff8   00000002  00000002  00000000  RWIX
  INT13                 0000fffa   00000002  00000002  00000000  RWIX
  INT14                 0000fffc   00000002  00000002  00000000  RWIX
  RESET                 0000fffe   00000002  00000002  00000000  RWIX


SECTION ALLOCATION MAP

 output                                  attributes/
section   page    origin      length       input sections
--------  ----  ----------  ----------   ----------------
.data      0    00000200    00000066     UNINITIALIZED
                  00000200    00000014     halGPIO.obj (.data)
                  00000214    00000010     main.obj (.data:Stringinput)
                  00000224    00000010     main.obj (.data:input)
                  00000234    0000000e     api.obj (.data)
                  00000242    0000000e     main.obj (.data:tone_series)
                  00000250    0000000a     main.obj (.data)
                  0000025a    00000008     main.obj (.data:colors)
                  00000262    00000004     halGPIO.obj (.data:Volt)

.bss       0    00000266    00000004     UNINITIALIZED
                  00000266    00000002     (.common:lpm_mode)
                  00000268    00000002     (.common:state)

.stack     0    000003b0    00000050     UNINITIALIZED
                  000003b0    00000002     rts430_eabi.lib : boot.obj (.stack)
                  000003b2    0000004e     --HOLE--

.text      0    0000c000    00001750     
                  0000c000    00000286     rts430_eabi.lib : frcmpyd.obj (.text:__TI_frcmpyd)
                  0000c286    0000026e                     : mpyd.obj (.text:__mspabi_mpyd)
                  0000c4f4    00000156     halGPIO.obj (.text:USCI0RX_ISR)
                  0000c64a    0000014e     api.obj (.text:state2Func)
                  0000c798    0000010a     halGPIO.obj (.text:startTimer0A0)
                  0000c8a2    000000c4     main.obj (.text:main)
                  0000c966    000000ae     halGPIO.obj (.text:lcd_init)
                  0000ca14    000000ac     rts430_eabi.lib : fltlid.obj (.text:__mspabi_fltlid)
                  0000cac0    0000009c                     : fs_div.obj (.text)
                  0000cb5c    0000009a     api.obj (.text:state5Func)
                  0000cbf6    00000098     halGPIO.obj (.text:floatToPrint)
                  0000cc8e    0000008c     rts430_eabi.lib : cvtdf.obj (.text:__mspabi_cvtdf)
                  0000cd1a    0000007c                     : copy_decompress_lzss.obj (.text:decompress:lzss:__TI_decompress_lzss)
                  0000cd96    00000074     bsp.obj (.text:GPIOconfig)
                  0000ce0a    00000072     rts430_eabi.lib : cvtfd.obj (.text:__mspabi_cvtfd)
                  0000ce7c    00000072                     : fixdli.obj (.text:__mspabi_fixdli)
                  0000ceee    0000006e                     : autoinit.obj (.text:_auto_init)
                  0000cf5c    0000006c     halGPIO.obj (.text:startTimer1A0)
                  0000cfc8    00000068     rts430_eabi.lib : fs_toi.obj (.text)
                  0000d030    00000068     api.obj (.text:state3Func)
                  0000d098    0000005c     rts430_eabi.lib : lsr32.obj (.text:l_lsr_const)
                  0000d0f4    0000005c     halGPIO.obj (.text:lcd_data)
                  0000d150    0000005a     rts430_eabi.lib : cpy_tbl.obj (.text:copy_in)
                  0000d1aa    00000052                     : atoi.obj (.text:atoi)
                  0000d1fc    0000004c                     : lsr16.obj (.text)
                  0000d248    0000004a     halGPIO.obj (.text:lcd_puts)
                  0000d292    0000004a     rts430_eabi.lib : fs_cmp.obj (.text)
                  0000d2dc    00000046     api.obj (.text:state7Func)
                  0000d322    00000044     bsp.obj (.text:UARTConfig)
                  0000d366    0000003e     rts430_eabi.lib : asr32.obj (.text:l_asr_const)
                  0000d3a4    0000003e                     : lsl32.obj (.text:l_lsl_const)
                  0000d3e2    0000003c     halGPIO.obj (.text:lcd_cmd)
                  0000d41e    00000036     halGPIO.obj (.text:Timer_A)
                  0000d454    00000036     rts430_eabi.lib : fs_itof.obj (.text)
                  0000d48a    00000036     api.obj (.text:state1Func)
                  0000d4c0    00000034     halGPIO.obj (.text:enterLPM)
                  0000d4f4    0000002c     rts430_eabi.lib : asr16.obj (.text)
                  0000d520    0000002c                     : div16s.obj (.text)
                  0000d54c    0000002c                     : lsl16.obj (.text)
                  0000d578    00000028                     : fixdi.obj (.text:__mspabi_fixdi)
                  0000d5a0    00000026     halGPIO.obj (.text:PWM)
                  0000d5c6    00000026     rts430_eabi.lib : mult32.obj (.text)
                  0000d5ec    0000001a                     : boot_special.obj (.text:_c_int00_noargs_noexit)
                  0000d606    00000016                     : div16u.obj (.text)
                  0000d61c    00000016     halGPIO.obj (.text:sysConfig)
                  0000d632    00000014     halGPIO.obj (.text:DelayMs)
                  0000d646    00000014     rts430_eabi.lib : copy_zero_init.obj (.text:decompress:ZI:__TI_zero_init)
                  0000d65a    00000014                     : mult16.obj (.text)
                  0000d66e    00000012     bsp.obj (.text:ADCconfig)
                  0000d680    00000012     halGPIO.obj (.text:Timer1_A0_ISR)
                  0000d692    00000012     rts430_eabi.lib : copy_decompress_none.obj (.text:decompress:none:__TI_decompress_none)
                  0000d6a4    00000012                     : lsr32.obj (.text:l_lsr)
                  0000d6b6    00000012     halGPIO.obj (.text:lcd_strobe)
                  0000d6c8    00000012     rts430_eabi.lib : memcpy.obj (.text:memcpy)
                  0000d6da    00000010                     : epilog.obj (.text)
                  0000d6ea    0000000e     halGPIO.obj (.text:DelayUs)
                  0000d6f8    0000000e     bsp.obj (.text:TIMER0_A0_config)
                  0000d706    0000000e     bsp.obj (.text:TIMER1_A0_config)
                  0000d714    0000000c     halGPIO.obj (.text:ADC10_ISR)
                  0000d720    0000000c     rts430_eabi.lib : fltid.obj (.text:__mspabi_fltid)
                  0000d72c    00000008     halGPIO.obj (.text:ADCoff)
                  0000d734    00000008     rts430_eabi.lib : isr_trap.obj (.text:_isr:__TI_ISR_TRAP)
                  0000d73c    00000008     halGPIO.obj (.text:startADC)
                  0000d744    00000006     rts430_eabi.lib : exit.obj (.text:abort)
                  0000d74a    00000004                     : pre_init.obj (.text:_system_pre_init)
                  0000d74e    00000002                     : startup.obj (.text:_system_post_cinit)

.binit     0    0000c000    00000000     

.const     0    0000d750    00000108     
                  0000d750    00000101     rts430_eabi.lib : ctype.obj (.const:.string:_ctypes_)
                  0000d851    00000001     --HOLE-- [fill = 0]
                  0000d852    00000006     api.obj (.const:.string)

.cinit     0    0000d858    00000046     
                  0000d858    00000034     (.cinit..data.load) [load image, compression = lzss]
                  0000d88c    00000006     (__TI_handler_table)
                  0000d892    00000004     (.cinit..bss.load) [load image, compression = zero_init]
                  0000d896    00000008     (__TI_cinit_table)

.init_array 
*          0    0000c000    00000000     UNINITIALIZED

TRAPINT    0    0000ffe0    00000002     
                  0000ffe0    00000002     rts430_eabi.lib : int00.obj (.int00)

PORT1      0    0000ffe4    00000002     
                  0000ffe4    00000002     rts430_eabi.lib : int02.obj (.int02)

PORT2      0    0000ffe6    00000002     
                  0000ffe6    00000002     rts430_eabi.lib : int03.obj (.int03)

$fill000   0    0000ffde    00000002     
                  0000ffde    00000002     --HOLE-- [fill = ffff]

ADC10      0    0000ffea    00000002     
                  0000ffea    00000002     halGPIO.obj (.int05)

USCIAB0TX 
*          0    0000ffec    00000002     
                  0000ffec    00000002     rts430_eabi.lib : int06.obj (.int06)

USCIAB0RX 
*          0    0000ffee    00000002     
                  0000ffee    00000002     halGPIO.obj (.int07)

TIMER0_A1 
*          0    0000fff0    00000002     
                  0000fff0    00000002     rts430_eabi.lib : int08.obj (.int08)

TIMER0_A0 
*          0    0000fff2    00000002     
                  0000fff2    00000002     halGPIO.obj (.int09)

WDT        0    0000fff4    00000002     
                  0000fff4    00000002     rts430_eabi.lib : int10.obj (.int10)

COMPARATORA 
*          0    0000fff6    00000002     
                  0000fff6    00000002     rts430_eabi.lib : int11.obj (.int11)

TIMER1_A1 
*          0    0000fff8    00000002     
                  0000fff8    00000002     rts430_eabi.lib : int12.obj (.int12)

TIMER1_A0 
*          0    0000fffa    00000002     
                  0000fffa    00000002     halGPIO.obj (.int13)

NMI        0    0000fffc    00000002     
                  0000fffc    00000002     rts430_eabi.lib : int14.obj (.int14)

.reset     0    0000fffe    00000002     
                  0000fffe    00000002     rts430_eabi.lib : boot.obj (.reset)

MODULE SUMMARY

       Module                     code   ro data   rw data
       ------                     ----   -------   -------
    .\source\
       halGPIO.obj                1532   8         24     
       api.obj                    716    6         14     
       main.obj                   196    0         68     
       bsp.obj                    230    0         0      
    +--+--------------------------+------+---------+---------+
       Total:                     2674   14        106    
                                                          
    C:\ti\ccsv7\tools\compiler\ti-cgt-msp430_16.9.6.LTS\lib\rts430_eabi.lib
       frcmpyd.obj                646    0         0      
       mpyd.obj                   622    0         0      
       ctype.obj                  0      257       0      
       fltlid.obj                 172    0         0      
       fs_div.obj                 156    0         0      
       cvtdf.obj                  140    0         0      
       copy_decompress_lzss.obj   124    0         0      
       cvtfd.obj                  114    0         0      
       fixdli.obj                 114    0         0      
       autoinit.obj               110    0         0      
       lsr32.obj                  110    0         0      
       fs_toi.obj                 104    0         0      
       cpy_tbl.obj                90     0         0      
       atoi.obj                   82     0         0      
       lsr16.obj                  76     0         0      
       fs_cmp.obj                 74     0         0      
       asr32.obj                  62     0         0      
       lsl32.obj                  62     0         0      
       fs_itof.obj                54     0         0      
       asr16.obj                  44     0         0      
       div16s.obj                 44     0         0      
       lsl16.obj                  44     0         0      
       fixdi.obj                  40     0         0      
       mult32.obj                 38     0         0      
       boot_special.obj           26     0         0      
       div16u.obj                 22     0         0      
       copy_zero_init.obj         20     0         0      
       mult16.obj                 20     0         0      
       copy_decompress_none.obj   18     0         0      
       memcpy.obj                 18     0         0      
       epilog.obj                 16     0         0      
       fltid.obj                  12     0         0      
       isr_trap.obj               8      0         0      
       exit.obj                   6      0         0      
       pre_init.obj               4      0         0      
       boot.obj                   0      2         0      
       int00.obj                  0      2         0      
       int02.obj                  0      2         0      
       int03.obj                  0      2         0      
       int06.obj                  0      2         0      
       int08.obj                  0      2         0      
       int10.obj                  0      2         0      
       int11.obj                  0      2         0      
       int12.obj                  0      2         0      
       int14.obj                  0      2         0      
       startup.obj                2      0         0      
    +--+--------------------------+------+---------+---------+
       Total:                     3294   277       0      
                                                          
       Stack:                     0      0         80     
       Linker Generated:          0      70        0      
    +--+--------------------------+------+---------+---------+
       Grand Total:               5968   361       186    


LINKER GENERATED COPY TABLES

__TI_cinit_table @ 0000d896 records: 2, size/record: 4, table size: 8
	.data: load addr=0000d858, load size=00000034 bytes, run addr=00000200, run size=00000066 bytes, compression=lzss
	.bss: load addr=0000d892, load size=00000004 bytes, run addr=00000266, run size=00000004 bytes, compression=zero_init


LINKER GENERATED HANDLER TABLE

__TI_handler_table @ 0000d88c records: 3, size/record: 2, table size: 6
	index: 0, handler: __TI_zero_init
	index: 1, handler: __TI_decompress_lzss
	index: 2, handler: __TI_decompress_none


GLOBAL SYMBOLS: SORTED ALPHABETICALLY BY Name 

address   name                    
-------   ----                    
0000004a  ADC10AE0                
000001b0  ADC10CTL0               
000001b2  ADC10CTL1               
00000048  ADC10DTC0               
00000049  ADC10DTC1               
000001b4  ADC10MEM                
000001bc  ADC10SA                 
0000d714  ADC10_ISR               
0000d66e  ADCconfig               
0000d72c  ADCoff                  
00000057  BCSCTL1                 
00000058  BCSCTL2                 
00000053  BCSCTL3                 
0000d744  C$$EXIT                 
00000059  CACTL1                  
0000005a  CACTL2                  
000010fb  CALBC1_12MHZ            
000010f9  CALBC1_16MHZ            
000010ff  CALBC1_1MHZ             
000010fd  CALBC1_8MHZ             
000010fa  CALDCO_12MHZ            
000010f8  CALDCO_16MHZ            
000010fe  CALDCO_1MHZ             
000010fc  CALDCO_8MHZ             
0000005b  CAPD                    
00000200  Count                   
00000056  DCOCTL                  
0000d632  DelayMs                 
0000d6ea  DelayUs                 
00000128  FCTL1                   
0000012a  FCTL2                   
0000012c  FCTL3                   
0000cd96  GPIOconfig              
00000000  IE1                     
00000001  IE2                     
00000002  IFG1                    
00000003  IFG2                    
00000022  P1DIR                   
00000025  P1IE                    
00000024  P1IES                   
00000023  P1IFG                   
00000020  P1IN                    
00000021  P1OUT                   
00000027  P1REN                   
00000026  P1SEL                   
00000041  P1SEL2                  
0000002a  P2DIR                   
0000002d  P2IE                    
0000002c  P2IES                   
0000002b  P2IFG                   
00000028  P2IN                    
00000029  P2OUT                   
0000002f  P2REN                   
0000002e  P2SEL                   
00000042  P2SEL2                  
0000001a  P3DIR                   
00000018  P3IN                    
00000019  P3OUT                   
00000010  P3REN                   
0000001b  P3SEL                   
00000043  P3SEL2                  
0000d5a0  PWM                     
00000214  Stringinput             
00000172  TA0CCR0                 
00000174  TA0CCR1                 
00000176  TA0CCR2                 
00000162  TA0CCTL0                
00000164  TA0CCTL1                
00000166  TA0CCTL2                
00000160  TA0CTL                  
0000012e  TA0IV                   
00000170  TA0R                    
00000192  TA1CCR0                 
00000194  TA1CCR1                 
00000196  TA1CCR2                 
00000182  TA1CCTL0                
00000184  TA1CCTL1                
00000186  TA1CCTL2                
00000180  TA1CTL                  
0000011e  TA1IV                   
00000190  TA1R                    
0000d6f8  TIMER0_A0_config        
0000d706  TIMER1_A0_config        
000010db  TLV_ADC10_1_LEN         
000010da  TLV_ADC10_1_TAG         
000010c0  TLV_CHECKSUM            
000010f7  TLV_DCO_30_LEN          
000010f6  TLV_DCO_30_TAG          
0000d680  Timer1_A0_ISR           
0000d41e  Timer_A                 
0000d322  UARTConfig              
0000005d  UCA0ABCTL               
00000062  UCA0BR0                 
00000063  UCA0BR1                 
00000060  UCA0CTL0                
00000061  UCA0CTL1                
0000005f  UCA0IRRCTL              
0000005e  UCA0IRTCTL              
00000064  UCA0MCTL                
00000066  UCA0RXBUF               
00000065  UCA0STAT                
00000067  UCA0TXBUF               
0000006a  UCB0BR0                 
0000006b  UCB0BR1                 
00000068  UCB0CTL0                
00000069  UCB0CTL1                
0000006c  UCB0I2CIE               
00000118  UCB0I2COA               
0000011a  UCB0I2CSA               
0000006e  UCB0RXBUF               
0000006d  UCB0STAT                
0000006f  UCB0TXBUF               
0000c4f4  USCI0RX_ISR             
0000023e  Vlevel                  
00000262  Volt                    
00000240  Vreel                   
00000120  WDTCTL                  
00000400  __STACK_END             
00000050  __STACK_SIZE            
UNDEFED   __TI_BINIT_Base         
UNDEFED   __TI_BINIT_Limit        
0000d896  __TI_CINIT_Base         
0000d89e  __TI_CINIT_Limit        
0000d88c  __TI_Handler_Table_Base 
0000d892  __TI_Handler_Table_Limit
UNDEFED   __TI_INITARRAY_Base     
UNDEFED   __TI_INITARRAY_Limit    
0000d734  __TI_ISR_TRAP           
0000cd1a  __TI_decompress_lzss    
0000d692  __TI_decompress_none    
0000c000  __TI_frcmpyd            
0000ffe0  __TI_int00              
0000ffe4  __TI_int02              
0000ffe6  __TI_int03              
0000ffea  __TI_int05              
0000ffec  __TI_int06              
0000ffee  __TI_int07              
0000fff0  __TI_int08              
0000fff2  __TI_int09              
0000fff4  __TI_int10              
0000fff6  __TI_int11              
0000fff8  __TI_int12              
0000fffa  __TI_int13              
0000fffc  __TI_int14              
ffffffff  __TI_pprof_out_hndl     
ffffffff  __TI_prof_data_size     
ffffffff  __TI_prof_data_start    
0000d646  __TI_zero_init          
ffffffff  __c_args__              
0000d292  __mspabi_cmpf           
0000cc8e  __mspabi_cvtdf          
0000ce0a  __mspabi_cvtfd          
0000cac0  __mspabi_divf           
0000d520  __mspabi_divi           
0000d606  __mspabi_divu           
0000d578  __mspabi_fixdi          
0000ce7c  __mspabi_fixdli         
0000cfc8  __mspabi_fixfi          
0000d720  __mspabi_fltid          
0000d454  __mspabi_fltif          
0000ca14  __mspabi_fltlid         
0000d6e6  __mspabi_func_epilog_1  
0000d6e4  __mspabi_func_epilog_2  
0000d6e2  __mspabi_func_epilog_3  
0000d6e0  __mspabi_func_epilog_4  
0000d6de  __mspabi_func_epilog_5  
0000d6dc  __mspabi_func_epilog_6  
0000d6da  __mspabi_func_epilog_7  
0000c286  __mspabi_mpyd           
0000d65a  __mspabi_mpyi           
0000d65a  __mspabi_mpyi_sw        
0000d5c6  __mspabi_mpyl           
0000d5c6  __mspabi_mpyl_sw        
0000d520  __mspabi_remi           
0000d606  __mspabi_remu           
0000d54c  __mspabi_slli           
0000d574  __mspabi_slli_1         
0000d562  __mspabi_slli_10        
0000d560  __mspabi_slli_11        
0000d55e  __mspabi_slli_12        
0000d55c  __mspabi_slli_13        
0000d55a  __mspabi_slli_14        
0000d558  __mspabi_slli_15        
0000d572  __mspabi_slli_2         
0000d570  __mspabi_slli_3         
0000d56e  __mspabi_slli_4         
0000d56c  __mspabi_slli_5         
0000d56a  __mspabi_slli_6         
0000d568  __mspabi_slli_7         
0000d566  __mspabi_slli_8         
0000d564  __mspabi_slli_9         
0000d3dc  __mspabi_slll_1         
0000d3b8  __mspabi_slll_10        
0000d3b4  __mspabi_slll_11        
0000d3b0  __mspabi_slll_12        
0000d3ac  __mspabi_slll_13        
0000d3a8  __mspabi_slll_14        
0000d3a4  __mspabi_slll_15        
0000d3d8  __mspabi_slll_2         
0000d3d4  __mspabi_slll_3         
0000d3d0  __mspabi_slll_4         
0000d3cc  __mspabi_slll_5         
0000d3c8  __mspabi_slll_6         
0000d3c4  __mspabi_slll_7         
0000d3c0  __mspabi_slll_8         
0000d3bc  __mspabi_slll_9         
0000d4f4  __mspabi_srai           
0000d51c  __mspabi_srai_1         
0000d50a  __mspabi_srai_10        
0000d508  __mspabi_srai_11        
0000d506  __mspabi_srai_12        
0000d504  __mspabi_srai_13        
0000d502  __mspabi_srai_14        
0000d500  __mspabi_srai_15        
0000d51a  __mspabi_srai_2         
0000d518  __mspabi_srai_3         
0000d516  __mspabi_srai_4         
0000d514  __mspabi_srai_5         
0000d512  __mspabi_srai_6         
0000d510  __mspabi_srai_7         
0000d50e  __mspabi_srai_8         
0000d50c  __mspabi_srai_9         
0000d39e  __mspabi_sral_1         
0000d37a  __mspabi_sral_10        
0000d376  __mspabi_sral_11        
0000d372  __mspabi_sral_12        
0000d36e  __mspabi_sral_13        
0000d36a  __mspabi_sral_14        
0000d366  __mspabi_sral_15        
0000d39a  __mspabi_sral_2         
0000d396  __mspabi_sral_3         
0000d392  __mspabi_sral_4         
0000d38e  __mspabi_sral_5         
0000d38a  __mspabi_sral_6         
0000d386  __mspabi_sral_7         
0000d382  __mspabi_sral_8         
0000d37e  __mspabi_sral_9         
0000d1fc  __mspabi_srli           
0000d242  __mspabi_srli_1         
0000d21e  __mspabi_srli_10        
0000d21a  __mspabi_srli_11        
0000d216  __mspabi_srli_12        
0000d212  __mspabi_srli_13        
0000d20e  __mspabi_srli_14        
0000d20a  __mspabi_srli_15        
0000d23e  __mspabi_srli_2         
0000d23a  __mspabi_srli_3         
0000d236  __mspabi_srli_4         
0000d232  __mspabi_srli_5         
0000d22e  __mspabi_srli_6         
0000d22a  __mspabi_srli_7         
0000d226  __mspabi_srli_8         
0000d222  __mspabi_srli_9         
0000d6a4  __mspabi_srll           
0000d0ec  __mspabi_srll_1         
0000d0b6  __mspabi_srll_10        
0000d0b0  __mspabi_srll_11        
0000d0aa  __mspabi_srll_12        
0000d0a4  __mspabi_srll_13        
0000d09e  __mspabi_srll_14        
0000d098  __mspabi_srll_15        
0000d0e6  __mspabi_srll_2         
0000d0e0  __mspabi_srll_3         
0000d0da  __mspabi_srll_4         
0000d0d4  __mspabi_srll_5         
0000d0ce  __mspabi_srll_6         
0000d0c8  __mspabi_srll_7         
0000d0c2  __mspabi_srll_8         
0000d0bc  __mspabi_srll_9         
0000ceee  _auto_init              
0000d5ec  _c_int00_noargs_noexit  
0000d750  _ctypes_                
0000fffe  _reset_vector           
000003b0  _stack                  
0000d74e  _system_post_cinit      
0000d74a  _system_pre_init        
0000d744  abort                   
0000d1aa  atoi                    
0000025a  colors                  
0000d150  copy_in                 
00000210  dontPrintInd            
0000d4c0  enterLPM                
00000202  fl_R                    
00000206  fl_T                    
0000cbf6  floatToPrint            
00000212  gobacktosleepind        
00000224  input                   
00000254  input_slot              
00000258  j                       
0000d3e2  lcd_cmd                 
00000234  lcd_counter             
0000d0f4  lcd_data                
0000c966  lcd_init                
0000d248  lcd_puts                
0000d6b6  lcd_strobe              
00000266  lpm_mode                
0000c8a2  main                    
0000d6c8  memcpy                  
0000d73c  startADC                
0000c798  startTimer0A0           
0000cf5c  startTimer1A0           
00000268  state                   
0000d48a  state1Func              
0000c64a  state2Func              
00000238  state3Flag              
0000020e  state3FlagThou          
0000d030  state3Func              
00000236  state3ind               
0000cb5c  state5Func              
0000d2dc  state7Func              
00000252  state_or_getString      
00000250  state_or_set_x          
0000d61c  sysConfig               
0000020c  th_x                    
0000020a  th_x_ind                
0000023a  time                    
00000242  tone_series             
00000256  x                       


GLOBAL SYMBOLS: SORTED BY Symbol Address 

address   name                    
-------   ----                    
00000000  IE1                     
00000001  IE2                     
00000002  IFG1                    
00000003  IFG2                    
00000010  P3REN                   
00000018  P3IN                    
00000019  P3OUT                   
0000001a  P3DIR                   
0000001b  P3SEL                   
00000020  P1IN                    
00000021  P1OUT                   
00000022  P1DIR                   
00000023  P1IFG                   
00000024  P1IES                   
00000025  P1IE                    
00000026  P1SEL                   
00000027  P1REN                   
00000028  P2IN                    
00000029  P2OUT                   
0000002a  P2DIR                   
0000002b  P2IFG                   
0000002c  P2IES                   
0000002d  P2IE                    
0000002e  P2SEL                   
0000002f  P2REN                   
00000041  P1SEL2                  
00000042  P2SEL2                  
00000043  P3SEL2                  
00000048  ADC10DTC0               
00000049  ADC10DTC1               
0000004a  ADC10AE0                
00000050  __STACK_SIZE            
00000053  BCSCTL3                 
00000056  DCOCTL                  
00000057  BCSCTL1                 
00000058  BCSCTL2                 
00000059  CACTL1                  
0000005a  CACTL2                  
0000005b  CAPD                    
0000005d  UCA0ABCTL               
0000005e  UCA0IRTCTL              
0000005f  UCA0IRRCTL              
00000060  UCA0CTL0                
00000061  UCA0CTL1                
00000062  UCA0BR0                 
00000063  UCA0BR1                 
00000064  UCA0MCTL                
00000065  UCA0STAT                
00000066  UCA0RXBUF               
00000067  UCA0TXBUF               
00000068  UCB0CTL0                
00000069  UCB0CTL1                
0000006a  UCB0BR0                 
0000006b  UCB0BR1                 
0000006c  UCB0I2CIE               
0000006d  UCB0STAT                
0000006e  UCB0RXBUF               
0000006f  UCB0TXBUF               
00000118  UCB0I2COA               
0000011a  UCB0I2CSA               
0000011e  TA1IV                   
00000120  WDTCTL                  
00000128  FCTL1                   
0000012a  FCTL2                   
0000012c  FCTL3                   
0000012e  TA0IV                   
00000160  TA0CTL                  
00000162  TA0CCTL0                
00000164  TA0CCTL1                
00000166  TA0CCTL2                
00000170  TA0R                    
00000172  TA0CCR0                 
00000174  TA0CCR1                 
00000176  TA0CCR2                 
00000180  TA1CTL                  
00000182  TA1CCTL0                
00000184  TA1CCTL1                
00000186  TA1CCTL2                
00000190  TA1R                    
00000192  TA1CCR0                 
00000194  TA1CCR1                 
00000196  TA1CCR2                 
000001b0  ADC10CTL0               
000001b2  ADC10CTL1               
000001b4  ADC10MEM                
000001bc  ADC10SA                 
00000200  Count                   
00000202  fl_R                    
00000206  fl_T                    
0000020a  th_x_ind                
0000020c  th_x                    
0000020e  state3FlagThou          
00000210  dontPrintInd            
00000212  gobacktosleepind        
00000214  Stringinput             
00000224  input                   
00000234  lcd_counter             
00000236  state3ind               
00000238  state3Flag              
0000023a  time                    
0000023e  Vlevel                  
00000240  Vreel                   
00000242  tone_series             
00000250  state_or_set_x          
00000252  state_or_getString      
00000254  input_slot              
00000256  x                       
00000258  j                       
0000025a  colors                  
00000262  Volt                    
00000266  lpm_mode                
00000268  state                   
000003b0  _stack                  
00000400  __STACK_END             
000010c0  TLV_CHECKSUM            
000010da  TLV_ADC10_1_TAG         
000010db  TLV_ADC10_1_LEN         
000010f6  TLV_DCO_30_TAG          
000010f7  TLV_DCO_30_LEN          
000010f8  CALDCO_16MHZ            
000010f9  CALBC1_16MHZ            
000010fa  CALDCO_12MHZ            
000010fb  CALBC1_12MHZ            
000010fc  CALDCO_8MHZ             
000010fd  CALBC1_8MHZ             
000010fe  CALDCO_1MHZ             
000010ff  CALBC1_1MHZ             
0000c000  __TI_frcmpyd            
0000c286  __mspabi_mpyd           
0000c4f4  USCI0RX_ISR             
0000c64a  state2Func              
0000c798  startTimer0A0           
0000c8a2  main                    
0000c966  lcd_init                
0000ca14  __mspabi_fltlid         
0000cac0  __mspabi_divf           
0000cb5c  state5Func              
0000cbf6  floatToPrint            
0000cc8e  __mspabi_cvtdf          
0000cd1a  __TI_decompress_lzss    
0000cd96  GPIOconfig              
0000ce0a  __mspabi_cvtfd          
0000ce7c  __mspabi_fixdli         
0000ceee  _auto_init              
0000cf5c  startTimer1A0           
0000cfc8  __mspabi_fixfi          
0000d030  state3Func              
0000d098  __mspabi_srll_15        
0000d09e  __mspabi_srll_14        
0000d0a4  __mspabi_srll_13        
0000d0aa  __mspabi_srll_12        
0000d0b0  __mspabi_srll_11        
0000d0b6  __mspabi_srll_10        
0000d0bc  __mspabi_srll_9         
0000d0c2  __mspabi_srll_8         
0000d0c8  __mspabi_srll_7         
0000d0ce  __mspabi_srll_6         
0000d0d4  __mspabi_srll_5         
0000d0da  __mspabi_srll_4         
0000d0e0  __mspabi_srll_3         
0000d0e6  __mspabi_srll_2         
0000d0ec  __mspabi_srll_1         
0000d0f4  lcd_data                
0000d150  copy_in                 
0000d1aa  atoi                    
0000d1fc  __mspabi_srli           
0000d20a  __mspabi_srli_15        
0000d20e  __mspabi_srli_14        
0000d212  __mspabi_srli_13        
0000d216  __mspabi_srli_12        
0000d21a  __mspabi_srli_11        
0000d21e  __mspabi_srli_10        
0000d222  __mspabi_srli_9         
0000d226  __mspabi_srli_8         
0000d22a  __mspabi_srli_7         
0000d22e  __mspabi_srli_6         
0000d232  __mspabi_srli_5         
0000d236  __mspabi_srli_4         
0000d23a  __mspabi_srli_3         
0000d23e  __mspabi_srli_2         
0000d242  __mspabi_srli_1         
0000d248  lcd_puts                
0000d292  __mspabi_cmpf           
0000d2dc  state7Func              
0000d322  UARTConfig              
0000d366  __mspabi_sral_15        
0000d36a  __mspabi_sral_14        
0000d36e  __mspabi_sral_13        
0000d372  __mspabi_sral_12        
0000d376  __mspabi_sral_11        
0000d37a  __mspabi_sral_10        
0000d37e  __mspabi_sral_9         
0000d382  __mspabi_sral_8         
0000d386  __mspabi_sral_7         
0000d38a  __mspabi_sral_6         
0000d38e  __mspabi_sral_5         
0000d392  __mspabi_sral_4         
0000d396  __mspabi_sral_3         
0000d39a  __mspabi_sral_2         
0000d39e  __mspabi_sral_1         
0000d3a4  __mspabi_slll_15        
0000d3a8  __mspabi_slll_14        
0000d3ac  __mspabi_slll_13        
0000d3b0  __mspabi_slll_12        
0000d3b4  __mspabi_slll_11        
0000d3b8  __mspabi_slll_10        
0000d3bc  __mspabi_slll_9         
0000d3c0  __mspabi_slll_8         
0000d3c4  __mspabi_slll_7         
0000d3c8  __mspabi_slll_6         
0000d3cc  __mspabi_slll_5         
0000d3d0  __mspabi_slll_4         
0000d3d4  __mspabi_slll_3         
0000d3d8  __mspabi_slll_2         
0000d3dc  __mspabi_slll_1         
0000d3e2  lcd_cmd                 
0000d41e  Timer_A                 
0000d454  __mspabi_fltif          
0000d48a  state1Func              
0000d4c0  enterLPM                
0000d4f4  __mspabi_srai           
0000d500  __mspabi_srai_15        
0000d502  __mspabi_srai_14        
0000d504  __mspabi_srai_13        
0000d506  __mspabi_srai_12        
0000d508  __mspabi_srai_11        
0000d50a  __mspabi_srai_10        
0000d50c  __mspabi_srai_9         
0000d50e  __mspabi_srai_8         
0000d510  __mspabi_srai_7         
0000d512  __mspabi_srai_6         
0000d514  __mspabi_srai_5         
0000d516  __mspabi_srai_4         
0000d518  __mspabi_srai_3         
0000d51a  __mspabi_srai_2         
0000d51c  __mspabi_srai_1         
0000d520  __mspabi_divi           
0000d520  __mspabi_remi           
0000d54c  __mspabi_slli           
0000d558  __mspabi_slli_15        
0000d55a  __mspabi_slli_14        
0000d55c  __mspabi_slli_13        
0000d55e  __mspabi_slli_12        
0000d560  __mspabi_slli_11        
0000d562  __mspabi_slli_10        
0000d564  __mspabi_slli_9         
0000d566  __mspabi_slli_8         
0000d568  __mspabi_slli_7         
0000d56a  __mspabi_slli_6         
0000d56c  __mspabi_slli_5         
0000d56e  __mspabi_slli_4         
0000d570  __mspabi_slli_3         
0000d572  __mspabi_slli_2         
0000d574  __mspabi_slli_1         
0000d578  __mspabi_fixdi          
0000d5a0  PWM                     
0000d5c6  __mspabi_mpyl           
0000d5c6  __mspabi_mpyl_sw        
0000d5ec  _c_int00_noargs_noexit  
0000d606  __mspabi_divu           
0000d606  __mspabi_remu           
0000d61c  sysConfig               
0000d632  DelayMs                 
0000d646  __TI_zero_init          
0000d65a  __mspabi_mpyi           
0000d65a  __mspabi_mpyi_sw        
0000d66e  ADCconfig               
0000d680  Timer1_A0_ISR           
0000d692  __TI_decompress_none    
0000d6a4  __mspabi_srll           
0000d6b6  lcd_strobe              
0000d6c8  memcpy                  
0000d6da  __mspabi_func_epilog_7  
0000d6dc  __mspabi_func_epilog_6  
0000d6de  __mspabi_func_epilog_5  
0000d6e0  __mspabi_func_epilog_4  
0000d6e2  __mspabi_func_epilog_3  
0000d6e4  __mspabi_func_epilog_2  
0000d6e6  __mspabi_func_epilog_1  
0000d6ea  DelayUs                 
0000d6f8  TIMER0_A0_config        
0000d706  TIMER1_A0_config        
0000d714  ADC10_ISR               
0000d720  __mspabi_fltid          
0000d72c  ADCoff                  
0000d734  __TI_ISR_TRAP           
0000d73c  startADC                
0000d744  C$$EXIT                 
0000d744  abort                   
0000d74a  _system_pre_init        
0000d74e  _system_post_cinit      
0000d750  _ctypes_                
0000d88c  __TI_Handler_Table_Base 
0000d892  __TI_Handler_Table_Limit
0000d896  __TI_CINIT_Base         
0000d89e  __TI_CINIT_Limit        
0000ffe0  __TI_int00              
0000ffe4  __TI_int02              
0000ffe6  __TI_int03              
0000ffea  __TI_int05              
0000ffec  __TI_int06              
0000ffee  __TI_int07              
0000fff0  __TI_int08              
0000fff2  __TI_int09              
0000fff4  __TI_int10              
0000fff6  __TI_int11              
0000fff8  __TI_int12              
0000fffa  __TI_int13              
0000fffc  __TI_int14              
0000fffe  _reset_vector           
ffffffff  __TI_pprof_out_hndl     
ffffffff  __TI_prof_data_size     
ffffffff  __TI_prof_data_start    
ffffffff  __c_args__              
UNDEFED   __TI_BINIT_Base         
UNDEFED   __TI_BINIT_Limit        
UNDEFED   __TI_INITARRAY_Base     
UNDEFED   __TI_INITARRAY_Limit    

[318 symbols]
